Archive member included to satisfy reference by file (symbol)

/home/harsh/LPC 54114/lpc_board_lpcxpresso_54114/Debug/liblpc_board_lpcxpresso_54114.a(board.o)
                              ./src/uart_rb.o (Board_LED_Set)
/home/harsh/LPC 54114/lpc_board_lpcxpresso_54114/Debug/liblpc_board_lpcxpresso_54114.a(board_sysinit.o)
                              ./src/sysinit.o (Board_SystemInit)
/home/harsh/LPC 54114/lpc_chip_5411x/Debug/liblpc_chip_5411x.a(chip_5411x.o)
                              ./src/uart_rb.o (SystemCoreClockUpdate)
/home/harsh/LPC 54114/lpc_chip_5411x/Debug/liblpc_chip_5411x.a(clock_5411x.o)
                              /home/harsh/LPC 54114/lpc_board_lpcxpresso_54114/Debug/liblpc_board_lpcxpresso_54114.a(board.o) (Chip_Clock_EnablePeriphClock)
/home/harsh/LPC 54114/lpc_chip_5411x/Debug/liblpc_chip_5411x.a(fpu_init.o)
                              ./src/sysinit.o (fpuInit)
/home/harsh/LPC 54114/lpc_chip_5411x/Debug/liblpc_chip_5411x.a(pll_5411x.o)
                              /home/harsh/LPC 54114/lpc_chip_5411x/Debug/liblpc_chip_5411x.a(clock_5411x.o) (Chip_Clock_GetSystemPLLOutClockRate)
/home/harsh/LPC 54114/lpc_chip_5411x/Debug/liblpc_chip_5411x.a(ring_buffer.o)
                              ./src/uart_rb.o (RingBuffer_Init)
/home/harsh/LPC 54114/lpc_chip_5411x/Debug/liblpc_chip_5411x.a(syscon_5411x.o)
                              /home/harsh/LPC 54114/lpc_board_lpcxpresso_54114/Debug/liblpc_board_lpcxpresso_54114.a(board_sysinit.o) (Chip_SYSCON_PowerUp)
/home/harsh/LPC 54114/lpc_chip_5411x/Debug/liblpc_chip_5411x.a(sysinit_5411x.o)
                              /home/harsh/LPC 54114/lpc_board_lpcxpresso_54114/Debug/liblpc_board_lpcxpresso_54114.a(board_sysinit.o) (Chip_SetupFROClocking)
/home/harsh/LPC 54114/lpc_chip_5411x/Debug/liblpc_chip_5411x.a(uart_5411x.o)
                              ./src/uart_rb.o (Chip_UART_Init)
/home/harsh/LPC 54114/lpc_chip_5411x/Debug/liblpc_chip_5411x.a(flexcomm_5411x.o)
                              /home/harsh/LPC 54114/lpc_chip_5411x/Debug/liblpc_chip_5411x.a(uart_5411x.o) (Chip_FLEXCOMM_GetIndex)
/home/harsh/LPC 54114/lpc_chip_5411x/libs/libpower.a(power_library.o)
                              /home/harsh/LPC 54114/lpc_chip_5411x/Debug/liblpc_chip_5411x.a(sysinit_5411x.o) (Chip_POWER_SetFROHFRate)
/usr/local/mcuxpressoide-10.3.1_2233/ide/plugins/com.nxp.mcuxpresso.tools.linux_10.3.0.201811011841/tools/bin/../lib/gcc/arm-none-eabi/7.3.1/../../../../arm-none-eabi/lib/thumb/v7e-m/fpv4-sp/softfp/libcr_nohost.a(_cr__main.o)
                              ./src/cr_startup_lpc5411x.o (__main)
/usr/local/mcuxpressoide-10.3.1_2233/ide/plugins/com.nxp.mcuxpresso.tools.linux_10.3.0.201811011841/tools/bin/../lib/gcc/arm-none-eabi/7.3.1/../../../../arm-none-eabi/lib/thumb/v7e-m/fpv4-sp/softfp/libcr_c.a(memcpy.o)
                              /home/harsh/LPC 54114/lpc_chip_5411x/Debug/liblpc_chip_5411x.a(ring_buffer.o) (memcpy)
/usr/local/mcuxpressoide-10.3.1_2233/ide/plugins/com.nxp.mcuxpresso.tools.linux_10.3.0.201811011841/tools/bin/../lib/gcc/arm-none-eabi/7.3.1/../../../../arm-none-eabi/lib/thumb/v7e-m/fpv4-sp/softfp/libcr_c.a(fpprintf.o)
                              ./src/uart_rb.o (sprintf)
/usr/local/mcuxpressoide-10.3.1_2233/ide/plugins/com.nxp.mcuxpresso.tools.linux_10.3.0.201811011841/tools/bin/../lib/gcc/arm-none-eabi/7.3.1/../../../../arm-none-eabi/lib/thumb/v7e-m/fpv4-sp/softfp/libcr_c.a(initio.o)
                              /usr/local/mcuxpressoide-10.3.1_2233/ide/plugins/com.nxp.mcuxpresso.tools.linux_10.3.0.201811011841/tools/bin/../lib/gcc/arm-none-eabi/7.3.1/../../../../arm-none-eabi/lib/thumb/v7e-m/fpv4-sp/softfp/libcr_nohost.a(_cr__main.o) (_initio)
/usr/local/mcuxpressoide-10.3.1_2233/ide/plugins/com.nxp.mcuxpresso.tools.linux_10.3.0.201811011841/tools/bin/../lib/gcc/arm-none-eabi/7.3.1/../../../../arm-none-eabi/lib/thumb/v7e-m/fpv4-sp/softfp/libcr_c.a(printf.o)
                              /usr/local/mcuxpressoide-10.3.1_2233/ide/plugins/com.nxp.mcuxpresso.tools.linux_10.3.0.201811011841/tools/bin/../lib/gcc/arm-none-eabi/7.3.1/../../../../arm-none-eabi/lib/thumb/v7e-m/fpv4-sp/softfp/libcr_c.a(fpprintf.o) (__vfprintf)
/usr/local/mcuxpressoide-10.3.1_2233/ide/plugins/com.nxp.mcuxpresso.tools.linux_10.3.0.201811011841/tools/bin/../lib/gcc/arm-none-eabi/7.3.1/../../../../arm-none-eabi/lib/thumb/v7e-m/fpv4-sp/softfp/libcr_c.a(setvbuf.o)
                              /usr/local/mcuxpressoide-10.3.1_2233/ide/plugins/com.nxp.mcuxpresso.tools.linux_10.3.0.201811011841/tools/bin/../lib/gcc/arm-none-eabi/7.3.1/../../../../arm-none-eabi/lib/thumb/v7e-m/fpv4-sp/softfp/libcr_c.a(initio.o) (setvbuf)
/usr/local/mcuxpressoide-10.3.1_2233/ide/plugins/com.nxp.mcuxpresso.tools.linux_10.3.0.201811011841/tools/bin/../lib/gcc/arm-none-eabi/7.3.1/../../../../arm-none-eabi/lib/thumb/v7e-m/fpv4-sp/softfp/libcr_c.a(strlen.o)
                              ./src/uart_rb.o (strlen)
[...]
Memory Configuration

Name             Origin             Length             Attributes
MFlash256        0x0000000000000000 0x0000000000040000 xr
Ram0_64          0x0000000020000000 0x0000000000010000 xrw
Ram1_64          0x0000000020010000 0x0000000000010000 xrw
Ram2_32          0x0000000020020000 0x0000000000008000 xrw
RamX_32          0x0000000004000000 0x0000000000008000 xrw
*default*        0x0000000000000000 0xffffffffffffffff

Linker script and memory map

LOAD ./src/cr_startup_lpc5411x.o
LOAD ./src/crp.o
LOAD ./src/sysinit.o
LOAD ./src/uart_rb.o
LOAD /home/harsh/LPC 54114/lpc_board_lpcxpresso_54114/Debug/liblpc_board_lpcxpresso_54114.a
LOAD /home/harsh/LPC 54114/lpc_chip_5411x/Debug/liblpc_chip_5411x.a
LOAD /home/harsh/LPC 54114/lpc_chip_5411x/libs/libpower.a
START GROUP
LOAD /usr/local/mcuxpressoide-10.3.1_2233/ide/plugins/com.nxp.mcuxpresso.tools.linux_10.3.0.201811011841/tools/bin/../lib/gcc/arm-none-eabi/7.3.1/../../../../arm-none-eabi/lib/thumb/v7e-m/fpv4-sp/softfp/libcr_nohost.a
LOAD /usr/local/mcuxpressoide-10.3.1_2233/ide/plugins/com.nxp.mcuxpresso.tools.linux_10.3.0.201811011841/tools/bin/../lib/gcc/arm-none-eabi/7.3.1/../../../../arm-none-eabi/lib/thumb/v7e-m/fpv4-sp/softfp/libcr_c.a
LOAD /usr/local/mcuxpressoide-10.3.1_2233/ide/plugins/com.nxp.mcuxpresso.tools.linux_10.3.0.201811011841/tools/bin/../lib/gcc/arm-none-eabi/7.3.1/thumb/v7e-m/fpv4-sp/softfp/libcr_eabihelpers.a
LOAD /usr/local/mcuxpressoide-10.3.1_2233/ide/plugins/com.nxp.mcuxpresso.tools.linux_10.3.0.201811011841/tools/bin/../lib/gcc/arm-none-eabi/7.3.1/thumb/v7e-m/fpv4-sp/softfp/libgcc.a
END GROUP
                0x0000000000000000                __base_MFlash256 = 0x0
                0x0000000000000000                __base_Flash = 0x0
                0x0000000000040000                __top_MFlash256 = 0x40000
                0x0000000000040000                __top_Flash = 0x40000
                0x0000000020000000                __base_Ram0_64 = 0x20000000
                0x0000000020000000                __base_RAM = 0x20000000
                0x0000000020010000                __top_Ram0_64 = 0x20010000
                0x0000000020010000                __top_RAM = 0x20010000
                0x0000000020010000                __base_Ram1_64 = 0x20010000
                0x0000000020010000                __base_RAM2 = 0x20010000
                0x0000000020020000                __top_Ram1_64 = 0x20020000
                0x0000000020020000                __top_RAM2 = 0x20020000
                0x0000000020020000                __base_Ram2_32 = 0x20020000
                0x0000000020020000                __base_RAM3 = 0x20020000
                0x0000000020028000                __top_Ram2_32 = 0x20028000
                0x0000000020028000                __top_RAM3 = 0x20028000
                0x0000000004000000                __base_RamX_32 = 0x4000000
                0x0000000004000000                __base_RAM4 = 0x4000000
                0x0000000004008000                __top_RamX_32 = 0x4008000
                0x0000000004008000                __top_RAM4 = 0x4008000

.text           0x0000000000000000     0x4f34
 FILL mask 0xff
                0x0000000000000000                __vectors_start__ = ABSOLUTE (.)
 *(.isr_vector)
 .isr_vector    0x0000000000000000       0xe0 ./src/cr_startup_lpc5411x.o
                0x0000000000000000                g_pfnVectors
                0x00000000000000e0                . = ALIGN (0x4)
                0x00000000000000e0                __section_table_start = .
                0x00000000000000e0                __data_section_table = .
                0x00000000000000e0        0x4 LONG 0x4f34 LOADADDR (.data)
                0x00000000000000e4        0x4 LONG 0x20000000 ADDR (.data)
                0x00000000000000e8        0x4 LONG 0x0 SIZEOF (.data)
                0x00000000000000ec        0x4 LONG 0x4f34 LOADADDR (.data_RAM2)
                0x00000000000000f0        0x4 LONG 0x20010000 ADDR (.data_RAM2)
                0x00000000000000f4        0x4 LONG 0x0 SIZEOF (.data_RAM2)
                0x00000000000000f8        0x4 LONG 0x4f34 LOADADDR (.data_RAM3)
                0x00000000000000fc        0x4 LONG 0x20020000 ADDR (.data_RAM3)
                0x0000000000000100        0x4 LONG 0x0 SIZEOF (.data_RAM3)
                0x0000000000000104        0x4 LONG 0x4f34 LOADADDR (.data_RAM4)
                0x0000000000000108        0x4 LONG 0x4000000 ADDR (.data_RAM4)
                0x000000000000010c        0x4 LONG 0x0 SIZEOF (.data_RAM4)
                0x0000000000000110                __data_section_table_end = .
                0x0000000000000110                __bss_section_table = .
                0x0000000000000110        0x4 LONG 0x20000000 ADDR (.bss)
                0x0000000000000114        0x4 LONG 0x6d8 SIZEOF (.bss)
                0x0000000000000118        0x4 LONG 0x20010000 ADDR (.bss_RAM2)
                0x000000000000011c        0x4 LONG 0x0 SIZEOF (.bss_RAM2)
                0x0000000000000120        0x4 LONG 0x20020000 ADDR (.bss_RAM3)
                0x0000000000000124        0x4 LONG 0x0 SIZEOF (.bss_RAM3)
                0x0000000000000128        0x4 LONG 0x4000000 ADDR (.bss_RAM4)
                0x000000000000012c        0x4 LONG 0x0 SIZEOF (.bss_RAM4)
                0x0000000000000130                __bss_section_table_end = .
                0x0000000000000130                __section_table_end = .
 *(.after_vectors*)
 .after_vectors
                0x0000000000000130       0xb8 ./src/cr_startup_lpc5411x.o
                0x0000000000000130                data_init
                0x0000000000000174                bss_init
                0x00000000000001ac                NMI_Handler
                0x00000000000001b2                HardFault_Handler
                0x00000000000001b8                MemManage_Handler
                0x00000000000001be                BusFault_Handler
                0x00000000000001c4                UsageFault_Handler
                0x00000000000001ca                SVC_Handler
                0x00000000000001d0                DebugMon_Handler
                0x00000000000001d6                PendSV_Handler
                0x00000000000001dc                SysTick_Handler
                0x00000000000001e2                SCT0_IRQHandler
                0x00000000000001e2                WDT_BOD_IRQHandler
                0x00000000000001e2                FLEXCOMM5_IRQHandler
                0x00000000000001e2                FLEXCOMM7_IRQHandler
                0x00000000000001e2                MRT_IRQHandler
                0x00000000000001e2                ADC_SEQB_IRQHandler
                0x00000000000001e2                HWVAD_IRQHandler
                0x00000000000001e2                FLEXCOMM3_IRQHandler
                0x00000000000001e2                CT32B2_IRQHandler
                0x00000000000001e2                PIN_INT6_IRQHandler
                0x00000000000001e2                IntDefaultHandler
                0x00000000000001e2                PIN_INT4_IRQHandler
                0x00000000000001e2                FLEXCOMM6_IRQHandler
                0x00000000000001e2                RTC_IRQHandler
                0x00000000000001e2                FLEXCOMM0_IRQHandler
                0x00000000000001e2                USB_NEEDCLK_IRQHandler
                0x00000000000001e2                CT32B3_IRQHandler
                0x00000000000001e2                CT32B1_IRQHandler
                0x00000000000001e2                PIN_INT5_IRQHandler
                0x00000000000001e2                PIN_INT2_IRQHandler
                0x00000000000001e2                PIN_INT7_IRQHandler
                0x00000000000001e2                ADC_THCMP_IRQHandler
                0x00000000000001e2                PIN_INT1_IRQHandler
                0x00000000000001e2                USB_IRQHandler
                0x00000000000001e2                CT32B4_IRQHandler
                0x00000000000001e2                IOH_IRQHandler
                0x00000000000001e2                MAILBOX_IRQHandler
                0x00000000000001e2                ADC_SEQA_IRQHandler
                0x00000000000001e2                PIN_INT0_IRQHandler
                0x00000000000001e2                SPIFI_IRQHandler
                0x00000000000001e2                UTICK_IRQHandler
                0x00000000000001e2                CT32B0_IRQHandler
                0x00000000000001e2                GINT0_IRQHandler
                0x00000000000001e2                FLEXCOMM4_IRQHandler
                0x00000000000001e2                FLEXCOMM1_IRQHandler
                0x00000000000001e2                DMA_IRQHandler
                0x00000000000001e2                Reserved38_IRQHandler
                0x00000000000001e2                PIN_INT3_IRQHandler
                0x00000000000001e2                GINT1_IRQHandler
                0x00000000000001e2                DMIC_IRQHandler
 .after_vectors.reset
                0x00000000000001e8       0xc8 ./src/cr_startup_lpc5411x.o
                0x00000000000001e8                ResetISR
 *(.text*)
 .text.SystemInit
                0x00000000000002b0       0x20 ./src/sysinit.o
                0x00000000000002b0                SystemInit
 .text.NVIC_EnableIRQ
                0x00000000000002d0       0x34 ./src/uart_rb.o
 .text.Chip_IOCON_PinMuxSet
                0x0000000000000304       0x2e ./src/uart_rb.o
 .text.Chip_UART_Enable
                0x0000000000000332       0x20 ./src/uart_rb.o
 .text.Chip_UART_TXEnable
                0x0000000000000352       0x20 ./src/uart_rb.o
 .text.Chip_UART_IntEnable
                0x0000000000000372       0x1c ./src/uart_rb.o
 *fill*         0x000000000000038e        0x2 ff
 .text.Chip_UART_ConfigData
                0x0000000000000390       0x2c ./src/uart_rb.o
 .text.Chip_UART_SetFIFOTrigLevel
                0x00000000000003bc       0x3a ./src/uart_rb.o
 .text.Chip_UART_EnableFIFOInts
                0x00000000000003f6       0x22 ./src/uart_rb.o
 .text.Init_UART_PinMux
                0x0000000000000418       0x28 ./src/uart_rb.o
 .text.FLEXCOMM2_IRQHandler
                0x0000000000000440       0x24 ./src/uart_rb.o
                0x0000000000000440                FLEXCOMM2_IRQHandler
 .text.main     0x0000000000000464      0x2e8 ./src/uart_rb.o
                0x0000000000000464                main
 .text.Board_LED_Init
                0x000000000000074c       0x44 /home/harsh/LPC 54114/lpc_board_lpcxpresso_54114/Debug/liblpc_board_lpcxpresso_54114.a(board.o)
 .text.Board_TestIO_Init
                0x0000000000000790       0x44 /home/harsh/LPC 54114/lpc_board_lpcxpresso_54114/Debug/liblpc_board_lpcxpresso_54114.a(board.o)
 .text.Board_Button_Init
                0x00000000000007d4       0x40 /home/harsh/LPC 54114/lpc_board_lpcxpresso_54114/Debug/liblpc_board_lpcxpresso_54114.a(board.o)
 .text.Board_UART_Init
                0x0000000000000814       0x3c /home/harsh/LPC 54114/lpc_board_lpcxpresso_54114/Debug/liblpc_board_lpcxpresso_54114.a(board.o)
 .text.Board_LED_Set
                0x0000000000000850       0x28 /home/harsh/LPC 54114/lpc_board_lpcxpresso_54114/Debug/liblpc_board_lpcxpresso_54114.a(board.o)
                0x0000000000000850                Board_LED_Set
 .text.Board_LED_Toggle
                0x0000000000000878       0x28 /home/harsh/LPC 54114/lpc_board_lpcxpresso_54114/Debug/liblpc_board_lpcxpresso_54114.a(board.o)
                0x0000000000000878                Board_LED_Toggle
 .text.Board_UARTPutChar
                0x00000000000008a0       0x1c /home/harsh/LPC 54114/lpc_board_lpcxpresso_54114/Debug/liblpc_board_lpcxpresso_54114.a(board.o)
                0x00000000000008a0                Board_UARTPutChar
 .text.__sys_write
                0x00000000000008bc       0x1a /home/harsh/LPC 54114/lpc_board_lpcxpresso_54114/Debug/liblpc_board_lpcxpresso_54114.a(board.o)
                0x00000000000008bc                __sys_write
 .text.Board_Debug_Init
                0x00000000000008d6        0x8 /home/harsh/LPC 54114/lpc_board_lpcxpresso_54114/Debug/liblpc_board_lpcxpresso_54114.a(board.o)
                0x00000000000008d6                Board_Debug_Init
 .text.Board_Init
                0x00000000000008de       0x58 /home/harsh/LPC 54114/lpc_board_lpcxpresso_54114/Debug/liblpc_board_lpcxpresso_54114.a(board.o)
                0x00000000000008de                Board_Init
 *fill*         0x0000000000000936        0x2 ff
 .text.ConfigureBridgeSSEL
                0x0000000000000938       0x8c /home/harsh/LPC 54114/lpc_board_lpcxpresso_54114/Debug/liblpc_board_lpcxpresso_54114.a(board_sysinit.o)
 .text.Board_SetupMuxing
                0x00000000000009c4       0x38 /home/harsh/LPC 54114/lpc_board_lpcxpresso_54114/Debug/liblpc_board_lpcxpresso_54114.a(board_sysinit.o)
                0x00000000000009c4                Board_SetupMuxing
 .text.Board_SetupClocking
                0x00000000000009fc       0x28 /home/harsh/LPC 54114/lpc_board_lpcxpresso_54114/Debug/liblpc_board_lpcxpresso_54114.a(board_sysinit.o)
                0x00000000000009fc                Board_SetupClocking
 .text.Board_SystemInit
                0x0000000000000a24       0x20 /home/harsh/LPC 54114/lpc_board_lpcxpresso_54114/Debug/liblpc_board_lpcxpresso_54114.a(board_sysinit.o)
                0x0000000000000a24                Board_SystemInit
 .text.SystemCoreClockUpdate
                0x0000000000000a44       0x18 /home/harsh/LPC 54114/lpc_chip_5411x/Debug/liblpc_chip_5411x.a(chip_5411x.o)
                0x0000000000000a44                SystemCoreClockUpdate
 .text.Chip_Clock_GetExtClockInRate
                0x0000000000000a5c       0x18 /home/harsh/LPC 54114/lpc_chip_5411x/Debug/liblpc_chip_5411x.a(clock_5411x.o)
 .text.Chip_Clock_GetRTCOscRate
                0x0000000000000a74       0x12 /home/harsh/LPC 54114/lpc_chip_5411x/Debug/liblpc_chip_5411x.a(clock_5411x.o)
 *fill*         0x0000000000000a86        0x2 ff
 .text.Chip_Clock_GetFROHFRate
                0x0000000000000a88       0x2c /home/harsh/LPC 54114/lpc_chip_5411x/Debug/liblpc_chip_5411x.a(clock_5411x.o)
 .text.Chip_Clock_GetMain_A_ClockSource
                0x0000000000000ab4       0x1e /home/harsh/LPC 54114/lpc_chip_5411x/Debug/liblpc_chip_5411x.a(clock_5411x.o)
 .text.Chip_Clock_GetMain_B_ClockSource
                0x0000000000000ad2       0x18 /home/harsh/LPC 54114/lpc_chip_5411x/Debug/liblpc_chip_5411x.a(clock_5411x.o)
 .text.Chip_Clock_GetFRGClockSource
                0x0000000000000aea       0x1e /home/harsh/LPC 54114/lpc_chip_5411x/Debug/liblpc_chip_5411x.a(clock_5411x.o)
 .text.Chip_Clock_GetMain_A_ClockRate
                0x0000000000000b08       0x60 /home/harsh/LPC 54114/lpc_chip_5411x/Debug/liblpc_chip_5411x.a(clock_5411x.o)
                0x0000000000000b08                Chip_Clock_GetMain_A_ClockRate
 .text.Chip_Clock_GetMain_B_ClockRate
                0x0000000000000b68       0x40 /home/harsh/LPC 54114/lpc_chip_5411x/Debug/liblpc_chip_5411x.a(clock_5411x.o)
                0x0000000000000b68                Chip_Clock_GetMain_B_ClockRate
 .text.Chip_Clock_EnablePeriphClock
                0x0000000000000ba8       0x58 /home/harsh/LPC 54114/lpc_chip_5411x/Debug/liblpc_chip_5411x.a(clock_5411x.o)
                0x0000000000000ba8                Chip_Clock_EnablePeriphClock
 .text.Chip_Clock_GetMainClockRate
                0x0000000000000c00       0x28 /home/harsh/LPC 54114/lpc_chip_5411x/Debug/liblpc_chip_5411x.a(clock_5411x.o)
                0x0000000000000c00                Chip_Clock_GetMainClockRate
 .text.Chip_Clock_GetSystemClockRate
                0x0000000000000c28       0x1e /home/harsh/LPC 54114/lpc_chip_5411x/Debug/liblpc_chip_5411x.a(clock_5411x.o)
                0x0000000000000c28                Chip_Clock_GetSystemClockRate
 *fill*         0x0000000000000c46        0x2 ff
 .text.Chip_Clock_GetFRGInClockRate
                0x0000000000000c48       0x60 /home/harsh/LPC 54114/lpc_chip_5411x/Debug/liblpc_chip_5411x.a(clock_5411x.o)
                0x0000000000000c48                Chip_Clock_GetFRGInClockRate
 .text.Chip_Clock_GetWDTOSCRate
                0x0000000000000ca8       0x70 /home/harsh/LPC 54114/lpc_chip_5411x/Debug/liblpc_chip_5411x.a(clock_5411x.o)
                0x0000000000000ca8                Chip_Clock_GetWDTOSCRate
 .text.fpuInit  0x0000000000000d18       0x74 /home/harsh/LPC 54114/lpc_chip_5411x/Debug/liblpc_chip_5411x.a(fpu_init.o)
                0x0000000000000d18                fpuInit
 .text.Chip_Clock_GetExtClockInRate
                0x0000000000000d8c       0x18 /home/harsh/LPC 54114/lpc_chip_5411x/Debug/liblpc_chip_5411x.a(pll_5411x.o)
 .text.Chip_Clock_GetRTCOscRate
                0x0000000000000da4       0x12 /home/harsh/LPC 54114/lpc_chip_5411x/Debug/liblpc_chip_5411x.a(pll_5411x.o)
 .text.pllDecodeN
                0x0000000000000db6       0xa0 /home/harsh/LPC 54114/lpc_chip_5411x/Debug/liblpc_chip_5411x.a(pll_5411x.o)
 .text.pllDecodeP
                0x0000000000000e56       0x88 /home/harsh/LPC 54114/lpc_chip_5411x/Debug/liblpc_chip_5411x.a(pll_5411x.o)
 *fill*         0x0000000000000ede        0x2 ff
 .text.pllDecodeM
                0x0000000000000ee0       0xa0 /home/harsh/LPC 54114/lpc_chip_5411x/Debug/liblpc_chip_5411x.a(pll_5411x.o)
 .text.findPllPreDiv
                0x0000000000000f80       0x3a /home/harsh/LPC 54114/lpc_chip_5411x/Debug/liblpc_chip_5411x.a(pll_5411x.o)
                0x0000000000000f80                findPllPreDiv
 .text.findPllPostDiv
                0x0000000000000fba       0x3e /home/harsh/LPC 54114/lpc_chip_5411x/Debug/liblpc_chip_5411x.a(pll_5411x.o)
                0x0000000000000fba                findPllPostDiv
 .text.findPllMMult
                0x0000000000000ff8       0x40 /home/harsh/LPC 54114/lpc_chip_5411x/Debug/liblpc_chip_5411x.a(pll_5411x.o)
                0x0000000000000ff8                findPllMMult
 .text.Chip_Clock_GetSystemPLLOutFromSetupUpdate
                0x0000000000001038       0x20 /home/harsh/LPC 54114/lpc_chip_5411x/Debug/liblpc_chip_5411x.a(pll_5411x.o)
 .text.Chip_Clock_GetSystemPLLInClockRate
                0x0000000000001058       0x68 /home/harsh/LPC 54114/lpc_chip_5411x/Debug/liblpc_chip_5411x.a(pll_5411x.o)
                0x0000000000001058                Chip_Clock_GetSystemPLLInClockRate
 .text.Chip_Clock_GetSystemPLLOutFromSetup
                0x00000000000010c0      0x14e /home/harsh/LPC 54114/lpc_chip_5411x/Debug/liblpc_chip_5411x.a(pll_5411x.o)
                0x00000000000010c0                Chip_Clock_GetSystemPLLOutFromSetup
 *fill*         0x000000000000120e        0x2 ff
 .text.Chip_Clock_GetSystemPLLOutClockRate
                0x0000000000001210       0x68 /home/harsh/LPC 54114/lpc_chip_5411x/Debug/liblpc_chip_5411x.a(pll_5411x.o)
                0x0000000000001210                Chip_Clock_GetSystemPLLOutClockRate
 .text.RingBuffer_GetCount
                0x0000000000001278       0x22 /home/harsh/LPC 54114/lpc_chip_5411x/Debug/liblpc_chip_5411x.a(ring_buffer.o)
 .text.RingBuffer_GetFree
                0x000000000000129a       0x1e /home/harsh/LPC 54114/lpc_chip_5411x/Debug/liblpc_chip_5411x.a(ring_buffer.o)
 .text.RingBuffer_IsFull
                0x00000000000012b8       0x26 /home/harsh/LPC 54114/lpc_chip_5411x/Debug/liblpc_chip_5411x.a(ring_buffer.o)
 .text.RingBuffer_IsEmpty
                0x00000000000012de       0x2a /home/harsh/LPC 54114/lpc_chip_5411x/Debug/liblpc_chip_5411x.a(ring_buffer.o)
 .text.RingBuffer_Init
                0x0000000000001308       0x50 /home/harsh/LPC 54114/lpc_chip_5411x/Debug/liblpc_chip_5411x.a(ring_buffer.o)
                0x0000000000001308                RingBuffer_Init
 .text.RingBuffer_Insert
                0x0000000000001358       0x5c /home/harsh/LPC 54114/lpc_chip_5411x/Debug/liblpc_chip_5411x.a(ring_buffer.o)
                0x0000000000001358                RingBuffer_Insert
 .text.RingBuffer_InsertMult
                0x00000000000013b4      0x122 /home/harsh/LPC 54114/lpc_chip_5411x/Debug/liblpc_chip_5411x.a(ring_buffer.o)
                0x00000000000013b4                RingBuffer_InsertMult
 .text.RingBuffer_Pop
                0x00000000000014d6       0x5c /home/harsh/LPC 54114/lpc_chip_5411x/Debug/liblpc_chip_5411x.a(ring_buffer.o)
                0x00000000000014d6                RingBuffer_Pop
 .text.RingBuffer_PopMult
                0x0000000000001532      0x122 /home/harsh/LPC 54114/lpc_chip_5411x/Debug/liblpc_chip_5411x.a(ring_buffer.o)
                0x0000000000001532                RingBuffer_PopMult
 .text.Chip_SYSCON_Enable_ASYNC_Syscon
                0x0000000000001654       0x2e /home/harsh/LPC 54114/lpc_chip_5411x/Debug/liblpc_chip_5411x.a(syscon_5411x.o)
                0x0000000000001654                Chip_SYSCON_Enable_ASYNC_Syscon
 *fill*         0x0000000000001682        0x2 ff
 .text.Chip_SYSCON_PowerUp
                0x0000000000001684       0x8c /home/harsh/LPC 54114/lpc_chip_5411x/Debug/liblpc_chip_5411x.a(syscon_5411x.o)
                0x0000000000001684                Chip_SYSCON_PowerUp
 .text.Chip_SYSCON_SetFLASHAccess
                0x0000000000001710       0x34 /home/harsh/LPC 54114/lpc_chip_5411x/Debug/liblpc_chip_5411x.a(sysinit_5411x.o)
 .text.Chip_Clock_SetMain_A_ClockSource
                0x0000000000001744       0x20 /home/harsh/LPC 54114/lpc_chip_5411x/Debug/liblpc_chip_5411x.a(sysinit_5411x.o)
 .text.Chip_Clock_SetMain_B_ClockSource
                0x0000000000001764       0x20 /home/harsh/LPC 54114/lpc_chip_5411x/Debug/liblpc_chip_5411x.a(sysinit_5411x.o)
 .text.Chip_Clock_SetAsyncSysconClockSource
                0x0000000000001784       0x20 /home/harsh/LPC 54114/lpc_chip_5411x/Debug/liblpc_chip_5411x.a(sysinit_5411x.o)
 .text.Chip_Clock_SetMainClockSource
                0x00000000000017a4       0x3c /home/harsh/LPC 54114/lpc_chip_5411x/Debug/liblpc_chip_5411x.a(sysinit_5411x.o)
 .text.setupFlashClocks
                0x00000000000017e0       0x68 /home/harsh/LPC 54114/lpc_chip_5411x/Debug/liblpc_chip_5411x.a(sysinit_5411x.o)
 .text.Chip_SetupFROClocking
                0x0000000000001848       0x6c /home/harsh/LPC 54114/lpc_chip_5411x/Debug/liblpc_chip_5411x.a(sysinit_5411x.o)
                0x0000000000001848                Chip_SetupFROClocking
 .text.Chip_SYSCON_SetUSARTFRGCtrl
                0x00000000000018b4       0x2c /home/harsh/LPC 54114/lpc_chip_5411x/Debug/liblpc_chip_5411x.a(uart_5411x.o)
 .text.Chip_Clock_SetFLEXCOMMClockSource
                0x00000000000018e0       0x26 /home/harsh/LPC 54114/lpc_chip_5411x/Debug/liblpc_chip_5411x.a(uart_5411x.o)
 .text.Chip_Clock_SetFRGClockSource
                0x0000000000001906       0x20 /home/harsh/LPC 54114/lpc_chip_5411x/Debug/liblpc_chip_5411x.a(uart_5411x.o)
 .text.Chip_Clock_GetFRGClockSource
                0x0000000000001926       0x1e /home/harsh/LPC 54114/lpc_chip_5411x/Debug/liblpc_chip_5411x.a(uart_5411x.o)
 .text.RingBuffer_IsEmpty
                0x0000000000001944       0x2a /home/harsh/LPC 54114/lpc_chip_5411x/Debug/liblpc_chip_5411x.a(uart_5411x.o)
 .text.Chip_UART_SendByte
                0x000000000000196e       0x20 /home/harsh/LPC 54114/lpc_chip_5411x/Debug/liblpc_chip_5411x.a(uart_5411x.o)
 .text.Chip_UART_ReadByte
                0x000000000000198e       0x1e /home/harsh/LPC 54114/lpc_chip_5411x/Debug/liblpc_chip_5411x.a(uart_5411x.o)
 .text.Chip_UART_GetStatus
                0x00000000000019ac       0x18 /home/harsh/LPC 54114/lpc_chip_5411x/Debug/liblpc_chip_5411x.a(uart_5411x.o)
 .text.Chip_UART_ClearStatus
                0x00000000000019c4       0x1c /home/harsh/LPC 54114/lpc_chip_5411x/Debug/liblpc_chip_5411x.a(uart_5411x.o)
 .text.Chip_UART_GetFIFOStatus
                0x00000000000019e0       0x1a /home/harsh/LPC 54114/lpc_chip_5411x/Debug/liblpc_chip_5411x.a(uart_5411x.o)
 .text.Chip_UART_ClearFIFOStatus
                0x00000000000019fa       0x1e /home/harsh/LPC 54114/lpc_chip_5411x/Debug/liblpc_chip_5411x.a(uart_5411x.o)
 .text.Chip_UART_EnableFIFOInts
                0x0000000000001a18       0x22 /home/harsh/LPC 54114/lpc_chip_5411x/Debug/liblpc_chip_5411x.a(uart_5411x.o)
 .text.Chip_UART_DisableFIFOInts
                0x0000000000001a3a       0x22 /home/harsh/LPC 54114/lpc_chip_5411x/Debug/liblpc_chip_5411x.a(uart_5411x.o)
 .text.Chip_UART_GetFIFOPendingInts
                0x0000000000001a5c       0x1e /home/harsh/LPC 54114/lpc_chip_5411x/Debug/liblpc_chip_5411x.a(uart_5411x.o)
 *fill*         0x0000000000001a7a        0x2 ff
 .text.Chip_UART_SetFIFOCfg
                0x0000000000001a7c       0x30 /home/harsh/LPC 54114/lpc_chip_5411x/Debug/liblpc_chip_5411x.a(uart_5411x.o)
 .text.Chip_UART_FlushFIFOs
                0x0000000000001aac       0x1a /home/harsh/LPC 54114/lpc_chip_5411x/Debug/liblpc_chip_5411x.a(uart_5411x.o)
 .text._UART_DivClk
                0x0000000000001ac6       0x64 /home/harsh/LPC 54114/lpc_chip_5411x/Debug/liblpc_chip_5411x.a(uart_5411x.o)
 .text._UART_GetHighDiv
                0x0000000000001b2a       0x52 /home/harsh/LPC 54114/lpc_chip_5411x/Debug/liblpc_chip_5411x.a(uart_5411x.o)
 .text._CalcErr
                0x0000000000001b7c       0x6e /home/harsh/LPC 54114/lpc_chip_5411x/Debug/liblpc_chip_5411x.a(uart_5411x.o)
 *fill*         0x0000000000001bea        0x2 ff
 .text._UART_CalcDiv
                0x0000000000001bec       0xe4 /home/harsh/LPC 54114/lpc_chip_5411x/Debug/liblpc_chip_5411x.a(uart_5411x.o)
 .text._UART_CalcMul
                0x0000000000001cd0       0xc8 /home/harsh/LPC 54114/lpc_chip_5411x/Debug/liblpc_chip_5411x.a(uart_5411x.o)
 .text.Chip_UART_Init
                0x0000000000001d98       0x32 /home/harsh/LPC 54114/lpc_chip_5411x/Debug/liblpc_chip_5411x.a(uart_5411x.o)
                0x0000000000001d98                Chip_UART_Init
 .text.Chip_UART_Send
                0x0000000000001dca       0x50 /home/harsh/LPC 54114/lpc_chip_5411x/Debug/liblpc_chip_5411x.a(uart_5411x.o)
                0x0000000000001dca                Chip_UART_Send
 .text.Chip_UART_SendBlocking
                0x0000000000001e1a       0x4a /home/harsh/LPC 54114/lpc_chip_5411x/Debug/liblpc_chip_5411x.a(uart_5411x.o)
                0x0000000000001e1a                Chip_UART_SendBlocking
 .text.Chip_UART_CalculateBaud
                0x0000000000001e64       0x26 /home/harsh/LPC 54114/lpc_chip_5411x/Debug/liblpc_chip_5411x.a(uart_5411x.o)
                0x0000000000001e64                Chip_UART_CalculateBaud
 .text.Chip_UART_SetBaud
                0x0000000000001e8a       0x8e /home/harsh/LPC 54114/lpc_chip_5411x/Debug/liblpc_chip_5411x.a(uart_5411x.o)
                0x0000000000001e8a                Chip_UART_SetBaud
 .text.Chip_UART_RXIntHandlerRB
                0x0000000000001f18       0x3c /home/harsh/LPC 54114/lpc_chip_5411x/Debug/liblpc_chip_5411x.a(uart_5411x.o)
                0x0000000000001f18                Chip_UART_RXIntHandlerRB
 .text.Chip_UART_TXIntHandlerRB
                0x0000000000001f54       0x40 /home/harsh/LPC 54114/lpc_chip_5411x/Debug/liblpc_chip_5411x.a(uart_5411x.o)
                0x0000000000001f54                Chip_UART_TXIntHandlerRB
 .text.Chip_UART_SendRB
                0x0000000000001f94       0x42 /home/harsh/LPC 54114/lpc_chip_5411x/Debug/liblpc_chip_5411x.a(uart_5411x.o)
                0x0000000000001f94                Chip_UART_SendRB
 .text.Chip_UART_ReadRB
                0x0000000000001fd6       0x22 /home/harsh/LPC 54114/lpc_chip_5411x/Debug/liblpc_chip_5411x.a(uart_5411x.o)
                0x0000000000001fd6                Chip_UART_ReadRB
 .text.Chip_UART_IRQHandlerRB
                0x0000000000001ff8      0x1d8 /home/harsh/LPC 54114/lpc_chip_5411x/Debug/liblpc_chip_5411x.a(uart_5411x.o)
                0x0000000000001ff8                Chip_UART_IRQHandlerRB
 .text.Chip_SYSCON_PeriphReset
                0x00000000000021d0       0x84 /home/harsh/LPC 54114/lpc_chip_5411x/Debug/liblpc_chip_5411x.a(flexcomm_5411x.o)
 .text.Chip_SYSCON_EnableWakeup
                0x0000000000002254       0x34 /home/harsh/LPC 54114/lpc_chip_5411x/Debug/liblpc_chip_5411x.a(flexcomm_5411x.o)
 .text.Chip_Clock_SetFLEXCOMMClockSource
                0x0000000000002288       0x26 /home/harsh/LPC 54114/lpc_chip_5411x/Debug/liblpc_chip_5411x.a(flexcomm_5411x.o)
 *fill*         0x00000000000022ae        0x2 ff
 .text.Chip_FLEXCOMM_GetIndex
                0x00000000000022b0       0x9c /home/harsh/LPC 54114/lpc_chip_5411x/Debug/liblpc_chip_5411x.a(flexcomm_5411x.o)
                0x00000000000022b0                Chip_FLEXCOMM_GetIndex
 .text.Chip_FLEXCOMM_Init
                0x000000000000234c       0x74 /home/harsh/LPC 54114/lpc_chip_5411x/Debug/liblpc_chip_5411x.a(flexcomm_5411x.o)
                0x000000000000234c                Chip_FLEXCOMM_Init
 .text.Chip_FLEXCOMM_SetPeriph
                0x00000000000023c0       0x8e /home/harsh/LPC 54114/lpc_chip_5411x/Debug/liblpc_chip_5411x.a(flexcomm_5411x.o)
                0x00000000000023c0                Chip_FLEXCOMM_SetPeriph
 *fill*         0x000000000000244e        0x2 ff
 .text.Chip_POWER_SetFROHFRate
                0x0000000000002450       0x4c /home/harsh/LPC 54114/lpc_chip_5411x/libs/libpower.a(power_library.o)
                0x0000000000002450                Chip_POWER_SetFROHFRate
 .text.Chip_POWER_SetVoltage
                0x000000000000249c      0x118 /home/harsh/LPC 54114/lpc_chip_5411x/libs/libpower.a(power_library.o)
                0x000000000000249c                Chip_POWER_SetVoltage
 .text.__main   0x00000000000025b4        0xe /usr/local/mcuxpressoide-10.3.1_2233/ide/plugins/com.nxp.mcuxpresso.tools.linux_10.3.0.201811011841/tools/bin/../lib/gcc/arm-none-eabi/7.3.1/../../../../arm-none-eabi/lib/thumb/v7e-m/fpv4-sp/softfp/libcr_nohost.a(_cr__main.o)
                0x00000000000025b4                __main
 .text.memcpy   0x00000000000025c2        0x4 /usr/local/mcuxpressoide-10.3.1_2233/ide/plugins/com.nxp.mcuxpresso.tools.linux_10.3.0.201811011841/tools/bin/../lib/gcc/arm-none-eabi/7.3.1/../../../../arm-none-eabi/lib/thumb/v7e-m/fpv4-sp/softfp/libcr_c.a(memcpy.o)
                0x00000000000025c2                memcpy
 .text.fp_round
                0x00000000000025c6       0x4e /usr/local/mcuxpressoide-10.3.1_2233/ide/plugins/com.nxp.mcuxpresso.tools.linux_10.3.0.201811011841/tools/bin/../lib/gcc/arm-none-eabi/7.3.1/../../../../arm-none-eabi/lib/thumb/v7e-m/fpv4-sp/softfp/libcr_c.a(fpprintf.o)
 .text.pr_dec.constprop.1
                0x0000000000002614       0x26 /usr/local/mcuxpressoide-10.3.1_2233/ide/plugins/com.nxp.mcuxpresso.tools.linux_10.3.0.201811011841/tools/bin/../lib/gcc/arm-none-eabi/7.3.1/../../../../arm-none-eabi/lib/thumb/v7e-m/fpv4-sp/softfp/libcr_c.a(fpprintf.o)
 *fill*         0x000000000000263a        0x2 ff
 .text.sprintf  0x000000000000263c       0x6c /usr/local/mcuxpressoide-10.3.1_2233/ide/plugins/com.nxp.mcuxpresso.tools.linux_10.3.0.201811011841/tools/bin/../lib/gcc/arm-none-eabi/7.3.1/../../../../arm-none-eabi/lib/thumb/v7e-m/fpv4-sp/softfp/libcr_c.a(fpprintf.o)
                0x000000000000263c                sprintf
 .text.fp_display
                0x00000000000026a8      0x968 /usr/local/mcuxpressoide-10.3.1_2233/ide/plugins/com.nxp.mcuxpresso.tools.linux_10.3.0.201811011841/tools/bin/../lib/gcc/arm-none-eabi/7.3.1/../../../../arm-none-eabi/lib/thumb/v7e-m/fpv4-sp/softfp/libcr_c.a(fpprintf.o)
 .text._initio  0x0000000000003010       0x78 /usr/local/mcuxpressoide-10.3.1_2233/ide/plugins/com.nxp.mcuxpresso.tools.linux_10.3.0.201811011841/tools/bin/../lib/gcc/arm-none-eabi/7.3.1/../../../../arm-none-eabi/lib/thumb/v7e-m/fpv4-sp/softfp/libcr_c.a(initio.o)
                0x0000000000003010                _initio
 .text.__vfprintf
                0x0000000000003088      0xb8c /usr/local/mcuxpressoide-10.3.1_2233/ide/plugins/com.nxp.mcuxpresso.tools.linux_10.3.0.201811011841/tools/bin/../lib/gcc/arm-none-eabi/7.3.1/../../../../arm-none-eabi/lib/thumb/v7e-m/fpv4-sp/softfp/libcr_c.a(printf.o)
                0x0000000000003088                __vfprintf
 .text.setvbuf  0x0000000000003c14       0x40 /usr/local/mcuxpressoide-10.3.1_2233/ide/plugins/com.nxp.mcuxpresso.tools.linux_10.3.0.201811011841/tools/bin/../lib/gcc/arm-none-eabi/7.3.1/../../../../arm-none-eabi/lib/thumb/v7e-m/fpv4-sp/softfp/libcr_c.a(setvbuf.o)
                0x0000000000003c14                setvbuf
 .text.strlen   0x0000000000003c54       0x4a /usr/local/mcuxpressoide-10.3.1_2233/ide/plugins/com.nxp.mcuxpresso.tools.linux_10.3.0.201811011841/tools/bin/../lib/gcc/arm-none-eabi/7.3.1/../../../../arm-none-eabi/lib/thumb/v7e-m/fpv4-sp/softfp/libcr_c.a(strlen.o)
                0x0000000000003c54                strlen
 .text.memset   0x0000000000003c9e        0x4 /usr/local/mcuxpressoide-10.3.1_2233/ide/plugins/com.nxp.mcuxpresso.tools.linux_10.3.0.201811011841/tools/bin/../lib/gcc/arm-none-eabi/7.3.1/../../../../arm-none-eabi/lib/thumb/v7e-m/fpv4-sp/softfp/libcr_c.a(memset.o)
                0x0000000000003c9e                memset
 .text._deferredlazyseek
                0x0000000000003ca2       0x40 /usr/local/mcuxpressoide-10.3.1_2233/ide/plugins/com.nxp.mcuxpresso.tools.linux_10.3.0.201811011841/tools/bin/../lib/gcc/arm-none-eabi/7.3.1/../../../../arm-none-eabi/lib/thumb/v7e-m/fpv4-sp/softfp/libcr_c.a(_deferredlazyseek.o)
                0x0000000000003ca2                _deferredlazyseek
 .text.__flsbuf
                0x0000000000003ce2      0x140 /usr/local/mcuxpressoide-10.3.1_2233/ide/plugins/com.nxp.mcuxpresso.tools.linux_10.3.0.201811011841/tools/bin/../lib/gcc/arm-none-eabi/7.3.1/../../../../arm-none-eabi/lib/thumb/v7e-m/fpv4-sp/softfp/libcr_c.a(_deferredlazyseek.o)
                0x0000000000003ce2                __flsbuf
 .text._fdopen  0x0000000000003e22       0x68 /usr/local/mcuxpressoide-10.3.1_2233/ide/plugins/com.nxp.mcuxpresso.tools.linux_10.3.0.201811011841/tools/bin/../lib/gcc/arm-none-eabi/7.3.1/../../../../arm-none-eabi/lib/thumb/v7e-m/fpv4-sp/softfp/libcr_c.a(_fdopen.o)
                0x0000000000003e22                _fdopen
 .text._fflush  0x0000000000003e8a       0x52 /usr/local/mcuxpressoide-10.3.1_2233/ide/plugins/com.nxp.mcuxpresso.tools.linux_10.3.0.201811011841/tools/bin/../lib/gcc/arm-none-eabi/7.3.1/../../../../arm-none-eabi/lib/thumb/v7e-m/fpv4-sp/softfp/libcr_c.a(_fflush.o)
                0x0000000000003e8a                _fflush
 .text._frexpl  0x0000000000003edc       0x56 /usr/local/mcuxpressoide-10.3.1_2233/ide/plugins/com.nxp.mcuxpresso.tools.linux_10.3.0.201811011841/tools/bin/../lib/gcc/arm-none-eabi/7.3.1/../../../../arm-none-eabi/lib/thumb/v7e-m/fpv4-sp/softfp/libcr_c.a(_frexpl.o)
                0x0000000000003edc                _frexpl
 *fill*         0x0000000000003f32        0x2 ff
 .text._ldexpl  0x0000000000003f34       0x4c /usr/local/mcuxpressoide-10.3.1_2233/ide/plugins/com.nxp.mcuxpresso.tools.linux_10.3.0.201811011841/tools/bin/../lib/gcc/arm-none-eabi/7.3.1/../../../../arm-none-eabi/lib/thumb/v7e-m/fpv4-sp/softfp/libcr_c.a(_ldexpl.o)
                0x0000000000003f34                _ldexpl
 .text._Cwritebuf
                0x0000000000003f80       0x6c /usr/local/mcuxpressoide-10.3.1_2233/ide/plugins/com.nxp.mcuxpresso.tools.linux_10.3.0.201811011841/tools/bin/../lib/gcc/arm-none-eabi/7.3.1/../../../../arm-none-eabi/lib/thumb/v7e-m/fpv4-sp/softfp/libcr_c.a(_writebuf.o)
                0x0000000000003f80                _Cwritebuf
 .text.malloc   0x0000000000003fec       0xc8 /usr/local/mcuxpressoide-10.3.1_2233/ide/plugins/com.nxp.mcuxpresso.tools.linux_10.3.0.201811011841/tools/bin/../lib/gcc/arm-none-eabi/7.3.1/../../../../arm-none-eabi/lib/thumb/v7e-m/fpv4-sp/softfp/libcr_c.a(alloc.o)
                0x0000000000003fec                malloc
 .text.free     0x00000000000040b4       0x30 /usr/local/mcuxpressoide-10.3.1_2233/ide/plugins/com.nxp.mcuxpresso.tools.linux_10.3.0.201811011841/tools/bin/../lib/gcc/arm-none-eabi/7.3.1/../../../../arm-none-eabi/lib/thumb/v7e-m/fpv4-sp/softfp/libcr_c.a(alloc.o)
                0x00000000000040b4                free
 .text._Csys_alloc
                0x00000000000040e4       0x20 /usr/local/mcuxpressoide-10.3.1_2233/ide/plugins/com.nxp.mcuxpresso.tools.linux_10.3.0.201811011841/tools/bin/../lib/gcc/arm-none-eabi/7.3.1/../../../../arm-none-eabi/lib/thumb/v7e-m/fpv4-sp/softfp/libcr_c.a(alloc.o)
                0x00000000000040e4                _Csys_alloc
 .text.fclose   0x0000000000004104       0x58 /usr/local/mcuxpressoide-10.3.1_2233/ide/plugins/com.nxp.mcuxpresso.tools.linux_10.3.0.201811011841/tools/bin/../lib/gcc/arm-none-eabi/7.3.1/../../../../arm-none-eabi/lib/thumb/v7e-m/fpv4-sp/softfp/libcr_c.a(fclose.o)
                0x0000000000004104                fclose
 .text.fflush   0x000000000000415c       0x44 /usr/local/mcuxpressoide-10.3.1_2233/ide/plugins/com.nxp.mcuxpresso.tools.linux_10.3.0.201811011841/tools/bin/../lib/gcc/arm-none-eabi/7.3.1/../../../../arm-none-eabi/lib/thumb/v7e-m/fpv4-sp/softfp/libcr_c.a(fflush.o)
                0x000000000000415c                fflush
 .text.fseek    0x00000000000041a0      0x100 /usr/local/mcuxpressoide-10.3.1_2233/ide/plugins/com.nxp.mcuxpresso.tools.linux_10.3.0.201811011841/tools/bin/../lib/gcc/arm-none-eabi/7.3.1/../../../../arm-none-eabi/lib/thumb/v7e-m/fpv4-sp/softfp/libcr_c.a(fseek.o)
                0x00000000000041a0                fseek
 .text.ftell    0x00000000000042a0       0x44 /usr/local/mcuxpressoide-10.3.1_2233/ide/plugins/com.nxp.mcuxpresso.tools.linux_10.3.0.201811011841/tools/bin/../lib/gcc/arm-none-eabi/7.3.1/../../../../arm-none-eabi/lib/thumb/v7e-m/fpv4-sp/softfp/libcr_c.a(ftell.o)
                0x00000000000042a0                ftell
 .text.remove   0x00000000000042e4       0x14 /usr/local/mcuxpressoide-10.3.1_2233/ide/plugins/com.nxp.mcuxpresso.tools.linux_10.3.0.201811011841/tools/bin/../lib/gcc/arm-none-eabi/7.3.1/../../../../arm-none-eabi/lib/thumb/v7e-m/fpv4-sp/softfp/libcr_c.a(remove.o)
                0x00000000000042e4                remove
 .text._sbrk    0x00000000000042f8       0x3c /usr/local/mcuxpressoide-10.3.1_2233/ide/plugins/com.nxp.mcuxpresso.tools.linux_10.3.0.201811011841/tools/bin/../lib/gcc/arm-none-eabi/7.3.1/../../../../arm-none-eabi/lib/thumb/v7e-m/fpv4-sp/softfp/libcr_c.a(_cr_sbrk.o)
                0x00000000000042f8                _sbrk
 .text._do_fflush
                0x0000000000004334       0x40 /usr/local/mcuxpressoide-10.3.1_2233/ide/plugins/com.nxp.mcuxpresso.tools.linux_10.3.0.201811011841/tools/bin/../lib/gcc/arm-none-eabi/7.3.1/../../../../arm-none-eabi/lib/thumb/v7e-m/fpv4-sp/softfp/libcr_c.a(_do_fflush.o)
                0x0000000000004334                _do_fflush
 .text.__check_heap_overflow
                0x0000000000004374       0x18 /usr/local/mcuxpressoide-10.3.1_2233/ide/plugins/com.nxp.mcuxpresso.tools.linux_10.3.0.201811011841/tools/bin/../lib/gcc/arm-none-eabi/7.3.1/../../../../arm-none-eabi/lib/thumb/v7e-m/fpv4-sp/softfp/libcr_c.a(_cr_check_heap.o)
                0x0000000000004374                __check_heap_overflow
 .text.__aeabi_division_uldivmod
                0x000000000000438c      0x174 /usr/local/mcuxpressoide-10.3.1_2233/ide/plugins/com.nxp.mcuxpresso.tools.linux_10.3.0.201811011841/tools/bin/../lib/gcc/arm-none-eabi/7.3.1/thumb/v7e-m/fpv4-sp/softfp/libcr_eabihelpers.a(division_64.o)
                0x000000000000438c                __aeabi_uldivmod
                0x0000000000004390                __bhs_ldivmod1
 .text.__aeabi_division_idiv0
                0x0000000000004500        0x2 /usr/local/mcuxpressoide-10.3.1_2233/ide/plugins/com.nxp.mcuxpresso.tools.linux_10.3.0.201811011841/tools/bin/../lib/gcc/arm-none-eabi/7.3.1/thumb/v7e-m/fpv4-sp/softfp/libcr_eabihelpers.a(division_idiv0.o)
                0x0000000000004500                __aeabi_idiv0
 *fill*         0x0000000000004502        0x2 ff
 .text.__aeabi_dmul
                0x0000000000004504      0x11c /usr/local/mcuxpressoide-10.3.1_2233/ide/plugins/com.nxp.mcuxpresso.tools.linux_10.3.0.201811011841/tools/bin/../lib/gcc/arm-none-eabi/7.3.1/thumb/v7e-m/fpv4-sp/softfp/libcr_eabihelpers.a(double.o)
                0x0000000000004504                __aeabi_dmul
 .text.__aeabi_ddiv
                0x0000000000004620      0x138 /usr/local/mcuxpressoide-10.3.1_2233/ide/plugins/com.nxp.mcuxpresso.tools.linux_10.3.0.201811011841/tools/bin/../lib/gcc/arm-none-eabi/7.3.1/thumb/v7e-m/fpv4-sp/softfp/libcr_eabihelpers.a(double.o)
                0x0000000000004620                __aeabi_ddiv
 .text.__aeabi_dsub
                0x0000000000004758      0x1b4 /usr/local/mcuxpressoide-10.3.1_2233/ide/plugins/com.nxp.mcuxpresso.tools.linux_10.3.0.201811011841/tools/bin/../lib/gcc/arm-none-eabi/7.3.1/thumb/v7e-m/fpv4-sp/softfp/libcr_eabihelpers.a(double.o)
                0x0000000000004758                __aeabi_dsub
 .text.__aeabi_dadd
                0x000000000000490c      0x10c /usr/local/mcuxpressoide-10.3.1_2233/ide/plugins/com.nxp.mcuxpresso.tools.linux_10.3.0.201811011841/tools/bin/../lib/gcc/arm-none-eabi/7.3.1/thumb/v7e-m/fpv4-sp/softfp/libcr_eabihelpers.a(double.o)
                0x000000000000490c                __aeabi_dadd
 .text.__aeabi_d2iz
                0x0000000000004a18       0x40 /usr/local/mcuxpressoide-10.3.1_2233/ide/plugins/com.nxp.mcuxpresso.tools.linux_10.3.0.201811011841/tools/bin/../lib/gcc/arm-none-eabi/7.3.1/thumb/v7e-m/fpv4-sp/softfp/libcr_eabihelpers.a(double.o)
                0x0000000000004a18                __aeabi_d2iz
 .text.__bhs_ui2d
                0x0000000000004a58       0x46 /usr/local/mcuxpressoide-10.3.1_2233/ide/plugins/com.nxp.mcuxpresso.tools.linux_10.3.0.201811011841/tools/bin/../lib/gcc/arm-none-eabi/7.3.1/thumb/v7e-m/fpv4-sp/softfp/libcr_eabihelpers.a(double.o)
                0x0000000000004a58                __bhs_ui2d
 .text.__aeabi_i2d
                0x0000000000004a9e       0x12 /usr/local/mcuxpressoide-10.3.1_2233/ide/plugins/com.nxp.mcuxpresso.tools.linux_10.3.0.201811011841/tools/bin/../lib/gcc/arm-none-eabi/7.3.1/thumb/v7e-m/fpv4-sp/softfp/libcr_eabihelpers.a(double.o)
                0x0000000000004a9e                __aeabi_i2d
 .text.__aeabi_dcmpeq
                0x0000000000004ab0       0x30 /usr/local/mcuxpressoide-10.3.1_2233/ide/plugins/com.nxp.mcuxpresso.tools.linux_10.3.0.201811011841/tools/bin/../lib/gcc/arm-none-eabi/7.3.1/thumb/v7e-m/fpv4-sp/softfp/libcr_eabihelpers.a(double.o)
                0x0000000000004ab0                __aeabi_dcmpeq
 .text.__aeabi_dcmplt
                0x0000000000004ae0       0x58 /usr/local/mcuxpressoide-10.3.1_2233/ide/plugins/com.nxp.mcuxpresso.tools.linux_10.3.0.201811011841/tools/bin/../lib/gcc/arm-none-eabi/7.3.1/thumb/v7e-m/fpv4-sp/softfp/libcr_eabihelpers.a(double.o)
                0x0000000000004ae0                __aeabi_dcmplt
 .text.__aeabi_dcmple
                0x0000000000004b38       0x5a /usr/local/mcuxpressoide-10.3.1_2233/ide/plugins/com.nxp.mcuxpresso.tools.linux_10.3.0.201811011841/tools/bin/../lib/gcc/arm-none-eabi/7.3.1/thumb/v7e-m/fpv4-sp/softfp/libcr_eabihelpers.a(double.o)
                0x0000000000004b38                __aeabi_dcmple
 .text.__aeabi_dcmpge
                0x0000000000004b92       0x58 /usr/local/mcuxpressoide-10.3.1_2233/ide/plugins/com.nxp.mcuxpresso.tools.linux_10.3.0.201811011841/tools/bin/../lib/gcc/arm-none-eabi/7.3.1/thumb/v7e-m/fpv4-sp/softfp/libcr_eabihelpers.a(double.o)
                0x0000000000004b92                __aeabi_dcmpge
 .text.__aeabi_memcpy
                0x0000000000004bea       0x34 /usr/local/mcuxpressoide-10.3.1_2233/ide/plugins/com.nxp.mcuxpresso.tools.linux_10.3.0.201811011841/tools/bin/../lib/gcc/arm-none-eabi/7.3.1/thumb/v7e-m/fpv4-sp/softfp/libcr_eabihelpers.a(memcpy.o)
                0x0000000000004bea                __aeabi_memcpy
                0x0000000000004bf4                __aeabi_memcpy4
                0x0000000000004bf4                __aeabi_memcpy8
 .text.__aeabi_memset_lowlevel
                0x0000000000004c1e       0x32 /usr/local/mcuxpressoide-10.3.1_2233/ide/plugins/com.nxp.mcuxpresso.tools.linux_10.3.0.201811011841/tools/bin/../lib/gcc/arm-none-eabi/7.3.1/thumb/v7e-m/fpv4-sp/softfp/libcr_eabihelpers.a(memcpy.o)
                0x0000000000004c1e                __aeabi_lowlevel_memset
 .text.__sys_appexit
                0x0000000000004c50        0x2 /usr/local/mcuxpressoide-10.3.1_2233/ide/plugins/com.nxp.mcuxpresso.tools.linux_10.3.0.201811011841/tools/bin/../lib/gcc/arm-none-eabi/7.3.1/../../../../arm-none-eabi/lib/thumb/v7e-m/fpv4-sp/softfp/libcr_nohost.a(__sys_appexit.o)
                0x0000000000004c50                __exit
                0x0000000000004c50                __sys_appexit
 .text.__sys_close
                0x0000000000004c52        0x6 /usr/local/mcuxpressoide-10.3.1_2233/ide/plugins/com.nxp.mcuxpresso.tools.linux_10.3.0.201811011841/tools/bin/../lib/gcc/arm-none-eabi/7.3.1/../../../../arm-none-eabi/lib/thumb/v7e-m/fpv4-sp/softfp/libcr_nohost.a(__sys_close.o)
                0x0000000000004c52                __sys_close
 .text.__sys_flen
                0x0000000000004c58        0x6 /usr/local/mcuxpressoide-10.3.1_2233/ide/plugins/com.nxp.mcuxpresso.tools.linux_10.3.0.201811011841/tools/bin/../lib/gcc/arm-none-eabi/7.3.1/../../../../arm-none-eabi/lib/thumb/v7e-m/fpv4-sp/softfp/libcr_nohost.a(__sys_flen.o)
                0x0000000000004c58                __sys_flen
 .text.__sys_istty
                0x0000000000004c5e        0x6 /usr/local/mcuxpressoide-10.3.1_2233/ide/plugins/com.nxp.mcuxpresso.tools.linux_10.3.0.201811011841/tools/bin/../lib/gcc/arm-none-eabi/7.3.1/../../../../arm-none-eabi/lib/thumb/v7e-m/fpv4-sp/softfp/libcr_nohost.a(__sys_istty.o)
                0x0000000000004c5e                __sys_istty
 .text.__sys_remove
                0x0000000000004c64        0x6 /usr/local/mcuxpressoide-10.3.1_2233/ide/plugins/com.nxp.mcuxpresso.tools.linux_10.3.0.201811011841/tools/bin/../lib/gcc/arm-none-eabi/7.3.1/../../../../arm-none-eabi/lib/thumb/v7e-m/fpv4-sp/softfp/libcr_nohost.a(__sys_remove.o)
                0x0000000000004c64                __sys_remove
 .text.__sys_seek
                0x0000000000004c6a        0x6 /usr/local/mcuxpressoide-10.3.1_2233/ide/plugins/com.nxp.mcuxpresso.tools.linux_10.3.0.201811011841/tools/bin/../lib/gcc/arm-none-eabi/7.3.1/../../../../arm-none-eabi/lib/thumb/v7e-m/fpv4-sp/softfp/libcr_nohost.a(__sys_seek.o)
                0x0000000000004c6a                __sys_seek
 .text.__sys_tmpnam
                0x0000000000004c70        0x6 /usr/local/mcuxpressoide-10.3.1_2233/ide/plugins/com.nxp.mcuxpresso.tools.linux_10.3.0.201811011841/tools/bin/../lib/gcc/arm-none-eabi/7.3.1/../../../../arm-none-eabi/lib/thumb/v7e-m/fpv4-sp/softfp/libcr_nohost.a(__sys_tmpnam.o)
                0x0000000000004c70                __sys_tmpnam
 *(.rodata .rodata.* .constdata .constdata.*)
 *fill*         0x0000000000004c76        0x2 ff
 .rodata.inst1  0x0000000000004c78       0x49 ./src/uart_rb.o
                0x0000000000004c78                inst1
 *fill*         0x0000000000004cc1        0x3 ff
 .rodata.inst2  0x0000000000004cc4       0x2d ./src/uart_rb.o
                0x0000000000004cc4                inst2
 *fill*         0x0000000000004cf1        0x3 ff
 .rodata        0x0000000000004cf4      0x145 ./src/uart_rb.o
 *fill*         0x0000000000004e39        0x3 ff
 .rodata.ExtClockIn
                0x0000000000004e3c        0x4 /home/harsh/LPC 54114/lpc_board_lpcxpresso_54114/Debug/liblpc_board_lpcxpresso_54114.a(board.o)
                0x0000000000004e3c                ExtClockIn
 .rodata.btnBits
                0x0000000000004e40        0x6 /home/harsh/LPC 54114/lpc_board_lpcxpresso_54114/Debug/liblpc_board_lpcxpresso_54114.a(board.o)
 *fill*         0x0000000000004e46        0x2 ff
 .rodata.ledBits
                0x0000000000004e48        0x6 /home/harsh/LPC 54114/lpc_board_lpcxpresso_54114/Debug/liblpc_board_lpcxpresso_54114.a(board.o)
 *fill*         0x0000000000004e4e        0x2 ff
 .rodata.tstBits
                0x0000000000004e50        0x4 /home/harsh/LPC 54114/lpc_board_lpcxpresso_54114/Debug/liblpc_board_lpcxpresso_54114.a(board.o)
 .rodata.pinmuxing
                0x0000000000004e54       0x30 /home/harsh/LPC 54114/lpc_board_lpcxpresso_54114/Debug/liblpc_board_lpcxpresso_54114.a(board_sysinit.o)
 .rodata        0x0000000000004e84       0x1f /home/harsh/LPC 54114/lpc_chip_5411x/Debug/liblpc_chip_5411x.a(clock_5411x.o)
 .rodata.fp_display.str1.1
                0x0000000000004ea3       0x34 /usr/local/mcuxpressoide-10.3.1_2233/ide/plugins/com.nxp.mcuxpresso.tools.linux_10.3.0.201811011841/tools/bin/../lib/gcc/arm-none-eabi/7.3.1/../../../../arm-none-eabi/lib/thumb/v7e-m/fpv4-sp/softfp/libcr_c.a(fpprintf.o)
                                         0x35 (size before relaxing)
 .rodata._initio.str1.1
                0x0000000000004ed7        0x4 /usr/local/mcuxpressoide-10.3.1_2233/ide/plugins/com.nxp.mcuxpresso.tools.linux_10.3.0.201811011841/tools/bin/../lib/gcc/arm-none-eabi/7.3.1/../../../../arm-none-eabi/lib/thumb/v7e-m/fpv4-sp/softfp/libcr_c.a(initio.o)
 .rodata.__vfprintf.str1.1
                0x0000000000004edb       0x31 /usr/local/mcuxpressoide-10.3.1_2233/ide/plugins/com.nxp.mcuxpresso.tools.linux_10.3.0.201811011841/tools/bin/../lib/gcc/arm-none-eabi/7.3.1/../../../../arm-none-eabi/lib/thumb/v7e-m/fpv4-sp/softfp/libcr_c.a(printf.o)
                                         0x38 (size before relaxing)
 .rodata._Csys_alloc.str1.1
                0x0000000000004f0c       0x18 /usr/local/mcuxpressoide-10.3.1_2233/ide/plugins/com.nxp.mcuxpresso.tools.linux_10.3.0.201811011841/tools/bin/../lib/gcc/arm-none-eabi/7.3.1/../../../../arm-none-eabi/lib/thumb/v7e-m/fpv4-sp/softfp/libcr_c.a(alloc.o)
 *fill*         0x0000000000004f24        0x4 ff
 .rodata.__huge_vall
                0x0000000000004f28        0x8 /usr/local/mcuxpressoide-10.3.1_2233/ide/plugins/com.nxp.mcuxpresso.tools.linux_10.3.0.201811011841/tools/bin/../lib/gcc/arm-none-eabi/7.3.1/../../../../arm-none-eabi/lib/thumb/v7e-m/fpv4-sp/softfp/libcr_c.a(_hugeval.o)
                0x0000000000004f28                __huge_vall
 .rodata.__num_Ciob_streams
                0x0000000000004f30        0x4 /usr/local/mcuxpressoide-10.3.1_2233/ide/plugins/com.nxp.mcuxpresso.tools.linux_10.3.0.201811011841/tools/bin/../lib/gcc/arm-none-eabi/7.3.1/../../../../arm-none-eabi/lib/thumb/v7e-m/fpv4-sp/softfp/libcr_nohost.a(__ciob.o)
                0x0000000000004f30                __num_Ciob_streams
                0x0000000000004f34                . = ALIGN (0x4)

.glue_7         0x0000000000004f34        0x0
 .glue_7        0x0000000000004f34        0x0 linker stubs

.glue_7t        0x0000000000004f34        0x0
 .glue_7t       0x0000000000004f34        0x0 linker stubs

.vfp11_veneer   0x0000000000004f34        0x0
 .vfp11_veneer  0x0000000000004f34        0x0 linker stubs

.v4_bx          0x0000000000004f34        0x0
 .v4_bx         0x0000000000004f34        0x0 linker stubs

.iplt           0x0000000000004f34        0x0
 .iplt          0x0000000000004f34        0x0 ./src/cr_startup_lpc5411x.o

.rel.dyn        0x0000000000004f34        0x0
 .rel.iplt      0x0000000000004f34        0x0 ./src/cr_startup_lpc5411x.o

.ARM.extab
 *(.ARM.extab* .gnu.linkonce.armextab.*)
                0x0000000000004f34                __exidx_start = .

.ARM.exidx
 *(.ARM.exidx* .gnu.linkonce.armexidx.*)
                0x0000000000004f34                __exidx_end = .
                0x0000000000004f34                _etext = .

.data_RAM2      0x0000000020010000        0x0 load address 0x0000000000004f34
 FILL mask 0xff
                [!provide]                        PROVIDE (__start_data_RAM2 = .)
 *(.ramfunc.$RAM2)
 *(.ramfunc.$Ram1_64)
 *(.data.$RAM2*)
 *(.data.$Ram1_64*)
                0x0000000020010000                . = ALIGN (0x4)
                [!provide]                        PROVIDE (__end_data_RAM2 = .)

.data_RAM3      0x0000000020020000        0x0 load address 0x0000000000004f34
 FILL mask 0xff
                [!provide]                        PROVIDE (__start_data_RAM3 = .)
 *(.ramfunc.$RAM3)
 *(.ramfunc.$Ram2_32)
 *(.data.$RAM3*)
 *(.data.$Ram2_32*)
                0x0000000020020000                . = ALIGN (0x4)
                [!provide]                        PROVIDE (__end_data_RAM3 = .)

.data_RAM4      0x0000000004000000        0x0 load address 0x0000000000004f34
 FILL mask 0xff
                [!provide]                        PROVIDE (__start_data_RAM4 = .)
 *(.ramfunc.$RAM4)
 *(.ramfunc.$RamX_32)
 *(.data.$RAM4*)
 *(.data.$RamX_32*)
                0x0000000004000000                . = ALIGN (0x4)
                [!provide]                        PROVIDE (__end_data_RAM4 = .)

.uninit_RESERVED
                0x0000000020000000        0x0
 *(.bss.$RESERVED*)
                0x0000000020000000                . = ALIGN (0x4)
                0x0000000020000000                _end_uninit_RESERVED = .

.data           0x0000000020000000        0x0 load address 0x0000000000004f34
 FILL mask 0xff
                0x0000000020000000                _data = .
 *(vtable)
 *(.ramfunc*)
 *(.data*)
                0x0000000020000000                . = ALIGN (0x4)
                0x0000000020000000                _edata = .

.igot.plt       0x0000000020000000        0x0 load address 0x0000000000004f34
 .igot.plt      0x0000000020000000        0x0 ./src/cr_startup_lpc5411x.o

.bss_RAM2       0x0000000020010000        0x0
                [!provide]                        PROVIDE (__start_bss_RAM2 = .)
 *(.bss.$RAM2*)
 *(.bss.$Ram1_64*)
                0x0000000020010000                . = ALIGN ((. != 0x0)?0x4:0x1)
                [!provide]                        PROVIDE (__end_bss_RAM2 = .)

.bss_RAM3       0x0000000020020000        0x0
                [!provide]                        PROVIDE (__start_bss_RAM3 = .)
 *(.bss.$RAM3*)
 *(.bss.$Ram2_32*)
                0x0000000020020000                . = ALIGN ((. != 0x0)?0x4:0x1)
                [!provide]                        PROVIDE (__end_bss_RAM3 = .)

.bss_RAM4       0x0000000004000000        0x0
                [!provide]                        PROVIDE (__start_bss_RAM4 = .)
 *(.bss.$RAM4*)
 *(.bss.$RamX_32*)
                0x0000000004000000                . = ALIGN ((. != 0x0)?0x4:0x1)
                [!provide]                        PROVIDE (__end_bss_RAM4 = .)

.bss            0x0000000020000000      0x6d8
                0x0000000020000000                _bss = .
 *(.bss*)
 .bss.curPllRate
                0x0000000020000000        0x4 /home/harsh/LPC 54114/lpc_chip_5411x/Debug/liblpc_chip_5411x.a(pll_5411x.o)
 .bss.errno     0x0000000020000004        0x4 /usr/local/mcuxpressoide-10.3.1_2233/ide/plugins/com.nxp.mcuxpresso.tools.linux_10.3.0.201811011841/tools/bin/../lib/gcc/arm-none-eabi/7.3.1/../../../../arm-none-eabi/lib/thumb/v7e-m/fpv4-sp/softfp/libcr_c.a(errno.o)
                0x0000000020000004                errno
 .bss.__end_of_heap
                0x0000000020000008        0x4 /usr/local/mcuxpressoide-10.3.1_2233/ide/plugins/com.nxp.mcuxpresso.tools.linux_10.3.0.201811011841/tools/bin/../lib/gcc/arm-none-eabi/7.3.1/../../../../arm-none-eabi/lib/thumb/v7e-m/fpv4-sp/softfp/libcr_c.a(__init_alloc.o)
                0x0000000020000008                __end_of_heap
 .bss.__heaps   0x000000002000000c        0x4 /usr/local/mcuxpressoide-10.3.1_2233/ide/plugins/com.nxp.mcuxpresso.tools.linux_10.3.0.201811011841/tools/bin/../lib/gcc/arm-none-eabi/7.3.1/../../../../arm-none-eabi/lib/thumb/v7e-m/fpv4-sp/softfp/libcr_c.a(__init_alloc.o)
                0x000000002000000c                __heaps
 .bss.__Ciob    0x0000000020000010      0x1e0 /usr/local/mcuxpressoide-10.3.1_2233/ide/plugins/com.nxp.mcuxpresso.tools.linux_10.3.0.201811011841/tools/bin/../lib/gcc/arm-none-eabi/7.3.1/../../../../arm-none-eabi/lib/thumb/v7e-m/fpv4-sp/softfp/libcr_nohost.a(__ciob.o)
                0x0000000020000010                __Ciob
 *(COMMON)
 COMMON         0x00000000200001f0        0x4 ./src/cr_startup_lpc5411x.o
                0x00000000200001f0                __SWVtrace_Enabled
 COMMON         0x00000000200001f4      0x4e0 ./src/uart_rb.o
                0x00000000200001f4                txring
                0x000000002000020c                txbuff
                0x000000002000040c                uart_stat
                0x000000002000043c                spf_buff
                0x00000000200004bc                rxring
                0x00000000200004d4                rxbuff
 COMMON         0x00000000200006d4        0x4 /home/harsh/LPC 54114/lpc_chip_5411x/Debug/liblpc_chip_5411x.a(chip_5411x.o)
                0x00000000200006d4                SystemCoreClock
                0x00000000200006d8                . = ALIGN (0x4)
                0x00000000200006d8                _ebss = .
                [!provide]                        PROVIDE (end = .)

.noinit_RAM2    0x0000000020010000        0x0
 *(.noinit.$RAM2*)
 *(.noinit.$Ram1_64*)
                0x0000000020010000                . = ALIGN (0x4)

.noinit_RAM3    0x0000000020020000        0x0
 *(.noinit.$RAM3*)
 *(.noinit.$Ram2_32*)
                0x0000000020020000                . = ALIGN (0x4)

.noinit_RAM4    0x0000000004000000        0x0
 *(.noinit.$RAM4*)
 *(.noinit.$RamX_32*)
                0x0000000004000000                . = ALIGN (0x4)

.noinit         0x00000000200006d8        0x0
                0x00000000200006d8                _noinit = .
 *(.noinit*)
                0x00000000200006d8                . = ALIGN (0x4)
                0x00000000200006d8                _end_noinit = .
                0x00000000200006d8                PROVIDE (_pvHeapStart = DEFINED (__user_heap_base)?__user_heap_base:.)
                0x0000000020010000                PROVIDE (_vStackTop = DEFINED (__user_stack_top)?__user_stack_top:(__top_Ram0_64 - 0x0))
                0xffffffffdffef57a                PROVIDE (__valid_user_code_checksum = (0x0 - ((((((_vStackTop + (ResetISR + 0x1)) + (NMI_Handler + 0x1)) + (HardFault_Handler + 0x1)) + (DEFINED (MemManage_Handler)?MemManage_Handler:0x0 + 0x1)) + (DEFINED (BusFault_Handler)?BusFault_Handler:0x0 + 0x1)) + (DEFINED (UsageFault_Handler)?UsageFault_Handler:0x0 + 0x1))))
                0x0000000000000000                _image_start = LOADADDR (.text)
                0x0000000000004f34                _image_end = (LOADADDR (.data) + SIZEOF (.data))
                0x0000000000004f34                _image_size = (_image_end - _image_start)
OUTPUT(periph_uart_rb.axf elf32-littlearm)

.debug_info     0x0000000000000000     0xbf96
 .debug_info    0x0000000000000000      0x2b2 ./src/cr_startup_lpc5411x.o
 .debug_info    0x00000000000002b2      0x4d6 ./src/sysinit.o
 .debug_info    0x0000000000000788      0xba0 ./src/uart_rb.o
 .debug_info    0x0000000000001328     0x1986 /home/harsh/LPC 54114/lpc_board_lpcxpresso_54114/Debug/liblpc_board_lpcxpresso_54114.a(board.o)
 .debug_info    0x0000000000002cae     0x1267 /home/harsh/LPC 54114/lpc_board_lpcxpresso_54114/Debug/liblpc_board_lpcxpresso_54114.a(board_sysinit.o)
 .debug_info    0x0000000000003f15      0xe18 /home/harsh/LPC 54114/lpc_chip_5411x/Debug/liblpc_chip_5411x.a(chip_5411x.o)
 .debug_info    0x0000000000004d2d     0x1173 /home/harsh/LPC 54114/lpc_chip_5411x/Debug/liblpc_chip_5411x.a(clock_5411x.o)
 .debug_info    0x0000000000005ea0      0x156 /home/harsh/LPC 54114/lpc_chip_5411x/Debug/liblpc_chip_5411x.a(fpu_init.o)
 .debug_info    0x0000000000005ff6     0x13d2 /home/harsh/LPC 54114/lpc_chip_5411x/Debug/liblpc_chip_5411x.a(pll_5411x.o)
 .debug_info    0x00000000000073c8      0x3ce /home/harsh/LPC 54114/lpc_chip_5411x/Debug/liblpc_chip_5411x.a(ring_buffer.o)
 .debug_info    0x0000000000007796      0xa8a /home/harsh/LPC 54114/lpc_chip_5411x/Debug/liblpc_chip_5411x.a(syscon_5411x.o)
 .debug_info    0x0000000000008220     0x10f2 /home/harsh/LPC 54114/lpc_chip_5411x/Debug/liblpc_chip_5411x.a(sysinit_5411x.o)
 .debug_info    0x0000000000009312     0x1d16 /home/harsh/LPC 54114/lpc_chip_5411x/Debug/liblpc_chip_5411x.a(uart_5411x.o)
 .debug_info    0x000000000000b028      0xf6e /home/harsh/LPC 54114/lpc_chip_5411x/Debug/liblpc_chip_5411x.a(flexcomm_5411x.o)

.debug_abbrev   0x0000000000000000     0x1e91
 .debug_abbrev  0x0000000000000000      0x14a ./src/cr_startup_lpc5411x.o
 .debug_abbrev  0x000000000000014a      0x10e ./src/sysinit.o
 .debug_abbrev  0x0000000000000258      0x280 ./src/uart_rb.o
 .debug_abbrev  0x00000000000004d8      0x36b /home/harsh/LPC 54114/lpc_board_lpcxpresso_54114/Debug/liblpc_board_lpcxpresso_54114.a(board.o)
 .debug_abbrev  0x0000000000000843      0x30b /home/harsh/LPC 54114/lpc_board_lpcxpresso_54114/Debug/liblpc_board_lpcxpresso_54114.a(board_sysinit.o)
 .debug_abbrev  0x0000000000000b4e      0x21a /home/harsh/LPC 54114/lpc_chip_5411x/Debug/liblpc_chip_5411x.a(chip_5411x.o)
 .debug_abbrev  0x0000000000000d68      0x2a8 /home/harsh/LPC 54114/lpc_chip_5411x/Debug/liblpc_chip_5411x.a(clock_5411x.o)
 .debug_abbrev  0x0000000000001010       0xaa /home/harsh/LPC 54114/lpc_chip_5411x/Debug/liblpc_chip_5411x.a(fpu_init.o)
 .debug_abbrev  0x00000000000010ba      0x2e4 /home/harsh/LPC 54114/lpc_chip_5411x/Debug/liblpc_chip_5411x.a(pll_5411x.o)
 .debug_abbrev  0x000000000000139e      0x17b /home/harsh/LPC 54114/lpc_chip_5411x/Debug/liblpc_chip_5411x.a(ring_buffer.o)
 .debug_abbrev  0x0000000000001519      0x197 /home/harsh/LPC 54114/lpc_chip_5411x/Debug/liblpc_chip_5411x.a(syscon_5411x.o)
 .debug_abbrev  0x00000000000016b0      0x275 /home/harsh/LPC 54114/lpc_chip_5411x/Debug/liblpc_chip_5411x.a(sysinit_5411x.o)
 .debug_abbrev  0x0000000000001925      0x32c /home/harsh/LPC 54114/lpc_chip_5411x/Debug/liblpc_chip_5411x.a(uart_5411x.o)
 .debug_abbrev  0x0000000000001c51      0x240 /home/harsh/LPC 54114/lpc_chip_5411x/Debug/liblpc_chip_5411x.a(flexcomm_5411x.o)

.debug_aranges  0x0000000000000000      0x718
 .debug_aranges
                0x0000000000000000       0x80 ./src/cr_startup_lpc5411x.o
 .debug_aranges
                0x0000000000000080       0x20 ./src/sysinit.o
 .debug_aranges
                0x00000000000000a0       0x70 ./src/uart_rb.o
 .debug_aranges
                0x0000000000000110       0xa8 /home/harsh/LPC 54114/lpc_board_lpcxpresso_54114/Debug/liblpc_board_lpcxpresso_54114.a(board.o)
 .debug_aranges
                0x00000000000001b8       0x38 /home/harsh/LPC 54114/lpc_board_lpcxpresso_54114/Debug/liblpc_board_lpcxpresso_54114.a(board_sysinit.o)
 .debug_aranges
                0x00000000000001f0       0x48 /home/harsh/LPC 54114/lpc_chip_5411x/Debug/liblpc_chip_5411x.a(chip_5411x.o)
 .debug_aranges
                0x0000000000000238      0x100 /home/harsh/LPC 54114/lpc_chip_5411x/Debug/liblpc_chip_5411x.a(clock_5411x.o)
 .debug_aranges
                0x0000000000000338       0x20 /home/harsh/LPC 54114/lpc_chip_5411x/Debug/liblpc_chip_5411x.a(fpu_init.o)
 .debug_aranges
                0x0000000000000358       0xf0 /home/harsh/LPC 54114/lpc_chip_5411x/Debug/liblpc_chip_5411x.a(pll_5411x.o)
 .debug_aranges
                0x0000000000000448       0x60 /home/harsh/LPC 54114/lpc_chip_5411x/Debug/liblpc_chip_5411x.a(ring_buffer.o)
 .debug_aranges
                0x00000000000004a8       0x50 /home/harsh/LPC 54114/lpc_chip_5411x/Debug/liblpc_chip_5411x.a(syscon_5411x.o)
 .debug_aranges
                0x00000000000004f8       0x88 /home/harsh/LPC 54114/lpc_chip_5411x/Debug/liblpc_chip_5411x.a(sysinit_5411x.o)
 .debug_aranges
                0x0000000000000580      0x138 /home/harsh/LPC 54114/lpc_chip_5411x/Debug/liblpc_chip_5411x.a(uart_5411x.o)
 .debug_aranges
                0x00000000000006b8       0x60 /home/harsh/LPC 54114/lpc_chip_5411x/Debug/liblpc_chip_5411x.a(flexcomm_5411x.o)

.debug_ranges   0x0000000000000000      0x680
 .debug_ranges  0x0000000000000000       0x70 ./src/cr_startup_lpc5411x.o
 .debug_ranges  0x0000000000000070       0x10 ./src/sysinit.o
 .debug_ranges  0x0000000000000080       0x60 ./src/uart_rb.o
 .debug_ranges  0x00000000000000e0       0x98 /home/harsh/LPC 54114/lpc_board_lpcxpresso_54114/Debug/liblpc_board_lpcxpresso_54114.a(board.o)
 .debug_ranges  0x0000000000000178       0x58 /home/harsh/LPC 54114/lpc_board_lpcxpresso_54114/Debug/liblpc_board_lpcxpresso_54114.a(board_sysinit.o)
 .debug_ranges  0x00000000000001d0       0x38 /home/harsh/LPC 54114/lpc_chip_5411x/Debug/liblpc_chip_5411x.a(chip_5411x.o)
 .debug_ranges  0x0000000000000208       0xf0 /home/harsh/LPC 54114/lpc_chip_5411x/Debug/liblpc_chip_5411x.a(clock_5411x.o)
 .debug_ranges  0x00000000000002f8       0x10 /home/harsh/LPC 54114/lpc_chip_5411x/Debug/liblpc_chip_5411x.a(fpu_init.o)
 .debug_ranges  0x0000000000000308       0xe0 /home/harsh/LPC 54114/lpc_chip_5411x/Debug/liblpc_chip_5411x.a(pll_5411x.o)
 .debug_ranges  0x00000000000003e8       0x50 /home/harsh/LPC 54114/lpc_chip_5411x/Debug/liblpc_chip_5411x.a(ring_buffer.o)
 .debug_ranges  0x0000000000000438       0x40 /home/harsh/LPC 54114/lpc_chip_5411x/Debug/liblpc_chip_5411x.a(syscon_5411x.o)
 .debug_ranges  0x0000000000000478       0x78 /home/harsh/LPC 54114/lpc_chip_5411x/Debug/liblpc_chip_5411x.a(sysinit_5411x.o)
 .debug_ranges  0x00000000000004f0      0x140 /home/harsh/LPC 54114/lpc_chip_5411x/Debug/liblpc_chip_5411x.a(uart_5411x.o)
 .debug_ranges  0x0000000000000630       0x50 /home/harsh/LPC 54114/lpc_chip_5411x/Debug/liblpc_chip_5411x.a(flexcomm_5411x.o)

.debug_macro    0x0000000000000000     0x72d1
 .debug_macro   0x0000000000000000       0x1d ./src/cr_startup_lpc5411x.o
 .debug_macro   0x000000000000001d      0xa78 ./src/cr_startup_lpc5411x.o
 .debug_macro   0x0000000000000a95      0x289 ./src/sysinit.o
 .debug_macro   0x0000000000000d1e       0x10 ./src/sysinit.o
 .debug_macro   0x0000000000000d2e      0x12d ./src/sysinit.o
 .debug_macro   0x0000000000000e5b      0x5b2 ./src/sysinit.o
 .debug_macro   0x000000000000140d       0x22 ./src/sysinit.o
 .debug_macro   0x000000000000142f       0x89 ./src/sysinit.o
 .debug_macro   0x00000000000014b8       0xab ./src/sysinit.o
 .debug_macro   0x0000000000001563       0x3b ./src/sysinit.o
 .debug_macro   0x000000000000159e       0x2d ./src/sysinit.o
 .debug_macro   0x00000000000015cb       0x42 ./src/sysinit.o
 .debug_macro   0x000000000000160d      0xd39 ./src/sysinit.o
 .debug_macro   0x0000000000002346      0x1b7 ./src/sysinit.o
 .debug_macro   0x00000000000024fd       0x10 ./src/sysinit.o
 .debug_macro   0x000000000000250d       0xca ./src/sysinit.o
 .debug_macro   0x00000000000025d7       0x18 ./src/sysinit.o
 .debug_macro   0x00000000000025ef       0x16 ./src/sysinit.o
 .debug_macro   0x0000000000002605      0x106 ./src/sysinit.o
 .debug_macro   0x000000000000270b       0x2d ./src/sysinit.o
 .debug_macro   0x0000000000002738       0x28 ./src/sysinit.o
 .debug_macro   0x0000000000002760       0x16 ./src/sysinit.o
 .debug_macro   0x0000000000002776       0xb8 ./src/sysinit.o
 .debug_macro   0x000000000000282e       0x70 ./src/sysinit.o
 .debug_macro   0x000000000000289e       0x6a ./src/sysinit.o
 .debug_macro   0x0000000000002908       0x76 ./src/sysinit.o
 .debug_macro   0x000000000000297e       0x34 ./src/sysinit.o
 .debug_macro   0x00000000000029b2      0x205 ./src/sysinit.o
 .debug_macro   0x0000000000002bb7       0x46 ./src/sysinit.o
 .debug_macro   0x0000000000002bfd       0x6a ./src/sysinit.o
 .debug_macro   0x0000000000002c67       0x28 ./src/sysinit.o
 .debug_macro   0x0000000000002c8f       0x1c ./src/sysinit.o
 .debug_macro   0x0000000000002cab       0x10 ./src/sysinit.o
 .debug_macro   0x0000000000002cbb       0x1f ./src/sysinit.o
 .debug_macro   0x0000000000002cda       0x40 ./src/sysinit.o
 .debug_macro   0x0000000000002d1a      0x1f5 ./src/sysinit.o
 .debug_macro   0x0000000000002f0f      0x152 ./src/sysinit.o
 .debug_macro   0x0000000000003061       0x95 ./src/sysinit.o
 .debug_macro   0x00000000000030f6       0x16 ./src/sysinit.o
 .debug_macro   0x000000000000310c      0x380 ./src/sysinit.o
 .debug_macro   0x000000000000348c      0x3a2 ./src/sysinit.o
 .debug_macro   0x000000000000382e       0x1f ./src/sysinit.o
 .debug_macro   0x000000000000384d      0x5ca ./src/sysinit.o
 .debug_macro   0x0000000000003e17       0x2e ./src/sysinit.o
 .debug_macro   0x0000000000003e45      0x193 ./src/sysinit.o
 .debug_macro   0x0000000000003fd8       0x3a ./src/sysinit.o
 .debug_macro   0x0000000000004012       0x9a ./src/sysinit.o
 .debug_macro   0x00000000000040ac       0x58 ./src/sysinit.o
 .debug_macro   0x0000000000004104      0x2b5 ./src/uart_rb.o
 .debug_macro   0x00000000000043b9       0x40 ./src/uart_rb.o
 .debug_macro   0x00000000000043f9      0x2a4 /home/harsh/LPC 54114/lpc_board_lpcxpresso_54114/Debug/liblpc_board_lpcxpresso_54114.a(board.o)
 .debug_macro   0x000000000000469d      0xa66 /home/harsh/LPC 54114/lpc_board_lpcxpresso_54114/Debug/liblpc_board_lpcxpresso_54114.a(board.o)
 .debug_macro   0x0000000000005103       0x12 /home/harsh/LPC 54114/lpc_board_lpcxpresso_54114/Debug/liblpc_board_lpcxpresso_54114.a(board.o)
 .debug_macro   0x0000000000005115      0x297 /home/harsh/LPC 54114/lpc_board_lpcxpresso_54114/Debug/liblpc_board_lpcxpresso_54114.a(board_sysinit.o)
 .debug_macro   0x00000000000053ac      0x254 /home/harsh/LPC 54114/lpc_chip_5411x/Debug/liblpc_chip_5411x.a(chip_5411x.o)
 .debug_macro   0x0000000000005600      0xa6c /home/harsh/LPC 54114/lpc_chip_5411x/Debug/liblpc_chip_5411x.a(chip_5411x.o)
 .debug_macro   0x000000000000606c      0x25a /home/harsh/LPC 54114/lpc_chip_5411x/Debug/liblpc_chip_5411x.a(clock_5411x.o)
 .debug_macro   0x00000000000062c6       0xb2 /home/harsh/LPC 54114/lpc_chip_5411x/Debug/liblpc_chip_5411x.a(fpu_init.o)
 .debug_macro   0x0000000000006378      0x4b4 /home/harsh/LPC 54114/lpc_chip_5411x/Debug/liblpc_chip_5411x.a(pll_5411x.o)
 .debug_macro   0x000000000000682c       0xc3 /home/harsh/LPC 54114/lpc_chip_5411x/Debug/liblpc_chip_5411x.a(ring_buffer.o)
 .debug_macro   0x00000000000068ef       0x82 /home/harsh/LPC 54114/lpc_chip_5411x/Debug/liblpc_chip_5411x.a(ring_buffer.o)
 .debug_macro   0x0000000000006971       0x10 /home/harsh/LPC 54114/lpc_chip_5411x/Debug/liblpc_chip_5411x.a(ring_buffer.o)
 .debug_macro   0x0000000000006981      0x254 /home/harsh/LPC 54114/lpc_chip_5411x/Debug/liblpc_chip_5411x.a(syscon_5411x.o)
 .debug_macro   0x0000000000006bd5      0x254 /home/harsh/LPC 54114/lpc_chip_5411x/Debug/liblpc_chip_5411x.a(sysinit_5411x.o)
 .debug_macro   0x0000000000006e29      0x254 /home/harsh/LPC 54114/lpc_chip_5411x/Debug/liblpc_chip_5411x.a(uart_5411x.o)
 .debug_macro   0x000000000000707d      0x254 /home/harsh/LPC 54114/lpc_chip_5411x/Debug/liblpc_chip_5411x.a(flexcomm_5411x.o)

.debug_line     0x0000000000000000     0x4f48
 .debug_line    0x0000000000000000       0xed ./src/cr_startup_lpc5411x.o
 .debug_line    0x00000000000000ed      0x526 ./src/sysinit.o
 .debug_line    0x0000000000000613      0x634 ./src/uart_rb.o
 .debug_line    0x0000000000000c47      0x790 /home/harsh/LPC 54114/lpc_board_lpcxpresso_54114/Debug/liblpc_board_lpcxpresso_54114.a(board.o)
 .debug_line    0x00000000000013d7      0x5c8 /home/harsh/LPC 54114/lpc_board_lpcxpresso_54114/Debug/liblpc_board_lpcxpresso_54114.a(board_sysinit.o)
 .debug_line    0x000000000000199f      0x54c /home/harsh/LPC 54114/lpc_chip_5411x/Debug/liblpc_chip_5411x.a(chip_5411x.o)
 .debug_line    0x0000000000001eeb      0x785 /home/harsh/LPC 54114/lpc_chip_5411x/Debug/liblpc_chip_5411x.a(clock_5411x.o)
 .debug_line    0x0000000000002670      0x246 /home/harsh/LPC 54114/lpc_chip_5411x/Debug/liblpc_chip_5411x.a(fpu_init.o)
 .debug_line    0x00000000000028b6      0x8dc /home/harsh/LPC 54114/lpc_chip_5411x/Debug/liblpc_chip_5411x.a(pll_5411x.o)
 .debug_line    0x0000000000003192      0x311 /home/harsh/LPC 54114/lpc_chip_5411x/Debug/liblpc_chip_5411x.a(ring_buffer.o)
 .debug_line    0x00000000000034a3      0x565 /home/harsh/LPC 54114/lpc_chip_5411x/Debug/liblpc_chip_5411x.a(syscon_5411x.o)
 .debug_line    0x0000000000003a08      0x623 /home/harsh/LPC 54114/lpc_chip_5411x/Debug/liblpc_chip_5411x.a(sysinit_5411x.o)
 .debug_line    0x000000000000402b      0x96e /home/harsh/LPC 54114/lpc_chip_5411x/Debug/liblpc_chip_5411x.a(uart_5411x.o)
 .debug_line    0x0000000000004999      0x5af /home/harsh/LPC 54114/lpc_chip_5411x/Debug/liblpc_chip_5411x.a(flexcomm_5411x.o)

.debug_str      0x0000000000000000    0x18418
 .debug_str     0x0000000000000000     0x2f4c ./src/cr_startup_lpc5411x.o
                                       0x2f5f (size before relaxing)
 .debug_str     0x0000000000002f4c    0x10590 ./src/sysinit.o
                                      0x1338d (size before relaxing)
 .debug_str     0x00000000000134dc      0x615 ./src/uart_rb.o
                                      0x139c4 (size before relaxing)
 .debug_str     0x0000000000013af1      0xd08 /home/harsh/LPC 54114/lpc_board_lpcxpresso_54114/Debug/liblpc_board_lpcxpresso_54114.a(board.o)
                                      0x1407f (size before relaxing)
 .debug_str     0x00000000000147f9      0x241 /home/harsh/LPC 54114/lpc_board_lpcxpresso_54114/Debug/liblpc_board_lpcxpresso_54114.a(board_sysinit.o)
                                      0x13d38 (size before relaxing)
 .debug_str     0x0000000000014a3a      0x481 /home/harsh/LPC 54114/lpc_chip_5411x/Debug/liblpc_chip_5411x.a(chip_5411x.o)
                                      0x13c06 (size before relaxing)
 .debug_str     0x0000000000014ebb      0x870 /home/harsh/LPC 54114/lpc_chip_5411x/Debug/liblpc_chip_5411x.a(clock_5411x.o)
                                      0x13e89 (size before relaxing)
 .debug_str     0x000000000001572b       0xb5 /home/harsh/LPC 54114/lpc_chip_5411x/Debug/liblpc_chip_5411x.a(fpu_init.o)
                                       0xa2ff (size before relaxing)
 .debug_str     0x00000000000157e0     0x1499 /home/harsh/LPC 54114/lpc_chip_5411x/Debug/liblpc_chip_5411x.a(pll_5411x.o)
                                      0x14754 (size before relaxing)
 .debug_str     0x0000000000016c79      0x151 /home/harsh/LPC 54114/lpc_chip_5411x/Debug/liblpc_chip_5411x.a(ring_buffer.o)
                                       0xa436 (size before relaxing)
 .debug_str     0x0000000000016dca      0x113 /home/harsh/LPC 54114/lpc_chip_5411x/Debug/liblpc_chip_5411x.a(syscon_5411x.o)
                                      0x13373 (size before relaxing)
 .debug_str     0x0000000000016edd      0x207 /home/harsh/LPC 54114/lpc_chip_5411x/Debug/liblpc_chip_5411x.a(sysinit_5411x.o)
                                      0x13ccf (size before relaxing)
 .debug_str     0x00000000000170e4     0x1262 /home/harsh/LPC 54114/lpc_chip_5411x/Debug/liblpc_chip_5411x.a(uart_5411x.o)
                                      0x14861 (size before relaxing)
 .debug_str     0x0000000000018346       0xd2 /home/harsh/LPC 54114/lpc_chip_5411x/Debug/liblpc_chip_5411x.a(flexcomm_5411x.o)
                                      0x13d84 (size before relaxing)

.comment        0x0000000000000000       0xef
 .comment       0x0000000000000000       0x7f ./src/cr_startup_lpc5411x.o
                                         0x80 (size before relaxing)
 .comment       0x000000000000007f       0x80 ./src/sysinit.o
 .comment       0x000000000000007f       0x80 ./src/uart_rb.o
 .comment       0x000000000000007f       0x80 /home/harsh/LPC 54114/lpc_board_lpcxpresso_54114/Debug/liblpc_board_lpcxpresso_54114.a(board.o)
 .comment       0x000000000000007f       0x80 /home/harsh/LPC 54114/lpc_board_lpcxpresso_54114/Debug/liblpc_board_lpcxpresso_54114.a(board_sysinit.o)
 .comment       0x000000000000007f       0x80 /home/harsh/LPC 54114/lpc_chip_5411x/Debug/liblpc_chip_5411x.a(chip_5411x.o)
 .comment       0x000000000000007f       0x80 /home/harsh/LPC 54114/lpc_chip_5411x/Debug/liblpc_chip_5411x.a(clock_5411x.o)
 .comment       0x000000000000007f       0x80 /home/harsh/LPC 54114/lpc_chip_5411x/Debug/liblpc_chip_5411x.a(fpu_init.o)
 .comment       0x000000000000007f       0x80 /home/harsh/LPC 54114/lpc_chip_5411x/Debug/liblpc_chip_5411x.a(pll_5411x.o)
 .comment       0x000000000000007f       0x80 /home/harsh/LPC 54114/lpc_chip_5411x/Debug/liblpc_chip_5411x.a(ring_buffer.o)
 .comment       0x000000000000007f       0x80 /home/harsh/LPC 54114/lpc_chip_5411x/Debug/liblpc_chip_5411x.a(syscon_5411x.o)
 .comment       0x000000000000007f       0x80 /home/harsh/LPC 54114/lpc_chip_5411x/Debug/liblpc_chip_5411x.a(sysinit_5411x.o)
 .comment       0x000000000000007f       0x80 /home/harsh/LPC 54114/lpc_chip_5411x/Debug/liblpc_chip_5411x.a(uart_5411x.o)
 .comment       0x000000000000007f       0x80 /home/harsh/LPC 54114/lpc_chip_5411x/Debug/liblpc_chip_5411x.a(flexcomm_5411x.o)
 .comment       0x000000000000007f       0x70 /home/harsh/LPC 54114/lpc_chip_5411x/libs/libpower.a(power_library.o)
                                         0x71 (size before relaxing)
 .comment       0x00000000000000ef       0x80 /usr/local/mcuxpressoide-10.3.1_2233/ide/plugins/com.nxp.mcuxpresso.tools.linux_10.3.0.201811011841/tools/bin/../lib/gcc/arm-none-eabi/7.3.1/../../../../arm-none-eabi/lib/thumb/v7e-m/fpv4-sp/softfp/libcr_nohost.a(_cr__main.o)
 .comment       0x00000000000000ef       0x80 /usr/local/mcuxpressoide-10.3.1_2233/ide/plugins/com.nxp.mcuxpresso.tools.linux_10.3.0.201811011841/tools/bin/../lib/gcc/arm-none-eabi/7.3.1/../../../../arm-none-eabi/lib/thumb/v7e-m/fpv4-sp/softfp/libcr_c.a(memcpy.o)
 .comment       0x00000000000000ef       0x80 /usr/local/mcuxpressoide-10.3.1_2233/ide/plugins/com.nxp.mcuxpresso.tools.linux_10.3.0.201811011841/tools/bin/../lib/gcc/arm-none-eabi/7.3.1/../../../../arm-none-eabi/lib/thumb/v7e-m/fpv4-sp/softfp/libcr_c.a(fpprintf.o)
 .comment       0x00000000000000ef       0x80 /usr/local/mcuxpressoide-10.3.1_2233/ide/plugins/com.nxp.mcuxpresso.tools.linux_10.3.0.201811011841/tools/bin/../lib/gcc/arm-none-eabi/7.3.1/../../../../arm-none-eabi/lib/thumb/v7e-m/fpv4-sp/softfp/libcr_c.a(initio.o)
 .comment       0x00000000000000ef       0x80 /usr/local/mcuxpressoide-10.3.1_2233/ide/plugins/com.nxp.mcuxpresso.tools.linux_10.3.0.201811011841/tools/bin/../lib/gcc/arm-none-eabi/7.3.1/../../../../arm-none-eabi/lib/thumb/v7e-m/fpv4-sp/softfp/libcr_c.a(printf.o)
 .comment       0x00000000000000ef       0x80 /usr/local/mcuxpressoide-10.3.1_2233/ide/plugins/com.nxp.mcuxpresso.tools.linux_10.3.0.201811011841/tools/bin/../lib/gcc/arm-none-eabi/7.3.1/../../../../arm-none-eabi/lib/thumb/v7e-m/fpv4-sp/softfp/libcr_c.a(setvbuf.o)
 .comment       0x00000000000000ef       0x80 /usr/local/mcuxpressoide-10.3.1_2233/ide/plugins/com.nxp.mcuxpresso.tools.linux_10.3.0.201811011841/tools/bin/../lib/gcc/arm-none-eabi/7.3.1/../../../../arm-none-eabi/lib/thumb/v7e-m/fpv4-sp/softfp/libcr_c.a(strlen.o)
 .comment       0x00000000000000ef       0x80 /usr/local/mcuxpressoide-10.3.1_2233/ide/plugins/com.nxp.mcuxpresso.tools.linux_10.3.0.201811011841/tools/bin/../lib/gcc/arm-none-eabi/7.3.1/../../../../arm-none-eabi/lib/thumb/v7e-m/fpv4-sp/softfp/libcr_c.a(memset.o)
 .comment       0x00000000000000ef       0x80 /usr/local/mcuxpressoide-10.3.1_2233/ide/plugins/com.nxp.mcuxpresso.tools.linux_10.3.0.201811011841/tools/bin/../lib/gcc/arm-none-eabi/7.3.1/../../../../arm-none-eabi/lib/thumb/v7e-m/fpv4-sp/softfp/libcr_c.a(_deferredlazyseek.o)
 .comment       0x00000000000000ef       0x80 /usr/local/mcuxpressoide-10.3.1_2233/ide/plugins/com.nxp.mcuxpresso.tools.linux_10.3.0.201811011841/tools/bin/../lib/gcc/arm-none-eabi/7.3.1/../../../../arm-none-eabi/lib/thumb/v7e-m/fpv4-sp/softfp/libcr_c.a(_fdopen.o)
 .comment       0x00000000000000ef       0x80 /usr/local/mcuxpressoide-10.3.1_2233/ide/plugins/com.nxp.mcuxpresso.tools.linux_10.3.0.201811011841/tools/bin/../lib/gcc/arm-none-eabi/7.3.1/../../../../arm-none-eabi/lib/thumb/v7e-m/fpv4-sp/softfp/libcr_c.a(_fflush.o)
 .comment       0x00000000000000ef       0x80 /usr/local/mcuxpressoide-10.3.1_2233/ide/plugins/com.nxp.mcuxpresso.tools.linux_10.3.0.201811011841/tools/bin/../lib/gcc/arm-none-eabi/7.3.1/../../../../arm-none-eabi/lib/thumb/v7e-m/fpv4-sp/softfp/libcr_c.a(_frexpl.o)
 .comment       0x00000000000000ef       0x80 /usr/local/mcuxpressoide-10.3.1_2233/ide/plugins/com.nxp.mcuxpresso.tools.linux_10.3.0.201811011841/tools/bin/../lib/gcc/arm-none-eabi/7.3.1/../../../../arm-none-eabi/lib/thumb/v7e-m/fpv4-sp/softfp/libcr_c.a(_ldexpl.o)
 .comment       0x00000000000000ef       0x80 /usr/local/mcuxpressoide-10.3.1_2233/ide/plugins/com.nxp.mcuxpresso.tools.linux_10.3.0.201811011841/tools/bin/../lib/gcc/arm-none-eabi/7.3.1/../../../../arm-none-eabi/lib/thumb/v7e-m/fpv4-sp/softfp/libcr_c.a(_writebuf.o)
 .comment       0x00000000000000ef       0x80 /usr/local/mcuxpressoide-10.3.1_2233/ide/plugins/com.nxp.mcuxpresso.tools.linux_10.3.0.201811011841/tools/bin/../lib/gcc/arm-none-eabi/7.3.1/../../../../arm-none-eabi/lib/thumb/v7e-m/fpv4-sp/softfp/libcr_c.a(alloc.o)
 .comment       0x00000000000000ef       0x80 /usr/local/mcuxpressoide-10.3.1_2233/ide/plugins/com.nxp.mcuxpresso.tools.linux_10.3.0.201811011841/tools/bin/../lib/gcc/arm-none-eabi/7.3.1/../../../../arm-none-eabi/lib/thumb/v7e-m/fpv4-sp/softfp/libcr_c.a(errno.o)
 .comment       0x00000000000000ef       0x80 /usr/local/mcuxpressoide-10.3.1_2233/ide/plugins/com.nxp.mcuxpresso.tools.linux_10.3.0.201811011841/tools/bin/../lib/gcc/arm-none-eabi/7.3.1/../../../../arm-none-eabi/lib/thumb/v7e-m/fpv4-sp/softfp/libcr_c.a(fclose.o)
 .comment       0x00000000000000ef       0x80 /usr/local/mcuxpressoide-10.3.1_2233/ide/plugins/com.nxp.mcuxpresso.tools.linux_10.3.0.201811011841/tools/bin/../lib/gcc/arm-none-eabi/7.3.1/../../../../arm-none-eabi/lib/thumb/v7e-m/fpv4-sp/softfp/libcr_c.a(fflush.o)
 .comment       0x00000000000000ef       0x80 /usr/local/mcuxpressoide-10.3.1_2233/ide/plugins/com.nxp.mcuxpresso.tools.linux_10.3.0.201811011841/tools/bin/../lib/gcc/arm-none-eabi/7.3.1/../../../../arm-none-eabi/lib/thumb/v7e-m/fpv4-sp/softfp/libcr_c.a(fseek.o)
 .comment       0x00000000000000ef       0x80 /usr/local/mcuxpressoide-10.3.1_2233/ide/plugins/com.nxp.mcuxpresso.tools.linux_10.3.0.201811011841/tools/bin/../lib/gcc/arm-none-eabi/7.3.1/../../../../arm-none-eabi/lib/thumb/v7e-m/fpv4-sp/softfp/libcr_c.a(ftell.o)
 .comment       0x00000000000000ef       0x80 /usr/local/mcuxpressoide-10.3.1_2233/ide/plugins/com.nxp.mcuxpresso.tools.linux_10.3.0.201811011841/tools/bin/../lib/gcc/arm-none-eabi/7.3.1/../../../../arm-none-eabi/lib/thumb/v7e-m/fpv4-sp/softfp/libcr_c.a(remove.o)
 .comment       0x00000000000000ef       0x80 /usr/local/mcuxpressoide-10.3.1_2233/ide/plugins/com.nxp.mcuxpresso.tools.linux_10.3.0.201811011841/tools/bin/../lib/gcc/arm-none-eabi/7.3.1/../../../../arm-none-eabi/lib/thumb/v7e-m/fpv4-sp/softfp/libcr_c.a(__init_alloc.o)
 .comment       0x00000000000000ef       0x80 /usr/local/mcuxpressoide-10.3.1_2233/ide/plugins/com.nxp.mcuxpresso.tools.linux_10.3.0.201811011841/tools/bin/../lib/gcc/arm-none-eabi/7.3.1/../../../../arm-none-eabi/lib/thumb/v7e-m/fpv4-sp/softfp/libcr_c.a(_cr_sbrk.o)
 .comment       0x00000000000000ef       0x80 /usr/local/mcuxpressoide-10.3.1_2233/ide/plugins/com.nxp.mcuxpresso.tools.linux_10.3.0.201811011841/tools/bin/../lib/gcc/arm-none-eabi/7.3.1/../../../../arm-none-eabi/lib/thumb/v7e-m/fpv4-sp/softfp/libcr_c.a(_do_fflush.o)
 .comment       0x00000000000000ef       0x80 /usr/local/mcuxpressoide-10.3.1_2233/ide/plugins/com.nxp.mcuxpresso.tools.linux_10.3.0.201811011841/tools/bin/../lib/gcc/arm-none-eabi/7.3.1/../../../../arm-none-eabi/lib/thumb/v7e-m/fpv4-sp/softfp/libcr_c.a(_hugeval.o)
 .comment       0x00000000000000ef       0x80 /usr/local/mcuxpressoide-10.3.1_2233/ide/plugins/com.nxp.mcuxpresso.tools.linux_10.3.0.201811011841/tools/bin/../lib/gcc/arm-none-eabi/7.3.1/../../../../arm-none-eabi/lib/thumb/v7e-m/fpv4-sp/softfp/libcr_c.a(_cr_check_heap.o)
 .comment       0x00000000000000ef       0x80 /usr/local/mcuxpressoide-10.3.1_2233/ide/plugins/com.nxp.mcuxpresso.tools.linux_10.3.0.201811011841/tools/bin/../lib/gcc/arm-none-eabi/7.3.1/thumb/v7e-m/fpv4-sp/softfp/libcr_eabihelpers.a(double.o)
 .comment       0x00000000000000ef       0x80 /usr/local/mcuxpressoide-10.3.1_2233/ide/plugins/com.nxp.mcuxpresso.tools.linux_10.3.0.201811011841/tools/bin/../lib/gcc/arm-none-eabi/7.3.1/../../../../arm-none-eabi/lib/thumb/v7e-m/fpv4-sp/softfp/libcr_nohost.a(__ciob.o)
 .comment       0x00000000000000ef       0x80 /usr/local/mcuxpressoide-10.3.1_2233/ide/plugins/com.nxp.mcuxpresso.tools.linux_10.3.0.201811011841/tools/bin/../lib/gcc/arm-none-eabi/7.3.1/../../../../arm-none-eabi/lib/thumb/v7e-m/fpv4-sp/softfp/libcr_nohost.a(__sys_appexit.o)
 .comment       0x00000000000000ef       0x80 /usr/local/mcuxpressoide-10.3.1_2233/ide/plugins/com.nxp.mcuxpresso.tools.linux_10.3.0.201811011841/tools/bin/../lib/gcc/arm-none-eabi/7.3.1/../../../../arm-none-eabi/lib/thumb/v7e-m/fpv4-sp/softfp/libcr_nohost.a(__sys_close.o)
 .comment       0x00000000000000ef       0x80 /usr/local/mcuxpressoide-10.3.1_2233/ide/plugins/com.nxp.mcuxpresso.tools.linux_10.3.0.201811011841/tools/bin/../lib/gcc/arm-none-eabi/7.3.1/../../../../arm-none-eabi/lib/thumb/v7e-m/fpv4-sp/softfp/libcr_nohost.a(__sys_flen.o)
 .comment       0x00000000000000ef       0x80 /usr/local/mcuxpressoide-10.3.1_2233/ide/plugins/com.nxp.mcuxpresso.tools.linux_10.3.0.201811011841/tools/bin/../lib/gcc/arm-none-eabi/7.3.1/../../../../arm-none-eabi/lib/thumb/v7e-m/fpv4-sp/softfp/libcr_nohost.a(__sys_istty.o)
 .comment       0x00000000000000ef       0x80 /usr/local/mcuxpressoide-10.3.1_2233/ide/plugins/com.nxp.mcuxpresso.tools.linux_10.3.0.201811011841/tools/bin/../lib/gcc/arm-none-eabi/7.3.1/../../../../arm-none-eabi/lib/thumb/v7e-m/fpv4-sp/softfp/libcr_nohost.a(__sys_remove.o)
 .comment       0x00000000000000ef       0x80 /usr/local/mcuxpressoide-10.3.1_2233/ide/plugins/com.nxp.mcuxpresso.tools.linux_10.3.0.201811011841/tools/bin/../lib/gcc/arm-none-eabi/7.3.1/../../../../arm-none-eabi/lib/thumb/v7e-m/fpv4-sp/softfp/libcr_nohost.a(__sys_seek.o)
 .comment       0x00000000000000ef       0x80 /usr/local/mcuxpressoide-10.3.1_2233/ide/plugins/com.nxp.mcuxpresso.tools.linux_10.3.0.201811011841/tools/bin/../lib/gcc/arm-none-eabi/7.3.1/../../../../arm-none-eabi/lib/thumb/v7e-m/fpv4-sp/softfp/libcr_nohost.a(__sys_tmpnam.o)

.ARM.attributes
                0x0000000000000000       0x35
 .ARM.attributes
                0x0000000000000000       0x37 ./src/cr_startup_lpc5411x.o
 .ARM.attributes
                0x0000000000000037       0x37 ./src/sysinit.o
 .ARM.attributes
                0x000000000000006e       0x37 ./src/uart_rb.o
 .ARM.attributes
                0x00000000000000a5       0x37 /home/harsh/LPC 54114/lpc_board_lpcxpresso_54114/Debug/liblpc_board_lpcxpresso_54114.a(board.o)
 .ARM.attributes
                0x00000000000000dc       0x37 /home/harsh/LPC 54114/lpc_board_lpcxpresso_54114/Debug/liblpc_board_lpcxpresso_54114.a(board_sysinit.o)
 .ARM.attributes
                0x0000000000000113       0x37 /home/harsh/LPC 54114/lpc_chip_5411x/Debug/liblpc_chip_5411x.a(chip_5411x.o)
 .ARM.attributes
                0x000000000000014a       0x37 /home/harsh/LPC 54114/lpc_chip_5411x/Debug/liblpc_chip_5411x.a(clock_5411x.o)
 .ARM.attributes
                0x0000000000000181       0x37 /home/harsh/LPC 54114/lpc_chip_5411x/Debug/liblpc_chip_5411x.a(fpu_init.o)
 .ARM.attributes
                0x00000000000001b8       0x37 /home/harsh/LPC 54114/lpc_chip_5411x/Debug/liblpc_chip_5411x.a(pll_5411x.o)
 .ARM.attributes
                0x00000000000001ef       0x37 /home/harsh/LPC 54114/lpc_chip_5411x/Debug/liblpc_chip_5411x.a(ring_buffer.o)
 .ARM.attributes
                0x0000000000000226       0x37 /home/harsh/LPC 54114/lpc_chip_5411x/Debug/liblpc_chip_5411x.a(syscon_5411x.o)
 .ARM.attributes
                0x000000000000025d       0x37 /home/harsh/LPC 54114/lpc_chip_5411x/Debug/liblpc_chip_5411x.a(sysinit_5411x.o)
 .ARM.attributes
                0x0000000000000294       0x37 /home/harsh/LPC 54114/lpc_chip_5411x/Debug/liblpc_chip_5411x.a(uart_5411x.o)
 .ARM.attributes
                0x00000000000002cb       0x37 /home/harsh/LPC 54114/lpc_chip_5411x/Debug/liblpc_chip_5411x.a(flexcomm_5411x.o)
 .ARM.attributes
                0x0000000000000302       0x37 /home/harsh/LPC 54114/lpc_chip_5411x/libs/libpower.a(power_library.o)
 .ARM.attributes
                0x0000000000000339       0x37 /usr/local/mcuxpressoide-10.3.1_2233/ide/plugins/com.nxp.mcuxpresso.tools.linux_10.3.0.201811011841/tools/bin/../lib/gcc/arm-none-eabi/7.3.1/../../../../arm-none-eabi/lib/thumb/v7e-m/fpv4-sp/softfp/libcr_nohost.a(_cr__main.o)
 .ARM.attributes
                0x0000000000000370       0x37 /usr/local/mcuxpressoide-10.3.1_2233/ide/plugins/com.nxp.mcuxpresso.tools.linux_10.3.0.201811011841/tools/bin/../lib/gcc/arm-none-eabi/7.3.1/../../../../arm-none-eabi/lib/thumb/v7e-m/fpv4-sp/softfp/libcr_c.a(memcpy.o)
 .ARM.attributes
                0x00000000000003a7       0x37 /usr/local/mcuxpressoide-10.3.1_2233/ide/plugins/com.nxp.mcuxpresso.tools.linux_10.3.0.201811011841/tools/bin/../lib/gcc/arm-none-eabi/7.3.1/../../../../arm-none-eabi/lib/thumb/v7e-m/fpv4-sp/softfp/libcr_c.a(fpprintf.o)
 .ARM.attributes
                0x00000000000003de       0x37 /usr/local/mcuxpressoide-10.3.1_2233/ide/plugins/com.nxp.mcuxpresso.tools.linux_10.3.0.201811011841/tools/bin/../lib/gcc/arm-none-eabi/7.3.1/../../../../arm-none-eabi/lib/thumb/v7e-m/fpv4-sp/softfp/libcr_c.a(initio.o)
 .ARM.attributes
                0x0000000000000415       0x37 /usr/local/mcuxpressoide-10.3.1_2233/ide/plugins/com.nxp.mcuxpresso.tools.linux_10.3.0.201811011841/tools/bin/../lib/gcc/arm-none-eabi/7.3.1/../../../../arm-none-eabi/lib/thumb/v7e-m/fpv4-sp/softfp/libcr_c.a(printf.o)
 .ARM.attributes
                0x000000000000044c       0x37 /usr/local/mcuxpressoide-10.3.1_2233/ide/plugins/com.nxp.mcuxpresso.tools.linux_10.3.0.201811011841/tools/bin/../lib/gcc/arm-none-eabi/7.3.1/../../../../arm-none-eabi/lib/thumb/v7e-m/fpv4-sp/softfp/libcr_c.a(setvbuf.o)
 .ARM.attributes
                0x0000000000000483       0x37 /usr/local/mcuxpressoide-10.3.1_2233/ide/plugins/com.nxp.mcuxpresso.tools.linux_10.3.0.201811011841/tools/bin/../lib/gcc/arm-none-eabi/7.3.1/../../../../arm-none-eabi/lib/thumb/v7e-m/fpv4-sp/softfp/libcr_c.a(strlen.o)
 .ARM.attributes
                0x00000000000004ba       0x37 /usr/local/mcuxpressoide-10.3.1_2233/ide/plugins/com.nxp.mcuxpresso.tools.linux_10.3.0.201811011841/tools/bin/../lib/gcc/arm-none-eabi/7.3.1/../../../../arm-none-eabi/lib/thumb/v7e-m/fpv4-sp/softfp/libcr_c.a(memset.o)
 .ARM.attributes
                0x00000000000004f1       0x37 /usr/local/mcuxpressoide-10.3.1_2233/ide/plugins/com.nxp.mcuxpresso.tools.linux_10.3.0.201811011841/tools/bin/../lib/gcc/arm-none-eabi/7.3.1/../../../../arm-none-eabi/lib/thumb/v7e-m/fpv4-sp/softfp/libcr_c.a(_deferredlazyseek.o)
 .ARM.attributes
                0x0000000000000528       0x37 /usr/local/mcuxpressoide-10.3.1_2233/ide/plugins/com.nxp.mcuxpresso.tools.linux_10.3.0.201811011841/tools/bin/../lib/gcc/arm-none-eabi/7.3.1/../../../../arm-none-eabi/lib/thumb/v7e-m/fpv4-sp/softfp/libcr_c.a(_fdopen.o)
 .ARM.attributes
                0x000000000000055f       0x37 /usr/local/mcuxpressoide-10.3.1_2233/ide/plugins/com.nxp.mcuxpresso.tools.linux_10.3.0.201811011841/tools/bin/../lib/gcc/arm-none-eabi/7.3.1/../../../../arm-none-eabi/lib/thumb/v7e-m/fpv4-sp/softfp/libcr_c.a(_fflush.o)
 .ARM.attributes
                0x0000000000000596       0x37 /usr/local/mcuxpressoide-10.3.1_2233/ide/plugins/com.nxp.mcuxpresso.tools.linux_10.3.0.201811011841/tools/bin/../lib/gcc/arm-none-eabi/7.3.1/../../../../arm-none-eabi/lib/thumb/v7e-m/fpv4-sp/softfp/libcr_c.a(_frexpl.o)
 .ARM.attributes
                0x00000000000005cd       0x37 /usr/local/mcuxpressoide-10.3.1_2233/ide/plugins/com.nxp.mcuxpresso.tools.linux_10.3.0.201811011841/tools/bin/../lib/gcc/arm-none-eabi/7.3.1/../../../../arm-none-eabi/lib/thumb/v7e-m/fpv4-sp/softfp/libcr_c.a(_ldexpl.o)
 .ARM.attributes
                0x0000000000000604       0x37 /usr/local/mcuxpressoide-10.3.1_2233/ide/plugins/com.nxp.mcuxpresso.tools.linux_10.3.0.201811011841/tools/bin/../lib/gcc/arm-none-eabi/7.3.1/../../../../arm-none-eabi/lib/thumb/v7e-m/fpv4-sp/softfp/libcr_c.a(_writebuf.o)
 .ARM.attributes
                0x000000000000063b       0x37 /usr/local/mcuxpressoide-10.3.1_2233/ide/plugins/com.nxp.mcuxpresso.tools.linux_10.3.0.201811011841/tools/bin/../lib/gcc/arm-none-eabi/7.3.1/../../../../arm-none-eabi/lib/thumb/v7e-m/fpv4-sp/softfp/libcr_c.a(alloc.o)
 .ARM.attributes
                0x0000000000000672       0x37 /usr/local/mcuxpressoide-10.3.1_2233/ide/plugins/com.nxp.mcuxpresso.tools.linux_10.3.0.201811011841/tools/bin/../lib/gcc/arm-none-eabi/7.3.1/../../../../arm-none-eabi/lib/thumb/v7e-m/fpv4-sp/softfp/libcr_c.a(errno.o)
 .ARM.attributes
                0x00000000000006a9       0x37 /usr/local/mcuxpressoide-10.3.1_2233/ide/plugins/com.nxp.mcuxpresso.tools.linux_10.3.0.201811011841/tools/bin/../lib/gcc/arm-none-eabi/7.3.1/../../../../arm-none-eabi/lib/thumb/v7e-m/fpv4-sp/softfp/libcr_c.a(fclose.o)
 .ARM.attributes
                0x00000000000006e0       0x37 /usr/local/mcuxpressoide-10.3.1_2233/ide/plugins/com.nxp.mcuxpresso.tools.linux_10.3.0.201811011841/tools/bin/../lib/gcc/arm-none-eabi/7.3.1/../../../../arm-none-eabi/lib/thumb/v7e-m/fpv4-sp/softfp/libcr_c.a(fflush.o)
 .ARM.attributes
                0x0000000000000717       0x37 /usr/local/mcuxpressoide-10.3.1_2233/ide/plugins/com.nxp.mcuxpresso.tools.linux_10.3.0.201811011841/tools/bin/../lib/gcc/arm-none-eabi/7.3.1/../../../../arm-none-eabi/lib/thumb/v7e-m/fpv4-sp/softfp/libcr_c.a(fseek.o)
 .ARM.attributes
                0x000000000000074e       0x37 /usr/local/mcuxpressoide-10.3.1_2233/ide/plugins/com.nxp.mcuxpresso.tools.linux_10.3.0.201811011841/tools/bin/../lib/gcc/arm-none-eabi/7.3.1/../../../../arm-none-eabi/lib/thumb/v7e-m/fpv4-sp/softfp/libcr_c.a(ftell.o)
 .ARM.attributes
                0x0000000000000785       0x37 /usr/local/mcuxpressoide-10.3.1_2233/ide/plugins/com.nxp.mcuxpresso.tools.linux_10.3.0.201811011841/tools/bin/../lib/gcc/arm-none-eabi/7.3.1/../../../../arm-none-eabi/lib/thumb/v7e-m/fpv4-sp/softfp/libcr_c.a(remove.o)
 .ARM.attributes
                0x00000000000007bc       0x37 /usr/local/mcuxpressoide-10.3.1_2233/ide/plugins/com.nxp.mcuxpresso.tools.linux_10.3.0.201811011841/tools/bin/../lib/gcc/arm-none-eabi/7.3.1/../../../../arm-none-eabi/lib/thumb/v7e-m/fpv4-sp/softfp/libcr_c.a(__init_alloc.o)
 .ARM.attributes
                0x00000000000007f3       0x37 /usr/local/mcuxpressoide-10.3.1_2233/ide/plugins/com.nxp.mcuxpresso.tools.linux_10.3.0.201811011841/tools/bin/../lib/gcc/arm-none-eabi/7.3.1/../../../../arm-none-eabi/lib/thumb/v7e-m/fpv4-sp/softfp/libcr_c.a(_cr_sbrk.o)
 .ARM.attributes