Archive member included to satisfy reference by file (symbol)

/home/harsh/LPC 54114/lpc_board_lpcxpresso_54114/Debug/liblpc_board_lpcxpresso_54114.a(board.o)
                              ./src/pllfract.o (Board_UARTGetChar)
/home/harsh/LPC 54114/lpc_board_lpcxpresso_54114/Debug/liblpc_board_lpcxpresso_54114.a(board_sysinit.o)
                              ./src/sysinit.o (Board_SystemInit)
/home/harsh/LPC 54114/lpc_chip_5411x/Debug/liblpc_chip_5411x.a(chip_5411x.o)
                              ./src/pllfract.o (SystemCoreClockUpdate)
/home/harsh/LPC 54114/lpc_chip_5411x/Debug/liblpc_chip_5411x.a(clock_5411x.o)
                              /home/harsh/LPC 54114/lpc_board_lpcxpresso_54114/Debug/liblpc_board_lpcxpresso_54114.a(board.o) (Chip_Clock_EnablePeriphClock)
/home/harsh/LPC 54114/lpc_chip_5411x/Debug/liblpc_chip_5411x.a(fpu_init.o)
                              ./src/sysinit.o (fpuInit)
/home/harsh/LPC 54114/lpc_chip_5411x/Debug/liblpc_chip_5411x.a(pll_5411x.o)
                              ./src/pllfract.o (Chip_Clock_GetSystemPLLInClockRate)
/home/harsh/LPC 54114/lpc_chip_5411x/Debug/liblpc_chip_5411x.a(syscon_5411x.o)
                              ./src/pllfract.o (Chip_SYSCON_PowerUp)
/home/harsh/LPC 54114/lpc_chip_5411x/Debug/liblpc_chip_5411x.a(sysinit_5411x.o)
                              /home/harsh/LPC 54114/lpc_board_lpcxpresso_54114/Debug/liblpc_board_lpcxpresso_54114.a(board_sysinit.o) (Chip_SetupFROClocking)
/home/harsh/LPC 54114/lpc_chip_5411x/Debug/liblpc_chip_5411x.a(uart_5411x.o)
                              /home/harsh/LPC 54114/lpc_board_lpcxpresso_54114/Debug/liblpc_board_lpcxpresso_54114.a(board.o) (Chip_UART_Init)
/home/harsh/LPC 54114/lpc_chip_5411x/Debug/liblpc_chip_5411x.a(flexcomm_5411x.o)
                              /home/harsh/LPC 54114/lpc_chip_5411x/Debug/liblpc_chip_5411x.a(uart_5411x.o) (Chip_FLEXCOMM_GetIndex)
/home/harsh/LPC 54114/lpc_chip_5411x/Debug/liblpc_chip_5411x.a(ring_buffer.o)
                              /home/harsh/LPC 54114/lpc_chip_5411x/Debug/liblpc_chip_5411x.a(uart_5411x.o) (RingBuffer_Insert)
/home/harsh/LPC 54114/lpc_chip_5411x/libs/libpower.a(power_library.o)
                              /home/harsh/LPC 54114/lpc_chip_5411x/Debug/liblpc_chip_5411x.a(sysinit_5411x.o) (Chip_POWER_SetFROHFRate)
/usr/local/mcuxpressoide-10.3.1_2233/ide/plugins/com.nxp.mcuxpresso.tools.linux_10.3.0.201811011841/tools/bin/../lib/gcc/arm-none-eabi/7.3.1/../../../../arm-none-eabi/lib/thumb/v7e-m/fpv4-sp/softfp/libcr_nohost.a(_cr__main.o)
                              ./src/cr_startup_lpc5411x.o (__main)
/usr/local/mcuxpressoide-10.3.1_2233/ide/plugins/com.nxp.mcuxpresso.tools.linux_10.3.0.201811011841/tools/bin/../lib/gcc/arm-none-eabi/7.3.1/../../../../arm-none-eabi/lib/thumb/v7e-m/fpv4-sp/softfp/libcr_c.a(memcpy.o)
                              /home/harsh/LPC 54114/lpc_chip_5411x/Debug/liblpc_chip_5411x.a(ring_buffer.o) (memcpy)
/usr/local/mcuxpressoide-10.3.1_2233/ide/plugins/com.nxp.mcuxpresso.tools.linux_10.3.0.201811011841/tools/bin/../lib/gcc/arm-none-eabi/7.3.1/../../../../arm-none-eabi/lib/thumb/v7e-m/fpv4-sp/softfp/libcr_c.a(fpprintf.o)
                              ./src/pllfract.o (printf)
/usr/local/mcuxpressoide-10.3.1_2233/ide/plugins/com.nxp.mcuxpresso.tools.linux_10.3.0.201811011841/tools/bin/../lib/gcc/arm-none-eabi/7.3.1/../../../../arm-none-eabi/lib/thumb/v7e-m/fpv4-sp/softfp/libcr_c.a(initio.o)
                              /usr/local/mcuxpressoide-10.3.1_2233/ide/plugins/com.nxp.mcuxpresso.tools.linux_10.3.0.201811011841/tools/bin/../lib/gcc/arm-none-eabi/7.3.1/../../../../arm-none-eabi/lib/thumb/v7e-m/fpv4-sp/softfp/libcr_nohost.a(_cr__main.o) (_initio)
/usr/local/mcuxpressoide-10.3.1_2233/ide/plugins/com.nxp.mcuxpresso.tools.linux_10.3.0.201811011841/tools/bin/../lib/gcc/arm-none-eabi/7.3.1/../../../../arm-none-eabi/lib/thumb/v7e-m/fpv4-sp/softfp/libcr_c.a(printf.o)
                              /usr/local/mcuxpressoide-10.3.1_2233/ide/plugins/com.nxp.mcuxpresso.tools.linux_10.3.0.201811011841/tools/bin/../lib/gcc/arm-none-eabi/7.3.1/../../../../arm-none-eabi/lib/thumb/v7e-m/fpv4-sp/softfp/libcr_c.a(fpprintf.o) (__vfprintf)
/usr/local/mcuxpressoide-10.3.1_2233/ide/plugins/com.nxp.mcuxpresso.tools.linux_10.3.0.201811011841/tools/bin/../lib/gcc/arm-none-eabi/7.3.1/../../../../arm-none-eabi/lib/thumb/v7e-m/fpv4-sp/softfp/libcr_c.a(setvbuf.o)
                              /usr/local/mcuxpressoide-10.3.1_2233/ide/plugins/com.nxp.mcuxpresso.tools.linux_10.3.0.201811011841/tools/bin/../lib/gcc/arm-none-eabi/7.3.1/../../../../arm-none-eabi/lib/thumb/v7e-m/fpv4-sp/softfp/libcr_c.a(initio.o) (setvbuf)
/usr/local/mcuxpressoide-10.3.1_2233/ide/plugins/com.nxp.mcuxpresso.tools.linux_10.3.0.201811011841/tools/bin/../lib/gcc/arm-none-eabi/7.3.1/../../../../arm-none-eabi/lib/thumb/v7e-m/fpv4-sp/softfp/libcr_c.a(strlen.o)
                              /home/harsh/LPC 54114/lpc_board_lpcxpresso_54114/Debug/liblpc_board_lpcxpresso_54114.a(board.o) (strlen)
[...]
Memory Configuration

Name             Origin             Length             Attributes
MFlash256        0x0000000000000000 0x0000000000040000 xr
Ram0_64          0x0000000020000000 0x0000000000010000 xrw
Ram1_64          0x0000000020010000 0x0000000000010000 xrw
Ram2_32          0x0000000020020000 0x0000000000008000 xrw
RamX_32          0x0000000004000000 0x0000000000008000 xrw
*default*        0x0000000000000000 0xffffffffffffffff

Linker script and memory map

LOAD ./src/cr_startup_lpc5411x.o
LOAD ./src/crp.o
LOAD ./src/pllfract.o
LOAD ./src/sysinit.o
LOAD /home/harsh/LPC 54114/lpc_board_lpcxpresso_54114/Debug/liblpc_board_lpcxpresso_54114.a
LOAD /home/harsh/LPC 54114/lpc_chip_5411x/Debug/liblpc_chip_5411x.a
LOAD /home/harsh/LPC 54114/lpc_chip_5411x/libs/libpower.a
START GROUP
LOAD /usr/local/mcuxpressoide-10.3.1_2233/ide/plugins/com.nxp.mcuxpresso.tools.linux_10.3.0.201811011841/tools/bin/../lib/gcc/arm-none-eabi/7.3.1/../../../../arm-none-eabi/lib/thumb/v7e-m/fpv4-sp/softfp/libcr_nohost.a
LOAD /usr/local/mcuxpressoide-10.3.1_2233/ide/plugins/com.nxp.mcuxpresso.tools.linux_10.3.0.201811011841/tools/bin/../lib/gcc/arm-none-eabi/7.3.1/../../../../arm-none-eabi/lib/thumb/v7e-m/fpv4-sp/softfp/libcr_c.a
LOAD /usr/local/mcuxpressoide-10.3.1_2233/ide/plugins/com.nxp.mcuxpresso.tools.linux_10.3.0.201811011841/tools/bin/../lib/gcc/arm-none-eabi/7.3.1/thumb/v7e-m/fpv4-sp/softfp/libcr_eabihelpers.a
LOAD /usr/local/mcuxpressoide-10.3.1_2233/ide/plugins/com.nxp.mcuxpresso.tools.linux_10.3.0.201811011841/tools/bin/../lib/gcc/arm-none-eabi/7.3.1/thumb/v7e-m/fpv4-sp/softfp/libgcc.a
END GROUP
                0x0000000000000000                __base_MFlash256 = 0x0
                0x0000000000000000                __base_Flash = 0x0
                0x0000000000040000                __top_MFlash256 = 0x40000
                0x0000000000040000                __top_Flash = 0x40000
                0x0000000020000000                __base_Ram0_64 = 0x20000000
                0x0000000020000000                __base_RAM = 0x20000000
                0x0000000020010000                __top_Ram0_64 = 0x20010000
                0x0000000020010000                __top_RAM = 0x20010000
                0x0000000020010000                __base_Ram1_64 = 0x20010000
                0x0000000020010000                __base_RAM2 = 0x20010000
                0x0000000020020000                __top_Ram1_64 = 0x20020000
                0x0000000020020000                __top_RAM2 = 0x20020000
                0x0000000020020000                __base_Ram2_32 = 0x20020000
                0x0000000020020000                __base_RAM3 = 0x20020000
                0x0000000020028000                __top_Ram2_32 = 0x20028000
                0x0000000020028000                __top_RAM3 = 0x20028000
                0x0000000004000000                __base_RamX_32 = 0x4000000
                0x0000000004000000                __base_RAM4 = 0x4000000
                0x0000000004008000                __top_RamX_32 = 0x4008000
                0x0000000004008000                __top_RAM4 = 0x4008000

.text           0x0000000000000000     0x52ac
 FILL mask 0xff
                0x0000000000000000                __vectors_start__ = ABSOLUTE (.)
 *(.isr_vector)
 .isr_vector    0x0000000000000000       0xe0 ./src/cr_startup_lpc5411x.o
                0x0000000000000000                g_pfnVectors
                0x00000000000000e0                . = ALIGN (0x4)
                0x00000000000000e0                __section_table_start = .
                0x00000000000000e0                __data_section_table = .
                0x00000000000000e0        0x4 LONG 0x52ac LOADADDR (.data)
                0x00000000000000e4        0x4 LONG 0x20000000 ADDR (.data)
                0x00000000000000e8        0x4 LONG 0x10 SIZEOF (.data)
                0x00000000000000ec        0x4 LONG 0x52ac LOADADDR (.data_RAM2)
                0x00000000000000f0        0x4 LONG 0x20010000 ADDR (.data_RAM2)
                0x00000000000000f4        0x4 LONG 0x0 SIZEOF (.data_RAM2)
                0x00000000000000f8        0x4 LONG 0x52ac LOADADDR (.data_RAM3)
                0x00000000000000fc        0x4 LONG 0x20020000 ADDR (.data_RAM3)
                0x0000000000000100        0x4 LONG 0x0 SIZEOF (.data_RAM3)
                0x0000000000000104        0x4 LONG 0x52ac LOADADDR (.data_RAM4)
                0x0000000000000108        0x4 LONG 0x4000000 ADDR (.data_RAM4)
                0x000000000000010c        0x4 LONG 0x0 SIZEOF (.data_RAM4)
                0x0000000000000110                __data_section_table_end = .
                0x0000000000000110                __bss_section_table = .
                0x0000000000000110        0x4 LONG 0x20000010 ADDR (.bss)
                0x0000000000000114        0x4 LONG 0x204 SIZEOF (.bss)
                0x0000000000000118        0x4 LONG 0x20010000 ADDR (.bss_RAM2)
                0x000000000000011c        0x4 LONG 0x0 SIZEOF (.bss_RAM2)
                0x0000000000000120        0x4 LONG 0x20020000 ADDR (.bss_RAM3)
                0x0000000000000124        0x4 LONG 0x0 SIZEOF (.bss_RAM3)
                0x0000000000000128        0x4 LONG 0x4000000 ADDR (.bss_RAM4)
                0x000000000000012c        0x4 LONG 0x0 SIZEOF (.bss_RAM4)
                0x0000000000000130                __bss_section_table_end = .
                0x0000000000000130                __section_table_end = .
 *(.after_vectors*)
 .after_vectors
                0x0000000000000130       0xb8 ./src/cr_startup_lpc5411x.o
                0x0000000000000130                data_init
                0x0000000000000174                bss_init
                0x00000000000001ac                NMI_Handler
                0x00000000000001b2                HardFault_Handler
                0x00000000000001b8                MemManage_Handler
                0x00000000000001be                BusFault_Handler
                0x00000000000001c4                UsageFault_Handler
                0x00000000000001ca                SVC_Handler
                0x00000000000001d0                DebugMon_Handler
                0x00000000000001d6                PendSV_Handler
                0x00000000000001dc                SysTick_Handler
                0x00000000000001e2                SCT0_IRQHandler
                0x00000000000001e2                WDT_BOD_IRQHandler
                0x00000000000001e2                FLEXCOMM5_IRQHandler
                0x00000000000001e2                FLEXCOMM7_IRQHandler
                0x00000000000001e2                MRT_IRQHandler
                0x00000000000001e2                ADC_SEQB_IRQHandler
                0x00000000000001e2                HWVAD_IRQHandler
                0x00000000000001e2                FLEXCOMM3_IRQHandler
                0x00000000000001e2                CT32B2_IRQHandler
                0x00000000000001e2                PIN_INT6_IRQHandler
                0x00000000000001e2                IntDefaultHandler
                0x00000000000001e2                PIN_INT4_IRQHandler
                0x00000000000001e2                FLEXCOMM6_IRQHandler
                0x00000000000001e2                RTC_IRQHandler
                0x00000000000001e2                FLEXCOMM0_IRQHandler
                0x00000000000001e2                USB_NEEDCLK_IRQHandler
                0x00000000000001e2                CT32B3_IRQHandler
                0x00000000000001e2                CT32B1_IRQHandler
                0x00000000000001e2                PIN_INT5_IRQHandler
                0x00000000000001e2                PIN_INT2_IRQHandler
                0x00000000000001e2                FLEXCOMM2_IRQHandler
                0x00000000000001e2                PIN_INT7_IRQHandler
                0x00000000000001e2                ADC_THCMP_IRQHandler
                0x00000000000001e2                PIN_INT1_IRQHandler
                0x00000000000001e2                USB_IRQHandler
                0x00000000000001e2                CT32B4_IRQHandler
                0x00000000000001e2                IOH_IRQHandler
                0x00000000000001e2                MAILBOX_IRQHandler
                0x00000000000001e2                ADC_SEQA_IRQHandler
                0x00000000000001e2                PIN_INT0_IRQHandler
                0x00000000000001e2                SPIFI_IRQHandler
                0x00000000000001e2                UTICK_IRQHandler
                0x00000000000001e2                CT32B0_IRQHandler
                0x00000000000001e2                GINT0_IRQHandler
                0x00000000000001e2                FLEXCOMM4_IRQHandler
                0x00000000000001e2                FLEXCOMM1_IRQHandler
                0x00000000000001e2                DMA_IRQHandler
                0x00000000000001e2                Reserved38_IRQHandler
                0x00000000000001e2                PIN_INT3_IRQHandler
                0x00000000000001e2                GINT1_IRQHandler
                0x00000000000001e2                DMIC_IRQHandler
 .after_vectors.reset
                0x00000000000001e8       0xc8 ./src/cr_startup_lpc5411x.o
                0x00000000000001e8                ResetISR
 *(.text*)
 .text.Chip_SYSCON_StartFreqMeas
                0x00000000000002b0       0x24 ./src/pllfract.o
 .text.Chip_SYSCON_IsFreqMeasComplete
                0x00000000000002d4       0x1c ./src/pllfract.o
 .text.Chip_SYSCON_GetRawFreqMeasCapval
                0x00000000000002f0       0x1a ./src/pllfract.o
 .text.Chip_SYSCON_PowerDown
                0x000000000000030a       0x1e ./src/pllfract.o
 .text.Chip_Clock_SetSystemPLLSource
                0x0000000000000328       0x20 ./src/pllfract.o
 .text.Chip_Clock_GetExtClockInRate
                0x0000000000000348       0x18 ./src/pllfract.o
 .text.Chip_Clock_SetMain_A_ClockSource
                0x0000000000000360       0x20 ./src/pllfract.o
 .text.Chip_Clock_SetMain_B_ClockSource
                0x0000000000000380       0x20 ./src/pllfract.o
 .text.Chip_Clock_SetCLKOUTSource
                0x00000000000003a0       0x38 ./src/pllfract.o
 .text.Chip_Clock_EnableRTCOsc
                0x00000000000003d8       0x18 ./src/pllfract.o
 .text.Chip_Clock_SetMainClockSource
                0x00000000000003f0       0x3c ./src/pllfract.o
 .text.Chip_IOCON_PinMuxSet
                0x000000000000042c       0x2e ./src/pllfract.o
 *fill*         0x000000000000045a        0x2 ff
 .text.Chip_INMUX_SetFreqMeasRefClock
                0x000000000000045c       0x24 ./src/pllfract.o
 .text.Chip_INMUX_SetFreqMeasTargClock
                0x0000000000000480       0x24 ./src/pllfract.o
 .text.Chip_RTC_DisableOptions
                0x00000000000004a4       0x2a ./src/pllfract.o
 .text.Chip_RTC_PowerUp
                0x00000000000004ce       0x1a ./src/pllfract.o
 .text.reverseFreqMeasure
                0x00000000000004e8       0x38 ./src/pllfract.o
 .text.setPllRate
                0x0000000000000520      0x138 ./src/pllfract.o
 .text.get_option
                0x0000000000000658      0x138 ./src/pllfract.o
 .text.main     0x0000000000000790      0x1e8 ./src/pllfract.o
                0x0000000000000790                main
 .text.SystemInit
                0x0000000000000978       0x20 ./src/sysinit.o
                0x0000000000000978                SystemInit
 .text.Board_LED_Init
                0x0000000000000998       0x44 /home/harsh/LPC 54114/lpc_board_lpcxpresso_54114/Debug/liblpc_board_lpcxpresso_54114.a(board.o)
 .text.Board_TestIO_Init
                0x00000000000009dc       0x44 /home/harsh/LPC 54114/lpc_board_lpcxpresso_54114/Debug/liblpc_board_lpcxpresso_54114.a(board.o)
 .text.Board_Button_Init
                0x0000000000000a20       0x40 /home/harsh/LPC 54114/lpc_board_lpcxpresso_54114/Debug/liblpc_board_lpcxpresso_54114.a(board.o)
 .text.Board_UART_Init
                0x0000000000000a60       0x3c /home/harsh/LPC 54114/lpc_board_lpcxpresso_54114/Debug/liblpc_board_lpcxpresso_54114.a(board.o)
 .text.Board_UARTPutChar
                0x0000000000000a9c       0x1c /home/harsh/LPC 54114/lpc_board_lpcxpresso_54114/Debug/liblpc_board_lpcxpresso_54114.a(board.o)
                0x0000000000000a9c                Board_UARTPutChar
 .text.__sys_write
                0x0000000000000ab8       0x1a /home/harsh/LPC 54114/lpc_board_lpcxpresso_54114/Debug/liblpc_board_lpcxpresso_54114.a(board.o)
                0x0000000000000ab8                __sys_write
 *fill*         0x0000000000000ad2        0x2 ff
 .text.Board_UARTGetChar
                0x0000000000000ad4       0x28 /home/harsh/LPC 54114/lpc_board_lpcxpresso_54114/Debug/liblpc_board_lpcxpresso_54114.a(board.o)
                0x0000000000000ad4                Board_UARTGetChar
 .text.Board_UARTPutSTR
                0x0000000000000afc       0x18 /home/harsh/LPC 54114/lpc_board_lpcxpresso_54114/Debug/liblpc_board_lpcxpresso_54114.a(board.o)
                0x0000000000000afc                Board_UARTPutSTR
 .text.Board_Debug_Init
                0x0000000000000b14        0x8 /home/harsh/LPC 54114/lpc_board_lpcxpresso_54114/Debug/liblpc_board_lpcxpresso_54114.a(board.o)
                0x0000000000000b14                Board_Debug_Init
 .text.Board_Init
                0x0000000000000b1c       0x58 /home/harsh/LPC 54114/lpc_board_lpcxpresso_54114/Debug/liblpc_board_lpcxpresso_54114.a(board.o)
                0x0000000000000b1c                Board_Init
 .text.ConfigureBridgeSSEL
                0x0000000000000b74       0x8c /home/harsh/LPC 54114/lpc_board_lpcxpresso_54114/Debug/liblpc_board_lpcxpresso_54114.a(board_sysinit.o)
 .text.Board_SetupMuxing
                0x0000000000000c00       0x38 /home/harsh/LPC 54114/lpc_board_lpcxpresso_54114/Debug/liblpc_board_lpcxpresso_54114.a(board_sysinit.o)
                0x0000000000000c00                Board_SetupMuxing
 .text.Board_SetupClocking
                0x0000000000000c38       0x28 /home/harsh/LPC 54114/lpc_board_lpcxpresso_54114/Debug/liblpc_board_lpcxpresso_54114.a(board_sysinit.o)
                0x0000000000000c38                Board_SetupClocking
 .text.Board_SystemInit
                0x0000000000000c60       0x20 /home/harsh/LPC 54114/lpc_board_lpcxpresso_54114/Debug/liblpc_board_lpcxpresso_54114.a(board_sysinit.o)
                0x0000000000000c60                Board_SystemInit
 .text.SystemCoreClockUpdate
                0x0000000000000c80       0x18 /home/harsh/LPC 54114/lpc_chip_5411x/Debug/liblpc_chip_5411x.a(chip_5411x.o)
                0x0000000000000c80                SystemCoreClockUpdate
 .text.Chip_Clock_GetExtClockInRate
                0x0000000000000c98       0x18 /home/harsh/LPC 54114/lpc_chip_5411x/Debug/liblpc_chip_5411x.a(clock_5411x.o)
 .text.Chip_Clock_GetRTCOscRate
                0x0000000000000cb0       0x12 /home/harsh/LPC 54114/lpc_chip_5411x/Debug/liblpc_chip_5411x.a(clock_5411x.o)
 *fill*         0x0000000000000cc2        0x2 ff
 .text.Chip_Clock_GetFROHFRate
                0x0000000000000cc4       0x2c /home/harsh/LPC 54114/lpc_chip_5411x/Debug/liblpc_chip_5411x.a(clock_5411x.o)
 .text.Chip_Clock_GetMain_A_ClockSource
                0x0000000000000cf0       0x1e /home/harsh/LPC 54114/lpc_chip_5411x/Debug/liblpc_chip_5411x.a(clock_5411x.o)
 .text.Chip_Clock_GetMain_B_ClockSource
                0x0000000000000d0e       0x18 /home/harsh/LPC 54114/lpc_chip_5411x/Debug/liblpc_chip_5411x.a(clock_5411x.o)
 .text.Chip_Clock_GetFRGClockSource
                0x0000000000000d26       0x1e /home/harsh/LPC 54114/lpc_chip_5411x/Debug/liblpc_chip_5411x.a(clock_5411x.o)
 .text.Chip_Clock_GetMain_A_ClockRate
                0x0000000000000d44       0x60 /home/harsh/LPC 54114/lpc_chip_5411x/Debug/liblpc_chip_5411x.a(clock_5411x.o)
                0x0000000000000d44                Chip_Clock_GetMain_A_ClockRate
 .text.Chip_Clock_GetMain_B_ClockRate
                0x0000000000000da4       0x40 /home/harsh/LPC 54114/lpc_chip_5411x/Debug/liblpc_chip_5411x.a(clock_5411x.o)
                0x0000000000000da4                Chip_Clock_GetMain_B_ClockRate
 .text.Chip_Clock_EnablePeriphClock
                0x0000000000000de4       0x58 /home/harsh/LPC 54114/lpc_chip_5411x/Debug/liblpc_chip_5411x.a(clock_5411x.o)
                0x0000000000000de4                Chip_Clock_EnablePeriphClock
 .text.Chip_Clock_GetMainClockRate
                0x0000000000000e3c       0x28 /home/harsh/LPC 54114/lpc_chip_5411x/Debug/liblpc_chip_5411x.a(clock_5411x.o)
                0x0000000000000e3c                Chip_Clock_GetMainClockRate
 .text.Chip_Clock_GetSystemClockRate
                0x0000000000000e64       0x1e /home/harsh/LPC 54114/lpc_chip_5411x/Debug/liblpc_chip_5411x.a(clock_5411x.o)
                0x0000000000000e64                Chip_Clock_GetSystemClockRate
 *fill*         0x0000000000000e82        0x2 ff
 .text.Chip_Clock_GetFRGInClockRate
                0x0000000000000e84       0x60 /home/harsh/LPC 54114/lpc_chip_5411x/Debug/liblpc_chip_5411x.a(clock_5411x.o)
                0x0000000000000e84                Chip_Clock_GetFRGInClockRate
 .text.Chip_Clock_GetWDTOSCRate
                0x0000000000000ee4       0x70 /home/harsh/LPC 54114/lpc_chip_5411x/Debug/liblpc_chip_5411x.a(clock_5411x.o)
                0x0000000000000ee4                Chip_Clock_GetWDTOSCRate
 .text.fpuInit  0x0000000000000f54       0x74 /home/harsh/LPC 54114/lpc_chip_5411x/Debug/liblpc_chip_5411x.a(fpu_init.o)
                0x0000000000000f54                fpuInit
 .text.Chip_SYSCON_PowerDown
                0x0000000000000fc8       0x1e /home/harsh/LPC 54114/lpc_chip_5411x/Debug/liblpc_chip_5411x.a(pll_5411x.o)
 .text.Chip_Clock_IsSystemPLLLocked
                0x0000000000000fe6       0x24 /home/harsh/LPC 54114/lpc_chip_5411x/Debug/liblpc_chip_5411x.a(pll_5411x.o)
 *fill*         0x000000000000100a        0x2 ff
 .text.Chip_Clock_GetExtClockInRate
                0x000000000000100c       0x18 /home/harsh/LPC 54114/lpc_chip_5411x/Debug/liblpc_chip_5411x.a(pll_5411x.o)
 .text.Chip_Clock_GetRTCOscRate
                0x0000000000001024       0x12 /home/harsh/LPC 54114/lpc_chip_5411x/Debug/liblpc_chip_5411x.a(pll_5411x.o)
 .text.pllEncodeN
                0x0000000000001036       0x80 /home/harsh/LPC 54114/lpc_chip_5411x/Debug/liblpc_chip_5411x.a(pll_5411x.o)
 .text.pllDecodeN
                0x00000000000010b6       0xa0 /home/harsh/LPC 54114/lpc_chip_5411x/Debug/liblpc_chip_5411x.a(pll_5411x.o)
 .text.pllEncodeP
                0x0000000000001156       0x6e /home/harsh/LPC 54114/lpc_chip_5411x/Debug/liblpc_chip_5411x.a(pll_5411x.o)
 .text.pllDecodeP
                0x00000000000011c4       0x88 /home/harsh/LPC 54114/lpc_chip_5411x/Debug/liblpc_chip_5411x.a(pll_5411x.o)
 .text.pllEncodeM
                0x000000000000124c       0x80 /home/harsh/LPC 54114/lpc_chip_5411x/Debug/liblpc_chip_5411x.a(pll_5411x.o)
 .text.pllDecodeM
                0x00000000000012cc       0xa0 /home/harsh/LPC 54114/lpc_chip_5411x/Debug/liblpc_chip_5411x.a(pll_5411x.o)
 .text.pllFindSel
                0x000000000000136c       0xae /home/harsh/LPC 54114/lpc_chip_5411x/Debug/liblpc_chip_5411x.a(pll_5411x.o)
 .text.findPllPreDiv
                0x000000000000141a       0x3a /home/harsh/LPC 54114/lpc_chip_5411x/Debug/liblpc_chip_5411x.a(pll_5411x.o)
                0x000000000000141a                findPllPreDiv
 .text.findPllPostDiv
                0x0000000000001454       0x3e /home/harsh/LPC 54114/lpc_chip_5411x/Debug/liblpc_chip_5411x.a(pll_5411x.o)
                0x0000000000001454                findPllPostDiv
 .text.findPllMMult
                0x0000000000001492       0x40 /home/harsh/LPC 54114/lpc_chip_5411x/Debug/liblpc_chip_5411x.a(pll_5411x.o)
                0x0000000000001492                findPllMMult
 .text.FindGreatestCommonDivisor
                0x00000000000014d2       0x3a /home/harsh/LPC 54114/lpc_chip_5411x/Debug/liblpc_chip_5411x.a(pll_5411x.o)
 .text.Chip_Clock_GetPllConfig
                0x000000000000150c      0x284 /home/harsh/LPC 54114/lpc_chip_5411x/Debug/liblpc_chip_5411x.a(pll_5411x.o)
 .text.Chip_Clock_GetSystemPLLOutFromSetupUpdate
                0x0000000000001790       0x20 /home/harsh/LPC 54114/lpc_chip_5411x/Debug/liblpc_chip_5411x.a(pll_5411x.o)
 .text.Chip_Clock_GetSystemPLLInClockRate
                0x00000000000017b0       0x68 /home/harsh/LPC 54114/lpc_chip_5411x/Debug/liblpc_chip_5411x.a(pll_5411x.o)
                0x00000000000017b0                Chip_Clock_GetSystemPLLInClockRate
 .text.Chip_Clock_GetSystemPLLOutFromSetup
                0x0000000000001818      0x14e /home/harsh/LPC 54114/lpc_chip_5411x/Debug/liblpc_chip_5411x.a(pll_5411x.o)
                0x0000000000001818                Chip_Clock_GetSystemPLLOutFromSetup
 *fill*         0x0000000000001966        0x2 ff
 .text.Chip_Clock_GetSystemPLLOutClockRate
                0x0000000000001968       0x68 /home/harsh/LPC 54114/lpc_chip_5411x/Debug/liblpc_chip_5411x.a(pll_5411x.o)
                0x0000000000001968                Chip_Clock_GetSystemPLLOutClockRate
 .text.Chip_Clock_SetupPLLData
                0x00000000000019d0       0x90 /home/harsh/LPC 54114/lpc_chip_5411x/Debug/liblpc_chip_5411x.a(pll_5411x.o)
                0x00000000000019d0                Chip_Clock_SetupPLLData
 .text.Chip_Clock_SetupSystemPLLPrec
                0x0000000000001a60       0xe8 /home/harsh/LPC 54114/lpc_chip_5411x/Debug/liblpc_chip_5411x.a(pll_5411x.o)
                0x0000000000001a60                Chip_Clock_SetupSystemPLLPrec
 .text.Chip_SYSCON_Enable_ASYNC_Syscon
                0x0000000000001b48       0x2e /home/harsh/LPC 54114/lpc_chip_5411x/Debug/liblpc_chip_5411x.a(syscon_5411x.o)
                0x0000000000001b48                Chip_SYSCON_Enable_ASYNC_Syscon
 *fill*         0x0000000000001b76        0x2 ff
 .text.Chip_SYSCON_PowerUp
                0x0000000000001b78       0x8c /home/harsh/LPC 54114/lpc_chip_5411x/Debug/liblpc_chip_5411x.a(syscon_5411x.o)
                0x0000000000001b78                Chip_SYSCON_PowerUp
 .text.Chip_SYSCON_SetFLASHAccess
                0x0000000000001c04       0x34 /home/harsh/LPC 54114/lpc_chip_5411x/Debug/liblpc_chip_5411x.a(sysinit_5411x.o)
 .text.Chip_Clock_SetMain_A_ClockSource
                0x0000000000001c38       0x20 /home/harsh/LPC 54114/lpc_chip_5411x/Debug/liblpc_chip_5411x.a(sysinit_5411x.o)
 .text.Chip_Clock_SetMain_B_ClockSource
                0x0000000000001c58       0x20 /home/harsh/LPC 54114/lpc_chip_5411x/Debug/liblpc_chip_5411x.a(sysinit_5411x.o)
 .text.Chip_Clock_SetAsyncSysconClockSource
                0x0000000000001c78       0x20 /home/harsh/LPC 54114/lpc_chip_5411x/Debug/liblpc_chip_5411x.a(sysinit_5411x.o)
 .text.Chip_Clock_SetMainClockSource
                0x0000000000001c98       0x3c /home/harsh/LPC 54114/lpc_chip_5411x/Debug/liblpc_chip_5411x.a(sysinit_5411x.o)
 .text.setupFlashClocks
                0x0000000000001cd4       0x68 /home/harsh/LPC 54114/lpc_chip_5411x/Debug/liblpc_chip_5411x.a(sysinit_5411x.o)
 .text.Chip_SetupFROClocking
                0x0000000000001d3c       0x6c /home/harsh/LPC 54114/lpc_chip_5411x/Debug/liblpc_chip_5411x.a(sysinit_5411x.o)
                0x0000000000001d3c                Chip_SetupFROClocking
 .text.Chip_SYSCON_SetUSARTFRGCtrl
                0x0000000000001da8       0x2c /home/harsh/LPC 54114/lpc_chip_5411x/Debug/liblpc_chip_5411x.a(uart_5411x.o)
 .text.Chip_Clock_SetFLEXCOMMClockSource
                0x0000000000001dd4       0x26 /home/harsh/LPC 54114/lpc_chip_5411x/Debug/liblpc_chip_5411x.a(uart_5411x.o)
 .text.Chip_Clock_SetFRGClockSource
                0x0000000000001dfa       0x20 /home/harsh/LPC 54114/lpc_chip_5411x/Debug/liblpc_chip_5411x.a(uart_5411x.o)
 .text.Chip_Clock_GetFRGClockSource
                0x0000000000001e1a       0x1e /home/harsh/LPC 54114/lpc_chip_5411x/Debug/liblpc_chip_5411x.a(uart_5411x.o)
 .text.Chip_UART_SendByte
                0x0000000000001e38       0x20 /home/harsh/LPC 54114/lpc_chip_5411x/Debug/liblpc_chip_5411x.a(uart_5411x.o)
 .text.Chip_UART_ReadByte
                0x0000000000001e58       0x1e /home/harsh/LPC 54114/lpc_chip_5411x/Debug/liblpc_chip_5411x.a(uart_5411x.o)
 .text.Chip_UART_GetFIFOStatus
                0x0000000000001e76       0x1a /home/harsh/LPC 54114/lpc_chip_5411x/Debug/liblpc_chip_5411x.a(uart_5411x.o)
 .text.Chip_UART_SetFIFOCfg
                0x0000000000001e90       0x30 /home/harsh/LPC 54114/lpc_chip_5411x/Debug/liblpc_chip_5411x.a(uart_5411x.o)
 .text.Chip_UART_FlushFIFOs
                0x0000000000001ec0       0x1a /home/harsh/LPC 54114/lpc_chip_5411x/Debug/liblpc_chip_5411x.a(uart_5411x.o)
 .text._UART_DivClk
                0x0000000000001eda       0x64 /home/harsh/LPC 54114/lpc_chip_5411x/Debug/liblpc_chip_5411x.a(uart_5411x.o)
 .text._UART_GetHighDiv
                0x0000000000001f3e       0x52 /home/harsh/LPC 54114/lpc_chip_5411x/Debug/liblpc_chip_5411x.a(uart_5411x.o)
 .text._CalcErr
                0x0000000000001f90       0x6e /home/harsh/LPC 54114/lpc_chip_5411x/Debug/liblpc_chip_5411x.a(uart_5411x.o)
 *fill*         0x0000000000001ffe        0x2 ff
 .text._UART_CalcDiv
                0x0000000000002000       0xe4 /home/harsh/LPC 54114/lpc_chip_5411x/Debug/liblpc_chip_5411x.a(uart_5411x.o)
 .text._UART_CalcMul
                0x00000000000020e4       0xc8 /home/harsh/LPC 54114/lpc_chip_5411x/Debug/liblpc_chip_5411x.a(uart_5411x.o)
 .text.Chip_UART_Init
                0x00000000000021ac       0x32 /home/harsh/LPC 54114/lpc_chip_5411x/Debug/liblpc_chip_5411x.a(uart_5411x.o)
                0x00000000000021ac                Chip_UART_Init
 .text.Chip_UART_Send
                0x00000000000021de       0x50 /home/harsh/LPC 54114/lpc_chip_5411x/Debug/liblpc_chip_5411x.a(uart_5411x.o)
                0x00000000000021de                Chip_UART_Send
 .text.Chip_UART_SendBlocking
                0x000000000000222e       0x4a /home/harsh/LPC 54114/lpc_chip_5411x/Debug/liblpc_chip_5411x.a(uart_5411x.o)
                0x000000000000222e                Chip_UART_SendBlocking
 .text.Chip_UART_Read
                0x0000000000002278       0x52 /home/harsh/LPC 54114/lpc_chip_5411x/Debug/liblpc_chip_5411x.a(uart_5411x.o)
                0x0000000000002278                Chip_UART_Read
 .text.Chip_UART_CalculateBaud
                0x00000000000022ca       0x26 /home/harsh/LPC 54114/lpc_chip_5411x/Debug/liblpc_chip_5411x.a(uart_5411x.o)
                0x00000000000022ca                Chip_UART_CalculateBaud
 .text.Chip_UART_SetBaud
                0x00000000000022f0       0x8e /home/harsh/LPC 54114/lpc_chip_5411x/Debug/liblpc_chip_5411x.a(uart_5411x.o)
                0x00000000000022f0                Chip_UART_SetBaud
 *fill*         0x000000000000237e        0x2 ff
 .text.Chip_SYSCON_PeriphReset
                0x0000000000002380       0x84 /home/harsh/LPC 54114/lpc_chip_5411x/Debug/liblpc_chip_5411x.a(flexcomm_5411x.o)
 .text.Chip_SYSCON_EnableWakeup
                0x0000000000002404       0x34 /home/harsh/LPC 54114/lpc_chip_5411x/Debug/liblpc_chip_5411x.a(flexcomm_5411x.o)
 .text.Chip_Clock_SetFLEXCOMMClockSource
                0x0000000000002438       0x26 /home/harsh/LPC 54114/lpc_chip_5411x/Debug/liblpc_chip_5411x.a(flexcomm_5411x.o)
 *fill*         0x000000000000245e        0x2 ff
 .text.Chip_FLEXCOMM_GetIndex
                0x0000000000002460       0x9c /home/harsh/LPC 54114/lpc_chip_5411x/Debug/liblpc_chip_5411x.a(flexcomm_5411x.o)
                0x0000000000002460                Chip_FLEXCOMM_GetIndex
 .text.Chip_FLEXCOMM_Init
                0x00000000000024fc       0x74 /home/harsh/LPC 54114/lpc_chip_5411x/Debug/liblpc_chip_5411x.a(flexcomm_5411x.o)
                0x00000000000024fc                Chip_FLEXCOMM_Init
 .text.Chip_FLEXCOMM_SetPeriph
                0x0000000000002570       0x8e /home/harsh/LPC 54114/lpc_chip_5411x/Debug/liblpc_chip_5411x.a(flexcomm_5411x.o)
                0x0000000000002570                Chip_FLEXCOMM_SetPeriph
 *fill*         0x00000000000025fe        0x2 ff
 .text.Chip_POWER_SetFROHFRate
                0x0000000000002600       0x4c /home/harsh/LPC 54114/lpc_chip_5411x/libs/libpower.a(power_library.o)
                0x0000000000002600                Chip_POWER_SetFROHFRate
 .text.Chip_POWER_SetVoltage
                0x000000000000264c      0x118 /home/harsh/LPC 54114/lpc_chip_5411x/libs/libpower.a(power_library.o)
                0x000000000000264c                Chip_POWER_SetVoltage
 .text.__main   0x0000000000002764        0xe /usr/local/mcuxpressoide-10.3.1_2233/ide/plugins/com.nxp.mcuxpresso.tools.linux_10.3.0.201811011841/tools/bin/../lib/gcc/arm-none-eabi/7.3.1/../../../../arm-none-eabi/lib/thumb/v7e-m/fpv4-sp/softfp/libcr_nohost.a(_cr__main.o)
                0x0000000000002764                __main
 .text.fp_round
                0x0000000000002772       0x4e /usr/local/mcuxpressoide-10.3.1_2233/ide/plugins/com.nxp.mcuxpresso.tools.linux_10.3.0.201811011841/tools/bin/../lib/gcc/arm-none-eabi/7.3.1/../../../../arm-none-eabi/lib/thumb/v7e-m/fpv4-sp/softfp/libcr_c.a(fpprintf.o)
 .text.pr_dec.constprop.1
                0x00000000000027c0       0x26 /usr/local/mcuxpressoide-10.3.1_2233/ide/plugins/com.nxp.mcuxpresso.tools.linux_10.3.0.201811011841/tools/bin/../lib/gcc/arm-none-eabi/7.3.1/../../../../arm-none-eabi/lib/thumb/v7e-m/fpv4-sp/softfp/libcr_c.a(fpprintf.o)
 *fill*         0x00000000000027e6        0x2 ff
 .text.sprintf  0x00000000000027e8       0x6c /usr/local/mcuxpressoide-10.3.1_2233/ide/plugins/com.nxp.mcuxpresso.tools.linux_10.3.0.201811011841/tools/bin/../lib/gcc/arm-none-eabi/7.3.1/../../../../arm-none-eabi/lib/thumb/v7e-m/fpv4-sp/softfp/libcr_c.a(fpprintf.o)
                0x00000000000027e8                sprintf
 *fill*         0x0000000000002854        0x4 ff
 .text.fp_display
                0x0000000000002858      0x968 /usr/local/mcuxpressoide-10.3.1_2233/ide/plugins/com.nxp.mcuxpresso.tools.linux_10.3.0.201811011841/tools/bin/../lib/gcc/arm-none-eabi/7.3.1/../../../../arm-none-eabi/lib/thumb/v7e-m/fpv4-sp/softfp/libcr_c.a(fpprintf.o)
 .text.vsnprintf
                0x00000000000031c0       0x68 /usr/local/mcuxpressoide-10.3.1_2233/ide/plugins/com.nxp.mcuxpresso.tools.linux_10.3.0.201811011841/tools/bin/../lib/gcc/arm-none-eabi/7.3.1/../../../../arm-none-eabi/lib/thumb/v7e-m/fpv4-sp/softfp/libcr_c.a(fpprintf.o)
                0x00000000000031c0                vsnprintf
 .text.printf   0x0000000000003228       0x54 /usr/local/mcuxpressoide-10.3.1_2233/ide/plugins/com.nxp.mcuxpresso.tools.linux_10.3.0.201811011841/tools/bin/../lib/gcc/arm-none-eabi/7.3.1/../../../../arm-none-eabi/lib/thumb/v7e-m/fpv4-sp/softfp/libcr_c.a(fpprintf.o)
                0x0000000000003228                printf
 .text._initio  0x000000000000327c       0x78 /usr/local/mcuxpressoide-10.3.1_2233/ide/plugins/com.nxp.mcuxpresso.tools.linux_10.3.0.201811011841/tools/bin/../lib/gcc/arm-none-eabi/7.3.1/../../../../arm-none-eabi/lib/thumb/v7e-m/fpv4-sp/softfp/libcr_c.a(initio.o)
                0x000000000000327c                _initio
 .text.__vfprintf
                0x00000000000032f4      0xb8c /usr/local/mcuxpressoide-10.3.1_2233/ide/plugins/com.nxp.mcuxpresso.tools.linux_10.3.0.201811011841/tools/bin/../lib/gcc/arm-none-eabi/7.3.1/../../../../arm-none-eabi/lib/thumb/v7e-m/fpv4-sp/softfp/libcr_c.a(printf.o)
                0x00000000000032f4                __vfprintf
 .text.setvbuf  0x0000000000003e80       0x40 /usr/local/mcuxpressoide-10.3.1_2233/ide/plugins/com.nxp.mcuxpresso.tools.linux_10.3.0.201811011841/tools/bin/../lib/gcc/arm-none-eabi/7.3.1/../../../../arm-none-eabi/lib/thumb/v7e-m/fpv4-sp/softfp/libcr_c.a(setvbuf.o)
                0x0000000000003e80                setvbuf
 .text.strlen   0x0000000000003ec0       0x4a /usr/local/mcuxpressoide-10.3.1_2233/ide/plugins/com.nxp.mcuxpresso.tools.linux_10.3.0.201811011841/tools/bin/../lib/gcc/arm-none-eabi/7.3.1/../../../../arm-none-eabi/lib/thumb/v7e-m/fpv4-sp/softfp/libcr_c.a(strlen.o)
                0x0000000000003ec0                strlen
 .text.memset   0x0000000000003f0a        0x4 /usr/local/mcuxpressoide-10.3.1_2233/ide/plugins/com.nxp.mcuxpresso.tools.linux_10.3.0.201811011841/tools/bin/../lib/gcc/arm-none-eabi/7.3.1/../../../../arm-none-eabi/lib/thumb/v7e-m/fpv4-sp/softfp/libcr_c.a(memset.o)
                0x0000000000003f0a                memset
 .text._deferredlazyseek
                0x0000000000003f0e       0x40 /usr/local/mcuxpressoide-10.3.1_2233/ide/plugins/com.nxp.mcuxpresso.tools.linux_10.3.0.201811011841/tools/bin/../lib/gcc/arm-none-eabi/7.3.1/../../../../arm-none-eabi/lib/thumb/v7e-m/fpv4-sp/softfp/libcr_c.a(_deferredlazyseek.o)
                0x0000000000003f0e                _deferredlazyseek
 .text.__flsbuf
                0x0000000000003f4e      0x140 /usr/local/mcuxpressoide-10.3.1_2233/ide/plugins/com.nxp.mcuxpresso.tools.linux_10.3.0.201811011841/tools/bin/../lib/gcc/arm-none-eabi/7.3.1/../../../../arm-none-eabi/lib/thumb/v7e-m/fpv4-sp/softfp/libcr_c.a(_deferredlazyseek.o)
                0x0000000000003f4e                __flsbuf
 .text._fdopen  0x000000000000408e       0x68 /usr/local/mcuxpressoide-10.3.1_2233/ide/plugins/com.nxp.mcuxpresso.tools.linux_10.3.0.201811011841/tools/bin/../lib/gcc/arm-none-eabi/7.3.1/../../../../arm-none-eabi/lib/thumb/v7e-m/fpv4-sp/softfp/libcr_c.a(_fdopen.o)
                0x000000000000408e                _fdopen
 .text._fflush  0x00000000000040f6       0x52 /usr/local/mcuxpressoide-10.3.1_2233/ide/plugins/com.nxp.mcuxpresso.tools.linux_10.3.0.201811011841/tools/bin/../lib/gcc/arm-none-eabi/7.3.1/../../../../arm-none-eabi/lib/thumb/v7e-m/fpv4-sp/softfp/libcr_c.a(_fflush.o)
                0x00000000000040f6                _fflush
 .text._frexpl  0x0000000000004148       0x56 /usr/local/mcuxpressoide-10.3.1_2233/ide/plugins/com.nxp.mcuxpresso.tools.linux_10.3.0.201811011841/tools/bin/../lib/gcc/arm-none-eabi/7.3.1/../../../../arm-none-eabi/lib/thumb/v7e-m/fpv4-sp/softfp/libcr_c.a(_frexpl.o)
                0x0000000000004148                _frexpl
 *fill*         0x000000000000419e        0x2 ff
 .text._ldexpl  0x00000000000041a0       0x4c /usr/local/mcuxpressoide-10.3.1_2233/ide/plugins/com.nxp.mcuxpresso.tools.linux_10.3.0.201811011841/tools/bin/../lib/gcc/arm-none-eabi/7.3.1/../../../../arm-none-eabi/lib/thumb/v7e-m/fpv4-sp/softfp/libcr_c.a(_ldexpl.o)
                0x00000000000041a0                _ldexpl
 .text._Cwritebuf
                0x00000000000041ec       0x6c /usr/local/mcuxpressoide-10.3.1_2233/ide/plugins/com.nxp.mcuxpresso.tools.linux_10.3.0.201811011841/tools/bin/../lib/gcc/arm-none-eabi/7.3.1/../../../../arm-none-eabi/lib/thumb/v7e-m/fpv4-sp/softfp/libcr_c.a(_writebuf.o)
                0x00000000000041ec                _Cwritebuf
 .text.malloc   0x0000000000004258       0xc8 /usr/local/mcuxpressoide-10.3.1_2233/ide/plugins/com.nxp.mcuxpresso.tools.linux_10.3.0.201811011841/tools/bin/../lib/gcc/arm-none-eabi/7.3.1/../../../../arm-none-eabi/lib/thumb/v7e-m/fpv4-sp/softfp/libcr_c.a(alloc.o)
                0x0000000000004258                malloc
 .text.free     0x0000000000004320       0x30 /usr/local/mcuxpressoide-10.3.1_2233/ide/plugins/com.nxp.mcuxpresso.tools.linux_10.3.0.201811011841/tools/bin/../lib/gcc/arm-none-eabi/7.3.1/../../../../arm-none-eabi/lib/thumb/v7e-m/fpv4-sp/softfp/libcr_c.a(alloc.o)
                0x0000000000004320                free
 .text._Csys_alloc
                0x0000000000004350       0x20 /usr/local/mcuxpressoide-10.3.1_2233/ide/plugins/com.nxp.mcuxpresso.tools.linux_10.3.0.201811011841/tools/bin/../lib/gcc/arm-none-eabi/7.3.1/../../../../arm-none-eabi/lib/thumb/v7e-m/fpv4-sp/softfp/libcr_c.a(alloc.o)
                0x0000000000004350                _Csys_alloc
 .text.fclose   0x0000000000004370       0x58 /usr/local/mcuxpressoide-10.3.1_2233/ide/plugins/com.nxp.mcuxpresso.tools.linux_10.3.0.201811011841/tools/bin/../lib/gcc/arm-none-eabi/7.3.1/../../../../arm-none-eabi/lib/thumb/v7e-m/fpv4-sp/softfp/libcr_c.a(fclose.o)
                0x0000000000004370                fclose
 .text.fflush   0x00000000000043c8       0x44 /usr/local/mcuxpressoide-10.3.1_2233/ide/plugins/com.nxp.mcuxpresso.tools.linux_10.3.0.201811011841/tools/bin/../lib/gcc/arm-none-eabi/7.3.1/../../../../arm-none-eabi/lib/thumb/v7e-m/fpv4-sp/softfp/libcr_c.a(fflush.o)
                0x00000000000043c8                fflush
 .text.fseek    0x000000000000440c      0x100 /usr/local/mcuxpressoide-10.3.1_2233/ide/plugins/com.nxp.mcuxpresso.tools.linux_10.3.0.201811011841/tools/bin/../lib/gcc/arm-none-eabi/7.3.1/../../../../arm-none-eabi/lib/thumb/v7e-m/fpv4-sp/softfp/libcr_c.a(fseek.o)
                0x000000000000440c                fseek
 .text.ftell    0x000000000000450c       0x44 /usr/local/mcuxpressoide-10.3.1_2233/ide/plugins/com.nxp.mcuxpresso.tools.linux_10.3.0.201811011841/tools/bin/../lib/gcc/arm-none-eabi/7.3.1/../../../../arm-none-eabi/lib/thumb/v7e-m/fpv4-sp/softfp/libcr_c.a(ftell.o)
                0x000000000000450c                ftell
 .text.remove   0x0000000000004550       0x14 /usr/local/mcuxpressoide-10.3.1_2233/ide/plugins/com.nxp.mcuxpresso.tools.linux_10.3.0.201811011841/tools/bin/../lib/gcc/arm-none-eabi/7.3.1/../../../../arm-none-eabi/lib/thumb/v7e-m/fpv4-sp/softfp/libcr_c.a(remove.o)
                0x0000000000004550                remove
 .text._sbrk    0x0000000000004564       0x3c /usr/local/mcuxpressoide-10.3.1_2233/ide/plugins/com.nxp.mcuxpresso.tools.linux_10.3.0.201811011841/tools/bin/../lib/gcc/arm-none-eabi/7.3.1/../../../../arm-none-eabi/lib/thumb/v7e-m/fpv4-sp/softfp/libcr_c.a(_cr_sbrk.o)
                0x0000000000004564                _sbrk
 .text._do_fflush
                0x00000000000045a0       0x40 /usr/local/mcuxpressoide-10.3.1_2233/ide/plugins/com.nxp.mcuxpresso.tools.linux_10.3.0.201811011841/tools/bin/../lib/gcc/arm-none-eabi/7.3.1/../../../../arm-none-eabi/lib/thumb/v7e-m/fpv4-sp/softfp/libcr_c.a(_do_fflush.o)
                0x00000000000045a0                _do_fflush
 .text.__check_heap_overflow
                0x00000000000045e0       0x18 /usr/local/mcuxpressoide-10.3.1_2233/ide/plugins/com.nxp.mcuxpresso.tools.linux_10.3.0.201811011841/tools/bin/../lib/gcc/arm-none-eabi/7.3.1/../../../../arm-none-eabi/lib/thumb/v7e-m/fpv4-sp/softfp/libcr_c.a(_cr_check_heap.o)
                0x00000000000045e0                __check_heap_overflow
 .text.__aeabi_division_uldivmod
                0x00000000000045f8      0x174 /usr/local/mcuxpressoide-10.3.1_2233/ide/plugins/com.nxp.mcuxpresso.tools.linux_10.3.0.201811011841/tools/bin/../lib/gcc/arm-none-eabi/7.3.1/thumb/v7e-m/fpv4-sp/softfp/libcr_eabihelpers.a(division_64.o)
                0x00000000000045f8                __aeabi_uldivmod
                0x00000000000045fc                __bhs_ldivmod1
 .text.__aeabi_division_idiv0
                0x000000000000476c        0x2 /usr/local/mcuxpressoide-10.3.1_2233/ide/plugins/com.nxp.mcuxpresso.tools.linux_10.3.0.201811011841/tools/bin/../lib/gcc/arm-none-eabi/7.3.1/thumb/v7e-m/fpv4-sp/softfp/libcr_eabihelpers.a(division_idiv0.o)
                0x000000000000476c                __aeabi_idiv0
 *fill*         0x000000000000476e        0x2 ff
 .text.__aeabi_dmul
                0x0000000000004770      0x11c /usr/local/mcuxpressoide-10.3.1_2233/ide/plugins/com.nxp.mcuxpresso.tools.linux_10.3.0.201811011841/tools/bin/../lib/gcc/arm-none-eabi/7.3.1/thumb/v7e-m/fpv4-sp/softfp/libcr_eabihelpers.a(double.o)
                0x0000000000004770                __aeabi_dmul
 .text.__aeabi_ddiv
                0x000000000000488c      0x138 /usr/local/mcuxpressoide-10.3.1_2233/ide/plugins/com.nxp.mcuxpresso.tools.linux_10.3.0.201811011841/tools/bin/../lib/gcc/arm-none-eabi/7.3.1/thumb/v7e-m/fpv4-sp/softfp/libcr_eabihelpers.a(double.o)
                0x000000000000488c                __aeabi_ddiv
 .text.__aeabi_dsub
                0x00000000000049c4      0x1b4 /usr/local/mcuxpressoide-10.3.1_2233/ide/plugins/com.nxp.mcuxpresso.tools.linux_10.3.0.201811011841/tools/bin/../lib/gcc/arm-none-eabi/7.3.1/thumb/v7e-m/fpv4-sp/softfp/libcr_eabihelpers.a(double.o)
                0x00000000000049c4                __aeabi_dsub
 .text.__aeabi_dadd
                0x0000000000004b78      0x10c /usr/local/mcuxpressoide-10.3.1_2233/ide/plugins/com.nxp.mcuxpresso.tools.linux_10.3.0.201811011841/tools/bin/../lib/gcc/arm-none-eabi/7.3.1/thumb/v7e-m/fpv4-sp/softfp/libcr_eabihelpers.a(double.o)
                0x0000000000004b78                __aeabi_dadd
 .text.__aeabi_d2iz
                0x0000000000004c84       0x40 /usr/local/mcuxpressoide-10.3.1_2233/ide/plugins/com.nxp.mcuxpresso.tools.linux_10.3.0.201811011841/tools/bin/../lib/gcc/arm-none-eabi/7.3.1/thumb/v7e-m/fpv4-sp/softfp/libcr_eabihelpers.a(double.o)
                0x0000000000004c84                __aeabi_d2iz
 .text.__bhs_ui2d
                0x0000000000004cc4       0x46 /usr/local/mcuxpressoide-10.3.1_2233/ide/plugins/com.nxp.mcuxpresso.tools.linux_10.3.0.201811011841/tools/bin/../lib/gcc/arm-none-eabi/7.3.1/thumb/v7e-m/fpv4-sp/softfp/libcr_eabihelpers.a(double.o)
                0x0000000000004cc4                __bhs_ui2d
 .text.__aeabi_i2d
                0x0000000000004d0a       0x12 /usr/local/mcuxpressoide-10.3.1_2233/ide/plugins/com.nxp.mcuxpresso.tools.linux_10.3.0.201811011841/tools/bin/../lib/gcc/arm-none-eabi/7.3.1/thumb/v7e-m/fpv4-sp/softfp/libcr_eabihelpers.a(double.o)
                0x0000000000004d0a                __aeabi_i2d
 .text.__aeabi_dcmpeq
                0x0000000000004d1c       0x30 /usr/local/mcuxpressoide-10.3.1_2233/ide/plugins/com.nxp.mcuxpresso.tools.linux_10.3.0.201811011841/tools/bin/../lib/gcc/arm-none-eabi/7.3.1/thumb/v7e-m/fpv4-sp/softfp/libcr_eabihelpers.a(double.o)
                0x0000000000004d1c                __aeabi_dcmpeq
 .text.__aeabi_dcmplt
                0x0000000000004d4c       0x58 /usr/local/mcuxpressoide-10.3.1_2233/ide/plugins/com.nxp.mcuxpresso.tools.linux_10.3.0.201811011841/tools/bin/../lib/gcc/arm-none-eabi/7.3.1/thumb/v7e-m/fpv4-sp/softfp/libcr_eabihelpers.a(double.o)
                0x0000000000004d4c                __aeabi_dcmplt
 .text.__aeabi_dcmple
                0x0000000000004da4       0x5a /usr/local/mcuxpressoide-10.3.1_2233/ide/plugins/com.nxp.mcuxpresso.tools.linux_10.3.0.201811011841/tools/bin/../lib/gcc/arm-none-eabi/7.3.1/thumb/v7e-m/fpv4-sp/softfp/libcr_eabihelpers.a(double.o)
                0x0000000000004da4                __aeabi_dcmple
 .text.__aeabi_dcmpge
                0x0000000000004dfe       0x58 /usr/local/mcuxpressoide-10.3.1_2233/ide/plugins/com.nxp.mcuxpresso.tools.linux_10.3.0.201811011841/tools/bin/../lib/gcc/arm-none-eabi/7.3.1/thumb/v7e-m/fpv4-sp/softfp/libcr_eabihelpers.a(double.o)
                0x0000000000004dfe                __aeabi_dcmpge
 .text.__aeabi_memset_lowlevel
                0x0000000000004e56       0x32 /usr/local/mcuxpressoide-10.3.1_2233/ide/plugins/com.nxp.mcuxpresso.tools.linux_10.3.0.201811011841/tools/bin/../lib/gcc/arm-none-eabi/7.3.1/thumb/v7e-m/fpv4-sp/softfp/libcr_eabihelpers.a(memcpy.o)
                0x0000000000004e56                __aeabi_lowlevel_memset
 .text.__sys_appexit
                0x0000000000004e88        0x2 /usr/local/mcuxpressoide-10.3.1_2233/ide/plugins/com.nxp.mcuxpresso.tools.linux_10.3.0.201811011841/tools/bin/../lib/gcc/arm-none-eabi/7.3.1/../../../../arm-none-eabi/lib/thumb/v7e-m/fpv4-sp/softfp/libcr_nohost.a(__sys_appexit.o)
                0x0000000000004e88                __exit
                0x0000000000004e88                __sys_appexit
 .text.__sys_close
                0x0000000000004e8a        0x6 /usr/local/mcuxpressoide-10.3.1_2233/ide/plugins/com.nxp.mcuxpresso.tools.linux_10.3.0.201811011841/tools/bin/../lib/gcc/arm-none-eabi/7.3.1/../../../../arm-none-eabi/lib/thumb/v7e-m/fpv4-sp/softfp/libcr_nohost.a(__sys_close.o)
                0x0000000000004e8a                __sys_close
 .text.__sys_flen
                0x0000000000004e90        0x6 /usr/local/mcuxpressoide-10.3.1_2233/ide/plugins/com.nxp.mcuxpresso.tools.linux_10.3.0.201811011841/tools/bin/../lib/gcc/arm-none-eabi/7.3.1/../../../../arm-none-eabi/lib/thumb/v7e-m/fpv4-sp/softfp/libcr_nohost.a(__sys_flen.o)
                0x0000000000004e90                __sys_flen
 .text.__sys_istty
                0x0000000000004e96        0x6 /usr/local/mcuxpressoide-10.3.1_2233/ide/plugins/com.nxp.mcuxpresso.tools.linux_10.3.0.201811011841/tools/bin/../lib/gcc/arm-none-eabi/7.3.1/../../../../arm-none-eabi/lib/thumb/v7e-m/fpv4-sp/softfp/libcr_nohost.a(__sys_istty.o)
                0x0000000000004e96                __sys_istty
 .text.__sys_remove
                0x0000000000004e9c        0x6 /usr/local/mcuxpressoide-10.3.1_2233/ide/plugins/com.nxp.mcuxpresso.tools.linux_10.3.0.201811011841/tools/bin/../lib/gcc/arm-none-eabi/7.3.1/../../../../arm-none-eabi/lib/thumb/v7e-m/fpv4-sp/softfp/libcr_nohost.a(__sys_remove.o)
                0x0000000000004e9c                __sys_remove
 .text.__sys_seek
                0x0000000000004ea2        0x6 /usr/local/mcuxpressoide-10.3.1_2233/ide/plugins/com.nxp.mcuxpresso.tools.linux_10.3.0.201811011841/tools/bin/../lib/gcc/arm-none-eabi/7.3.1/../../../../arm-none-eabi/lib/thumb/v7e-m/fpv4-sp/softfp/libcr_nohost.a(__sys_seek.o)
                0x0000000000004ea2                __sys_seek
 .text.__sys_tmpnam
                0x0000000000004ea8        0x6 /usr/local/mcuxpressoide-10.3.1_2233/ide/plugins/com.nxp.mcuxpresso.tools.linux_10.3.0.201811011841/tools/bin/../lib/gcc/arm-none-eabi/7.3.1/../../../../arm-none-eabi/lib/thumb/v7e-m/fpv4-sp/softfp/libcr_nohost.a(__sys_tmpnam.o)
                0x0000000000004ea8                __sys_tmpnam
 *(.rodata .rodata.* .constdata .constdata.*)
 *fill*         0x0000000000004eae        0x2 ff
 .rodata.freqs  0x0000000000004eb0       0x64 ./src/pllfract.o
 .rodata        0x0000000000004f14      0x2a3 ./src/pllfract.o
 *fill*         0x00000000000051b7        0x1 ff
 .rodata.ExtClockIn
                0x00000000000051b8        0x4 /home/harsh/LPC 54114/lpc_board_lpcxpresso_54114/Debug/liblpc_board_lpcxpresso_54114.a(board.o)
                0x00000000000051b8                ExtClockIn
 .rodata.btnBits
                0x00000000000051bc        0x6 /home/harsh/LPC 54114/lpc_board_lpcxpresso_54114/Debug/liblpc_board_lpcxpresso_54114.a(board.o)
 *fill*         0x00000000000051c2        0x2 ff
 .rodata.ledBits
                0x00000000000051c4        0x6 /home/harsh/LPC 54114/lpc_board_lpcxpresso_54114/Debug/liblpc_board_lpcxpresso_54114.a(board.o)
 *fill*         0x00000000000051ca        0x2 ff
 .rodata.tstBits
                0x00000000000051cc        0x4 /home/harsh/LPC 54114/lpc_board_lpcxpresso_54114/Debug/liblpc_board_lpcxpresso_54114.a(board.o)
 .rodata.pinmuxing
                0x00000000000051d0       0x30 /home/harsh/LPC 54114/lpc_board_lpcxpresso_54114/Debug/liblpc_board_lpcxpresso_54114.a(board_sysinit.o)
 .rodata        0x0000000000005200       0x1f /home/harsh/LPC 54114/lpc_chip_5411x/Debug/liblpc_chip_5411x.a(clock_5411x.o)
 .rodata.fp_display.str1.1
                0x000000000000521f       0x34 /usr/local/mcuxpressoide-10.3.1_2233/ide/plugins/com.nxp.mcuxpresso.tools.linux_10.3.0.201811011841/tools/bin/../lib/gcc/arm-none-eabi/7.3.1/../../../../arm-none-eabi/lib/thumb/v7e-m/fpv4-sp/softfp/libcr_c.a(fpprintf.o)
                                         0x35 (size before relaxing)
 .rodata._initio.str1.1
                0x0000000000005253        0x4 /usr/local/mcuxpressoide-10.3.1_2233/ide/plugins/com.nxp.mcuxpresso.tools.linux_10.3.0.201811011841/tools/bin/../lib/gcc/arm-none-eabi/7.3.1/../../../../arm-none-eabi/lib/thumb/v7e-m/fpv4-sp/softfp/libcr_c.a(initio.o)
 .rodata.__vfprintf.str1.1
                0x0000000000005257       0x31 /usr/local/mcuxpressoide-10.3.1_2233/ide/plugins/com.nxp.mcuxpresso.tools.linux_10.3.0.201811011841/tools/bin/../lib/gcc/arm-none-eabi/7.3.1/../../../../arm-none-eabi/lib/thumb/v7e-m/fpv4-sp/softfp/libcr_c.a(printf.o)
                                         0x38 (size before relaxing)
 .rodata._Csys_alloc.str1.1
                0x0000000000005288       0x18 /usr/local/mcuxpressoide-10.3.1_2233/ide/plugins/com.nxp.mcuxpresso.tools.linux_10.3.0.201811011841/tools/bin/../lib/gcc/arm-none-eabi/7.3.1/../../../../arm-none-eabi/lib/thumb/v7e-m/fpv4-sp/softfp/libcr_c.a(alloc.o)
 .rodata.__huge_vall
                0x00000000000052a0        0x8 /usr/local/mcuxpressoide-10.3.1_2233/ide/plugins/com.nxp.mcuxpresso.tools.linux_10.3.0.201811011841/tools/bin/../lib/gcc/arm-none-eabi/7.3.1/../../../../arm-none-eabi/lib/thumb/v7e-m/fpv4-sp/softfp/libcr_c.a(_hugeval.o)
                0x00000000000052a0                __huge_vall
 .rodata.__num_Ciob_streams
                0x00000000000052a8        0x4 /usr/local/mcuxpressoide-10.3.1_2233/ide/plugins/com.nxp.mcuxpresso.tools.linux_10.3.0.201811011841/tools/bin/../lib/gcc/arm-none-eabi/7.3.1/../../../../arm-none-eabi/lib/thumb/v7e-m/fpv4-sp/softfp/libcr_nohost.a(__ciob.o)
                0x00000000000052a8                __num_Ciob_streams
                0x00000000000052ac                . = ALIGN (0x4)

.glue_7         0x00000000000052ac        0x0
 .glue_7        0x00000000000052ac        0x0 linker stubs

.glue_7t        0x00000000000052ac        0x0
 .glue_7t       0x00000000000052ac        0x0 linker stubs

.vfp11_veneer   0x00000000000052ac        0x0
 .vfp11_veneer  0x00000000000052ac        0x0 linker stubs

.v4_bx          0x00000000000052ac        0x0
 .v4_bx         0x00000000000052ac        0x0 linker stubs

.iplt           0x00000000000052ac        0x0
 .iplt          0x00000000000052ac        0x0 ./src/cr_startup_lpc5411x.o

.rel.dyn        0x00000000000052ac        0x0
 .rel.iplt      0x00000000000052ac        0x0 ./src/cr_startup_lpc5411x.o

.ARM.extab
 *(.ARM.extab* .gnu.linkonce.armextab.*)
                0x00000000000052ac                __exidx_start = .

.ARM.exidx
 *(.ARM.exidx* .gnu.linkonce.armexidx.*)
                0x00000000000052ac                __exidx_end = .
                0x00000000000052ac                _etext = .

.data_RAM2      0x0000000020010000        0x0 load address 0x00000000000052ac
 FILL mask 0xff
                [!provide]                        PROVIDE (__start_data_RAM2 = .)
 *(.ramfunc.$RAM2)
 *(.ramfunc.$Ram1_64)
 *(.data.$RAM2*)
 *(.data.$Ram1_64*)
                0x0000000020010000                . = ALIGN (0x4)
                [!provide]                        PROVIDE (__end_data_RAM2 = .)

.data_RAM3      0x0000000020020000        0x0 load address 0x00000000000052ac
 FILL mask 0xff
                [!provide]                        PROVIDE (__start_data_RAM3 = .)
 *(.ramfunc.$RAM3)
 *(.ramfunc.$Ram2_32)
 *(.data.$RAM3*)
 *(.data.$Ram2_32*)
                0x0000000020020000                . = ALIGN (0x4)
                [!provide]                        PROVIDE (__end_data_RAM3 = .)

.data_RAM4      0x0000000004000000        0x0 load address 0x00000000000052ac
 FILL mask 0xff
                [!provide]                        PROVIDE (__start_data_RAM4 = .)
 *(.ramfunc.$RAM4)
 *(.ramfunc.$RamX_32)
 *(.data.$RAM4*)
 *(.data.$RamX_32*)
                0x0000000004000000                . = ALIGN (0x4)
                [!provide]                        PROVIDE (__end_data_RAM4 = .)

.uninit_RESERVED
                0x0000000020000000        0x0
 *(.bss.$RESERVED*)
                0x0000000020000000                . = ALIGN (0x4)
                0x0000000020000000                _end_uninit_RESERVED = .

.data           0x0000000020000000       0x10 load address 0x00000000000052ac
 FILL mask 0xff
                0x0000000020000000                _data = .
 *(vtable)
 *(.ramfunc*)
 *(.data*)
 .data.in_name  0x0000000020000000       0x10 ./src/pllfract.o
                0x0000000020000010                . = ALIGN (0x4)
                0x0000000020000010                _edata = .

.igot.plt       0x0000000020000010        0x0 load address 0x00000000000052bc
 .igot.plt      0x0000000020000010        0x0 ./src/cr_startup_lpc5411x.o

.bss_RAM2       0x0000000020010000        0x0
                [!provide]                        PROVIDE (__start_bss_RAM2 = .)
 *(.bss.$RAM2*)
 *(.bss.$Ram1_64*)
                0x0000000020010000                . = ALIGN ((. != 0x0)?0x4:0x1)
                [!provide]                        PROVIDE (__end_bss_RAM2 = .)

.bss_RAM3       0x0000000020020000        0x0
                [!provide]                        PROVIDE (__start_bss_RAM3 = .)
 *(.bss.$RAM3*)
 *(.bss.$Ram2_32*)
                0x0000000020020000                . = ALIGN ((. != 0x0)?0x4:0x1)
                [!provide]                        PROVIDE (__end_bss_RAM3 = .)

.bss_RAM4       0x0000000004000000        0x0
                [!provide]                        PROVIDE (__start_bss_RAM4 = .)
 *(.bss.$RAM4*)
 *(.bss.$RamX_32*)
                0x0000000004000000                . = ALIGN ((. != 0x0)?0x4:0x1)
                [!provide]                        PROVIDE (__end_bss_RAM4 = .)

.bss            0x0000000020000010      0x204
                0x0000000020000010                _bss = .
 *(.bss*)
 .bss.curr_src  0x0000000020000010        0x1 ./src/pllfract.o
 *fill*         0x0000000020000011        0x3 
 .bss.freq_index
                0x0000000020000014        0x4 ./src/pllfract.o
 .bss.fmode     0x0000000020000018        0x4 ./src/pllfract.o
 .bss.curPllRate
                0x000000002000001c        0x4 /home/harsh/LPC 54114/lpc_chip_5411x/Debug/liblpc_chip_5411x.a(pll_5411x.o)
 .bss.errno     0x0000000020000020        0x4 /usr/local/mcuxpressoide-10.3.1_2233/ide/plugins/com.nxp.mcuxpresso.tools.linux_10.3.0.201811011841/tools/bin/../lib/gcc/arm-none-eabi/7.3.1/../../../../arm-none-eabi/lib/thumb/v7e-m/fpv4-sp/softfp/libcr_c.a(errno.o)
                0x0000000020000020                errno
 .bss.__end_of_heap
                0x0000000020000024        0x4 /usr/local/mcuxpressoide-10.3.1_2233/ide/plugins/com.nxp.mcuxpresso.tools.linux_10.3.0.201811011841/tools/bin/../lib/gcc/arm-none-eabi/7.3.1/../../../../arm-none-eabi/lib/thumb/v7e-m/fpv4-sp/softfp/libcr_c.a(__init_alloc.o)
                0x0000000020000024                __end_of_heap
 .bss.__heaps   0x0000000020000028        0x4 /usr/local/mcuxpressoide-10.3.1_2233/ide/plugins/com.nxp.mcuxpresso.tools.linux_10.3.0.201811011841/tools/bin/../lib/gcc/arm-none-eabi/7.3.1/../../../../arm-none-eabi/lib/thumb/v7e-m/fpv4-sp/softfp/libcr_c.a(__init_alloc.o)
                0x0000000020000028                __heaps
 .bss.__Ciob    0x000000002000002c      0x1e0 /usr/local/mcuxpressoide-10.3.1_2233/ide/plugins/com.nxp.mcuxpresso.tools.linux_10.3.0.201811011841/tools/bin/../lib/gcc/arm-none-eabi/7.3.1/../../../../arm-none-eabi/lib/thumb/v7e-m/fpv4-sp/softfp/libcr_nohost.a(__ciob.o)
                0x000000002000002c                __Ciob
 *(COMMON)
 COMMON         0x000000002000020c        0x4 ./src/cr_startup_lpc5411x.o
                0x000000002000020c                __SWVtrace_Enabled
 COMMON         0x0000000020000210        0x4 /home/harsh/LPC 54114/lpc_chip_5411x/Debug/liblpc_chip_5411x.a(chip_5411x.o)
                0x0000000020000210                SystemCoreClock
                0x0000000020000214                . = ALIGN (0x4)
                0x0000000020000214                _ebss = .
                [!provide]                        PROVIDE (end = .)

.noinit_RAM2    0x0000000020010000        0x0
 *(.noinit.$RAM2*)
 *(.noinit.$Ram1_64*)
                0x0000000020010000                . = ALIGN (0x4)

.noinit_RAM3    0x0000000020020000        0x0
 *(.noinit.$RAM3*)
 *(.noinit.$Ram2_32*)
                0x0000000020020000                . = ALIGN (0x4)

.noinit_RAM4    0x0000000004000000        0x0
 *(.noinit.$RAM4*)
 *(.noinit.$RamX_32*)
                0x0000000004000000                . = ALIGN (0x4)

.noinit         0x0000000020000214        0x0
                0x0000000020000214                _noinit = .
 *(.noinit*)
                0x0000000020000214                . = ALIGN (0x4)
                0x0000000020000214                _end_noinit = .
                0x0000000020000214                PROVIDE (_pvHeapStart = DEFINED (__user_heap_base)?__user_heap_base:.)
                0x0000000020010000                PROVIDE (_vStackTop = DEFINED (__user_stack_top)?__user_stack_top:(__top_Ram0_64 - 0x0))
                0xffffffffdffef57a                PROVIDE (__valid_user_code_checksum = (0x0 - ((((((_vStackTop + (ResetISR + 0x1)) + (NMI_Handler + 0x1)) + (HardFault_Handler + 0x1)) + (DEFINED (MemManage_Handler)?MemManage_Handler:0x0 + 0x1)) + (DEFINED (BusFault_Handler)?BusFault_Handler:0x0 + 0x1)) + (DEFINED (UsageFault_Handler)?UsageFault_Handler:0x0 + 0x1))))
                0x0000000000000000                _image_start = LOADADDR (.text)
                0x00000000000052bc                _image_end = (LOADADDR (.data) + SIZEOF (.data))
                0x00000000000052bc                _image_size = (_image_end - _image_start)
OUTPUT(periph_pllfract.axf elf32-littlearm)

.debug_info     0x0000000000000000     0xc347
 .debug_info    0x0000000000000000      0x2b2 ./src/cr_startup_lpc5411x.o
 .debug_info    0x00000000000002b2     0x131f ./src/pllfract.o
 .debug_info    0x00000000000015d1      0x4d6 ./src/sysinit.o
 .debug_info    0x0000000000001aa7     0x1986 /home/harsh/LPC 54114/lpc_board_lpcxpresso_54114/Debug/liblpc_board_lpcxpresso_54114.a(board.o)
 .debug_info    0x000000000000342d     0x1267 /home/harsh/LPC 54114/lpc_board_lpcxpresso_54114/Debug/liblpc_board_lpcxpresso_54114.a(board_sysinit.o)
 .debug_info    0x0000000000004694      0xe18 /home/harsh/LPC 54114/lpc_chip_5411x/Debug/liblpc_chip_5411x.a(chip_5411x.o)
 .debug_info    0x00000000000054ac     0x1173 /home/harsh/LPC 54114/lpc_chip_5411x/Debug/liblpc_chip_5411x.a(clock_5411x.o)
 .debug_info    0x000000000000661f      0x156 /home/harsh/LPC 54114/lpc_chip_5411x/Debug/liblpc_chip_5411x.a(fpu_init.o)
 .debug_info    0x0000000000006775     0x13d2 /home/harsh/LPC 54114/lpc_chip_5411x/Debug/liblpc_chip_5411x.a(pll_5411x.o)
 .debug_info    0x0000000000007b47      0xa8a /home/harsh/LPC 54114/lpc_chip_5411x/Debug/liblpc_chip_5411x.a(syscon_5411x.o)
 .debug_info    0x00000000000085d1     0x10f2 /home/harsh/LPC 54114/lpc_chip_5411x/Debug/liblpc_chip_5411x.a(sysinit_5411x.o)
 .debug_info    0x00000000000096c3     0x1d16 /home/harsh/LPC 54114/lpc_chip_5411x/Debug/liblpc_chip_5411x.a(uart_5411x.o)
 .debug_info    0x000000000000b3d9      0xf6e /home/harsh/LPC 54114/lpc_chip_5411x/Debug/liblpc_chip_5411x.a(flexcomm_5411x.o)

.debug_abbrev   0x0000000000000000     0x1d3b
 .debug_abbrev  0x0000000000000000      0x14a ./src/cr_startup_lpc5411x.o
 .debug_abbrev  0x000000000000014a      0x2a5 ./src/pllfract.o
 .debug_abbrev  0x00000000000003ef      0x10e ./src/sysinit.o
 .debug_abbrev  0x00000000000004fd      0x36b /home/harsh/LPC 54114/lpc_board_lpcxpresso_54114/Debug/liblpc_board_lpcxpresso_54114.a(board.o)
 .debug_abbrev  0x0000000000000868      0x30b /home/harsh/LPC 54114/lpc_board_lpcxpresso_54114/Debug/liblpc_board_lpcxpresso_54114.a(board_sysinit.o)
 .debug_abbrev  0x0000000000000b73      0x21a /home/harsh/LPC 54114/lpc_chip_5411x/Debug/liblpc_chip_5411x.a(chip_5411x.o)
 .debug_abbrev  0x0000000000000d8d      0x2a8 /home/harsh/LPC 54114/lpc_chip_5411x/Debug/liblpc_chip_5411x.a(clock_5411x.o)
 .debug_abbrev  0x0000000000001035       0xaa /home/harsh/LPC 54114/lpc_chip_5411x/Debug/liblpc_chip_5411x.a(fpu_init.o)
 .debug_abbrev  0x00000000000010df      0x2e4 /home/harsh/LPC 54114/lpc_chip_5411x/Debug/liblpc_chip_5411x.a(pll_5411x.o)
 .debug_abbrev  0x00000000000013c3      0x197 /home/harsh/LPC 54114/lpc_chip_5411x/Debug/liblpc_chip_5411x.a(syscon_5411x.o)
 .debug_abbrev  0x000000000000155a      0x275 /home/harsh/LPC 54114/lpc_chip_5411x/Debug/liblpc_chip_5411x.a(sysinit_5411x.o)
 .debug_abbrev  0x00000000000017cf      0x32c /home/harsh/LPC 54114/lpc_chip_5411x/Debug/liblpc_chip_5411x.a(uart_5411x.o)
 .debug_abbrev  0x0000000000001afb      0x240 /home/harsh/LPC 54114/lpc_chip_5411x/Debug/liblpc_chip_5411x.a(flexcomm_5411x.o)

.debug_aranges  0x0000000000000000      0x700
 .debug_aranges
                0x0000000000000000       0x80 ./src/cr_startup_lpc5411x.o
 .debug_aranges
                0x0000000000000080       0xb8 ./src/pllfract.o
 .debug_aranges
                0x0000000000000138       0x20 ./src/sysinit.o
 .debug_aranges
                0x0000000000000158       0xa8 /home/harsh/LPC 54114/lpc_board_lpcxpresso_54114/Debug/liblpc_board_lpcxpresso_54114.a(board.o)
 .debug_aranges
                0x0000000000000200       0x38 /home/harsh/LPC 54114/lpc_board_lpcxpresso_54114/Debug/liblpc_board_lpcxpresso_54114.a(board_sysinit.o)
 .debug_aranges
                0x0000000000000238       0x48 /home/harsh/LPC 54114/lpc_chip_5411x/Debug/liblpc_chip_5411x.a(chip_5411x.o)
 .debug_aranges
                0x0000000000000280      0x100 /home/harsh/LPC 54114/lpc_chip_5411x/Debug/liblpc_chip_5411x.a(clock_5411x.o)
 .debug_aranges
                0x0000000000000380       0x20 /home/harsh/LPC 54114/lpc_chip_5411x/Debug/liblpc_chip_5411x.a(fpu_init.o)
 .debug_aranges
                0x00000000000003a0       0xf0 /home/harsh/LPC 54114/lpc_chip_5411x/Debug/liblpc_chip_5411x.a(pll_5411x.o)
 .debug_aranges
                0x0000000000000490       0x50 /home/harsh/LPC 54114/lpc_chip_5411x/Debug/liblpc_chip_5411x.a(syscon_5411x.o)
 .debug_aranges
                0x00000000000004e0       0x88 /home/harsh/LPC 54114/lpc_chip_5411x/Debug/liblpc_chip_5411x.a(sysinit_5411x.o)
 .debug_aranges
                0x0000000000000568      0x138 /home/harsh/LPC 54114/lpc_chip_5411x/Debug/liblpc_chip_5411x.a(uart_5411x.o)
 .debug_aranges
                0x00000000000006a0       0x60 /home/harsh/LPC 54114/lpc_chip_5411x/Debug/liblpc_chip_5411x.a(flexcomm_5411x.o)

.debug_ranges   0x0000000000000000      0x678
 .debug_ranges  0x0000000000000000       0x70 ./src/cr_startup_lpc5411x.o
 .debug_ranges  0x0000000000000070       0xa8 ./src/pllfract.o
 .debug_ranges  0x0000000000000118       0x10 ./src/sysinit.o
 .debug_ranges  0x0000000000000128       0x98 /home/harsh/LPC 54114/lpc_board_lpcxpresso_54114/Debug/liblpc_board_lpcxpresso_54114.a(board.o)
 .debug_ranges  0x00000000000001c0       0x58 /home/harsh/LPC 54114/lpc_board_lpcxpresso_54114/Debug/liblpc_board_lpcxpresso_54114.a(board_sysinit.o)
 .debug_ranges  0x0000000000000218       0x38 /home/harsh/LPC 54114/lpc_chip_5411x/Debug/liblpc_chip_5411x.a(chip_5411x.o)
 .debug_ranges  0x0000000000000250       0xf0 /home/harsh/LPC 54114/lpc_chip_5411x/Debug/liblpc_chip_5411x.a(clock_5411x.o)
 .debug_ranges  0x0000000000000340       0x10 /home/harsh/LPC 54114/lpc_chip_5411x/Debug/liblpc_chip_5411x.a(fpu_init.o)
 .debug_ranges  0x0000000000000350       0xe0 /home/harsh/LPC 54114/lpc_chip_5411x/Debug/liblpc_chip_5411x.a(pll_5411x.o)
 .debug_ranges  0x0000000000000430       0x40 /home/harsh/LPC 54114/lpc_chip_5411x/Debug/liblpc_chip_5411x.a(syscon_5411x.o)
 .debug_ranges  0x0000000000000470       0x78 /home/harsh/LPC 54114/lpc_chip_5411x/Debug/liblpc_chip_5411x.a(sysinit_5411x.o)
 .debug_ranges  0x00000000000004e8      0x140 /home/harsh/LPC 54114/lpc_chip_5411x/Debug/liblpc_chip_5411x.a(uart_5411x.o)
 .debug_ranges  0x0000000000000628       0x50 /home/harsh/LPC 54114/lpc_chip_5411x/Debug/liblpc_chip_5411x.a(flexcomm_5411x.o)

.debug_macro    0x0000000000000000     0x7134
 .debug_macro   0x0000000000000000       0x1d ./src/cr_startup_lpc5411x.o
 .debug_macro   0x000000000000001d      0xa78 ./src/cr_startup_lpc5411x.o
 .debug_macro   0x0000000000000a95      0x2ad ./src/pllfract.o
 .debug_macro   0x0000000000000d42       0x10 ./src/pllfract.o
 .debug_macro   0x0000000000000d52      0x12d ./src/pllfract.o
 .debug_macro   0x0000000000000e7f      0x5b2 ./src/pllfract.o
 .debug_macro   0x0000000000001431       0x22 ./src/pllfract.o
 .debug_macro   0x0000000000001453       0x89 ./src/pllfract.o
 .debug_macro   0x00000000000014dc       0xab ./src/pllfract.o
 .debug_macro   0x0000000000001587       0x3b ./src/pllfract.o
 .debug_macro   0x00000000000015c2       0x2d ./src/pllfract.o
 .debug_macro   0x00000000000015ef       0x42 ./src/pllfract.o
 .debug_macro   0x0000000000001631      0xd39 ./src/pllfract.o
 .debug_macro   0x000000000000236a      0x1b7 ./src/pllfract.o
 .debug_macro   0x0000000000002521       0x10 ./src/pllfract.o
 .debug_macro   0x0000000000002531       0xca ./src/pllfract.o
 .debug_macro   0x00000000000025fb       0x18 ./src/pllfract.o
 .debug_macro   0x0000000000002613       0x16 ./src/pllfract.o
 .debug_macro   0x0000000000002629      0x106 ./src/pllfract.o
 .debug_macro   0x000000000000272f       0x2d ./src/pllfract.o
 .debug_macro   0x000000000000275c       0x28 ./src/pllfract.o
 .debug_macro   0x0000000000002784       0x16 ./src/pllfract.o
 .debug_macro   0x000000000000279a       0xb8 ./src/pllfract.o
 .debug_macro   0x0000000000002852       0x70 ./src/pllfract.o
 .debug_macro   0x00000000000028c2       0x6a ./src/pllfract.o
 .debug_macro   0x000000000000292c       0x76 ./src/pllfract.o
 .debug_macro   0x00000000000029a2       0x34 ./src/pllfract.o
 .debug_macro   0x00000000000029d6      0x205 ./src/pllfract.o
 .debug_macro   0x0000000000002bdb       0x46 ./src/pllfract.o
 .debug_macro   0x0000000000002c21       0x6a ./src/pllfract.o
 .debug_macro   0x0000000000002c8b       0x28 ./src/pllfract.o
 .debug_macro   0x0000000000002cb3       0x1c ./src/pllfract.o
 .debug_macro   0x0000000000002ccf       0x10 ./src/pllfract.o
 .debug_macro   0x0000000000002cdf       0x1f ./src/pllfract.o
 .debug_macro   0x0000000000002cfe       0x40 ./src/pllfract.o
 .debug_macro   0x0000000000002d3e      0x1f5 ./src/pllfract.o
 .debug_macro   0x0000000000002f33      0x152 ./src/pllfract.o
 .debug_macro   0x0000000000003085       0x95 ./src/pllfract.o
 .debug_macro   0x000000000000311a       0x16 ./src/pllfract.o
 .debug_macro   0x0000000000003130      0x380 ./src/pllfract.o
 .debug_macro   0x00000000000034b0      0x3a2 ./src/pllfract.o
 .debug_macro   0x0000000000003852       0x1f ./src/pllfract.o
 .debug_macro   0x0000000000003871      0x5ca ./src/pllfract.o
 .debug_macro   0x0000000000003e3b       0x2e ./src/pllfract.o
 .debug_macro   0x0000000000003e69      0x193 ./src/pllfract.o
 .debug_macro   0x0000000000003ffc       0x3a ./src/pllfract.o
 .debug_macro   0x0000000000004036       0x9a ./src/pllfract.o
 .debug_macro   0x00000000000040d0       0x58 ./src/pllfract.o
 .debug_macro   0x0000000000004128      0x289 ./src/sysinit.o
 .debug_macro   0x00000000000043b1      0x2a4 /home/harsh/LPC 54114/lpc_board_lpcxpresso_54114/Debug/liblpc_board_lpcxpresso_54114.a(board.o)
 .debug_macro   0x0000000000004655      0xa66 /home/harsh/LPC 54114/lpc_board_lpcxpresso_54114/Debug/liblpc_board_lpcxpresso_54114.a(board.o)
 .debug_macro   0x00000000000050bb       0x12 /home/harsh/LPC 54114/lpc_board_lpcxpresso_54114/Debug/liblpc_board_lpcxpresso_54114.a(board.o)
 .debug_macro   0x00000000000050cd      0x297 /home/harsh/LPC 54114/lpc_board_lpcxpresso_54114/Debug/liblpc_board_lpcxpresso_54114.a(board_sysinit.o)
 .debug_macro   0x0000000000005364      0x254 /home/harsh/LPC 54114/lpc_chip_5411x/Debug/liblpc_chip_5411x.a(chip_5411x.o)
 .debug_macro   0x00000000000055b8      0xa6c /home/harsh/LPC 54114/lpc_chip_5411x/Debug/liblpc_chip_5411x.a(chip_5411x.o)
 .debug_macro   0x0000000000006024      0x25a /home/harsh/LPC 54114/lpc_chip_5411x/Debug/liblpc_chip_5411x.a(clock_5411x.o)
 .debug_macro   0x000000000000627e       0xb2 /home/harsh/LPC 54114/lpc_chip_5411x/Debug/liblpc_chip_5411x.a(fpu_init.o)
 .debug_macro   0x0000000000006330      0x4b4 /home/harsh/LPC 54114/lpc_chip_5411x/Debug/liblpc_chip_5411x.a(pll_5411x.o)
 .debug_macro   0x00000000000067e4      0x254 /home/harsh/LPC 54114/lpc_chip_5411x/Debug/liblpc_chip_5411x.a(syscon_5411x.o)
 .debug_macro   0x0000000000006a38      0x254 /home/harsh/LPC 54114/lpc_chip_5411x/Debug/liblpc_chip_5411x.a(sysinit_5411x.o)
 .debug_macro   0x0000000000006c8c      0x254 /home/harsh/LPC 54114/lpc_chip_5411x/Debug/liblpc_chip_5411x.a(uart_5411x.o)
 .debug_macro   0x0000000000006ee0      0x254 /home/harsh/LPC 54114/lpc_chip_5411x/Debug/liblpc_chip_5411x.a(flexcomm_5411x.o)

.debug_line     0x0000000000000000     0x4d69
 .debug_line    0x0000000000000000       0xed ./src/cr_startup_lpc5411x.o
 .debug_line    0x00000000000000ed      0x766 ./src/pllfract.o
 .debug_line    0x0000000000000853      0x526 ./src/sysinit.o
 .debug_line    0x0000000000000d79      0x790 /home/harsh/LPC 54114/lpc_board_lpcxpresso_54114/Debug/liblpc_board_lpcxpresso_54114.a(board.o)
 .debug_line    0x0000000000001509      0x5c8 /home/harsh/LPC 54114/lpc_board_lpcxpresso_54114/Debug/liblpc_board_lpcxpresso_54114.a(board_sysinit.o)
 .debug_line    0x0000000000001ad1      0x54c /home/harsh/LPC 54114/lpc_chip_5411x/Debug/liblpc_chip_5411x.a(chip_5411x.o)
 .debug_line    0x000000000000201d      0x785 /home/harsh/LPC 54114/lpc_chip_5411x/Debug/liblpc_chip_5411x.a(clock_5411x.o)
 .debug_line    0x00000000000027a2      0x246 /home/harsh/LPC 54114/lpc_chip_5411x/Debug/liblpc_chip_5411x.a(fpu_init.o)
 .debug_line    0x00000000000029e8      0x8dc /home/harsh/LPC 54114/lpc_chip_5411x/Debug/liblpc_chip_5411x.a(pll_5411x.o)
 .debug_line    0x00000000000032c4      0x565 /home/harsh/LPC 54114/lpc_chip_5411x/Debug/liblpc_chip_5411x.a(syscon_5411x.o)
 .debug_line    0x0000000000003829      0x623 /home/harsh/LPC 54114/lpc_chip_5411x/Debug/liblpc_chip_5411x.a(sysinit_5411x.o)
 .debug_line    0x0000000000003e4c      0x96e /home/harsh/LPC 54114/lpc_chip_5411x/Debug/liblpc_chip_5411x.a(uart_5411x.o)
 .debug_line    0x00000000000047ba      0x5af /home/harsh/LPC 54114/lpc_chip_5411x/Debug/liblpc_chip_5411x.a(flexcomm_5411x.o)

.debug_str      0x0000000000000000    0x181fa
 .debug_str     0x0000000000000000     0x2f4d ./src/cr_startup_lpc5411x.o
                                       0x2f60 (size before relaxing)
 .debug_str     0x0000000000002f4d    0x1124f ./src/pllfract.o
                                      0x14096 (size before relaxing)
 .debug_str     0x000000000001419c       0x65 ./src/sysinit.o
                                      0x1338e (size before relaxing)
 .debug_str     0x0000000000014201      0xa37 /home/harsh/LPC 54114/lpc_board_lpcxpresso_54114/Debug/liblpc_board_lpcxpresso_54114.a(board.o)
                                      0x1407f (size before relaxing)
 .debug_str     0x0000000000014c38      0x151 /home/harsh/LPC 54114/lpc_board_lpcxpresso_54114/Debug/liblpc_board_lpcxpresso_54114.a(board_sysinit.o)
                                      0x13d38 (size before relaxing)
 .debug_str     0x0000000000014d89      0x481 /home/harsh/LPC 54114/lpc_chip_5411x/Debug/liblpc_chip_5411x.a(chip_5411x.o)
                                      0x13c06 (size before relaxing)
 .debug_str     0x000000000001520a      0x699 /home/harsh/LPC 54114/lpc_chip_5411x/Debug/liblpc_chip_5411x.a(clock_5411x.o)
                                      0x13e89 (size before relaxing)
 .debug_str     0x00000000000158a3       0xb5 /home/harsh/LPC 54114/lpc_chip_5411x/Debug/liblpc_chip_5411x.a(fpu_init.o)
                                       0xa2ff (size before relaxing)
 .debug_str     0x0000000000015958     0x11f1 /home/harsh/LPC 54114/lpc_chip_5411x/Debug/liblpc_chip_5411x.a(pll_5411x.o)
                                      0x14754 (size before relaxing)
 .debug_str     0x0000000000016b49       0xf2 /home/harsh/LPC 54114/lpc_chip_5411x/Debug/liblpc_chip_5411x.a(syscon_5411x.o)
                                      0x13373 (size before relaxing)
 .debug_str     0x0000000000016c3b      0x176 /home/harsh/LPC 54114/lpc_chip_5411x/Debug/liblpc_chip_5411x.a(sysinit_5411x.o)
                                      0x13ccf (size before relaxing)
 .debug_str     0x0000000000016db1     0x1377 /home/harsh/LPC 54114/lpc_chip_5411x/Debug/liblpc_chip_5411x.a(uart_5411x.o)
                                      0x14861 (size before relaxing)
 .debug_str     0x0000000000018128       0xd2 /home/harsh/LPC 54114/lpc_chip_5411x/Debug/liblpc_chip_5411x.a(flexcomm_5411x.o)
                                      0x13d84 (size before relaxing)

.comment        0x0000000000000000       0xef
 .comment       0x0000000000000000       0x7f ./src/cr_startup_lpc5411x.o
                                         0x80 (size before relaxing)
 .comment       0x000000000000007f       0x80 ./src/pllfract.o
 .comment       0x000000000000007f       0x80 ./src/sysinit.o
 .comment       0x000000000000007f       0x80 /home/harsh/LPC 54114/lpc_board_lpcxpresso_54114/Debug/liblpc_board_lpcxpresso_54114.a(board.o)
 .comment       0x000000000000007f       0x80 /home/harsh/LPC 54114/lpc_board_lpcxpresso_54114/Debug/liblpc_board_lpcxpresso_54114.a(board_sysinit.o)
 .comment       0x000000000000007f       0x80 /home/harsh/LPC 54114/lpc_chip_5411x/Debug/liblpc_chip_5411x.a(chip_5411x.o)
 .comment       0x000000000000007f       0x80 /home/harsh/LPC 54114/lpc_chip_5411x/Debug/liblpc_chip_5411x.a(clock_5411x.o)
 .comment       0x000000000000007f       0x80 /home/harsh/LPC 54114/lpc_chip_5411x/Debug/liblpc_chip_5411x.a(fpu_init.o)
 .comment       0x000000000000007f       0x80 /home/harsh/LPC 54114/lpc_chip_5411x/Debug/liblpc_chip_5411x.a(pll_5411x.o)
 .comment       0x000000000000007f       0x80 /home/harsh/LPC 54114/lpc_chip_5411x/Debug/liblpc_chip_5411x.a(syscon_5411x.o)
 .comment       0x000000000000007f       0x80 /home/harsh/LPC 54114/lpc_chip_5411x/Debug/liblpc_chip_5411x.a(sysinit_5411x.o)
 .comment       0x000000000000007f       0x80 /home/harsh/LPC 54114/lpc_chip_5411x/Debug/liblpc_chip_5411x.a(uart_5411x.o)
 .comment       0x000000000000007f       0x80 /home/harsh/LPC 54114/lpc_chip_5411x/Debug/liblpc_chip_5411x.a(flexcomm_5411x.o)
 .comment       0x000000000000007f       0x70 /home/harsh/LPC 54114/lpc_chip_5411x/libs/libpower.a(power_library.o)
                                         0x71 (size before relaxing)
 .comment       0x00000000000000ef       0x80 /usr/local/mcuxpressoide-10.3.1_2233/ide/plugins/com.nxp.mcuxpresso.tools.linux_10.3.0.201811011841/tools/bin/../lib/gcc/arm-none-eabi/7.3.1/../../../../arm-none-eabi/lib/thumb/v7e-m/fpv4-sp/softfp/libcr_nohost.a(_cr__main.o)
 .comment       0x00000000000000ef       0x80 /usr/local/mcuxpressoide-10.3.1_2233/ide/plugins/com.nxp.mcuxpresso.tools.linux_10.3.0.201811011841/tools/bin/../lib/gcc/arm-none-eabi/7.3.1/../../../../arm-none-eabi/lib/thumb/v7e-m/fpv4-sp/softfp/libcr_c.a(fpprintf.o)
 .comment       0x00000000000000ef       0x80 /usr/local/mcuxpressoide-10.3.1_2233/ide/plugins/com.nxp.mcuxpresso.tools.linux_10.3.0.201811011841/tools/bin/../lib/gcc/arm-none-eabi/7.3.1/../../../../arm-none-eabi/lib/thumb/v7e-m/fpv4-sp/softfp/libcr_c.a(initio.o)
 .comment       0x00000000000000ef       0x80 /usr/local/mcuxpressoide-10.3.1_2233/ide/plugins/com.nxp.mcuxpresso.tools.linux_10.3.0.201811011841/tools/bin/../lib/gcc/arm-none-eabi/7.3.1/../../../../arm-none-eabi/lib/thumb/v7e-m/fpv4-sp/softfp/libcr_c.a(printf.o)
 .comment       0x00000000000000ef       0x80 /usr/local/mcuxpressoide-10.3.1_2233/ide/plugins/com.nxp.mcuxpresso.tools.linux_10.3.0.201811011841/tools/bin/../lib/gcc/arm-none-eabi/7.3.1/../../../../arm-none-eabi/lib/thumb/v7e-m/fpv4-sp/softfp/libcr_c.a(setvbuf.o)
 .comment       0x00000000000000ef       0x80 /usr/local/mcuxpressoide-10.3.1_2233/ide/plugins/com.nxp.mcuxpresso.tools.linux_10.3.0.201811011841/tools/bin/../lib/gcc/arm-none-eabi/7.3.1/../../../../arm-none-eabi/lib/thumb/v7e-m/fpv4-sp/softfp/libcr_c.a(strlen.o)
 .comment       0x00000000000000ef       0x80 /usr/local/mcuxpressoide-10.3.1_2233/ide/plugins/com.nxp.mcuxpresso.tools.linux_10.3.0.201811011841/tools/bin/../lib/gcc/arm-none-eabi/7.3.1/../../../../arm-none-eabi/lib/thumb/v7e-m/fpv4-sp/softfp/libcr_c.a(memset.o)
 .comment       0x00000000000000ef       0x80 /usr/local/mcuxpressoide-10.3.1_2233/ide/plugins/com.nxp.mcuxpresso.tools.linux_10.3.0.201811011841/tools/bin/../lib/gcc/arm-none-eabi/7.3.1/../../../../arm-none-eabi/lib/thumb/v7e-m/fpv4-sp/softfp/libcr_c.a(_deferredlazyseek.o)
 .comment       0x00000000000000ef       0x80 /usr/local/mcuxpressoide-10.3.1_2233/ide/plugins/com.nxp.mcuxpresso.tools.linux_10.3.0.201811011841/tools/bin/../lib/gcc/arm-none-eabi/7.3.1/../../../../arm-none-eabi/lib/thumb/v7e-m/fpv4-sp/softfp/libcr_c.a(_fdopen.o)
 .comment       0x00000000000000ef       0x80 /usr/local/mcuxpressoide-10.3.1_2233/ide/plugins/com.nxp.mcuxpresso.tools.linux_10.3.0.201811011841/tools/bin/../lib/gcc/arm-none-eabi/7.3.1/../../../../arm-none-eabi/lib/thumb/v7e-m/fpv4-sp/softfp/libcr_c.a(_fflush.o)
 .comment       0x00000000000000ef       0x80 /usr/local/mcuxpressoide-10.3.1_2233/ide/plugins/com.nxp.mcuxpresso.tools.linux_10.3.0.201811011841/tools/bin/../lib/gcc/arm-none-eabi/7.3.1/../../../../arm-none-eabi/lib/thumb/v7e-m/fpv4-sp/softfp/libcr_c.a(_frexpl.o)
 .comment       0x00000000000000ef       0x80 /usr/local/mcuxpressoide-10.3.1_2233/ide/plugins/com.nxp.mcuxpresso.tools.linux_10.3.0.201811011841/tools/bin/../lib/gcc/arm-none-eabi/7.3.1/../../../../arm-none-eabi/lib/thumb/v7e-m/fpv4-sp/softfp/libcr_c.a(_ldexpl.o)
 .comment       0x00000000000000ef       0x80 /usr/local/mcuxpressoide-10.3.1_2233/ide/plugins/com.nxp.mcuxpresso.tools.linux_10.3.0.201811011841/tools/bin/../lib/gcc/arm-none-eabi/7.3.1/../../../../arm-none-eabi/lib/thumb/v7e-m/fpv4-sp/softfp/libcr_c.a(_writebuf.o)
 .comment       0x00000000000000ef       0x80 /usr/local/mcuxpressoide-10.3.1_2233/ide/plugins/com.nxp.mcuxpresso.tools.linux_10.3.0.201811011841/tools/bin/../lib/gcc/arm-none-eabi/7.3.1/../../../../arm-none-eabi/lib/thumb/v7e-m/fpv4-sp/softfp/libcr_c.a(alloc.o)
 .comment       0x00000000000000ef       0x80 /usr/local/mcuxpressoide-10.3.1_2233/ide/plugins/com.nxp.mcuxpresso.tools.linux_10.3.0.201811011841/tools/bin/../lib/gcc/arm-none-eabi/7.3.1/../../../../arm-none-eabi/lib/thumb/v7e-m/fpv4-sp/softfp/libcr_c.a(errno.o)
 .comment       0x00000000000000ef       0x80 /usr/local/mcuxpressoide-10.3.1_2233/ide/plugins/com.nxp.mcuxpresso.tools.linux_10.3.0.201811011841/tools/bin/../lib/gcc/arm-none-eabi/7.3.1/../../../../arm-none-eabi/lib/thumb/v7e-m/fpv4-sp/softfp/libcr_c.a(fclose.o)
 .comment       0x00000000000000ef       0x80 /usr/local/mcuxpressoide-10.3.1_2233/ide/plugins/com.nxp.mcuxpresso.tools.linux_10.3.0.201811011841/tools/bin/../lib/gcc/arm-none-eabi/7.3.1/../../../../arm-none-eabi/lib/thumb/v7e-m/fpv4-sp/softfp/libcr_c.a(fflush.o)
 .comment       0x00000000000000ef       0x80 /usr/local/mcuxpressoide-10.3.1_2233/ide/plugins/com.nxp.mcuxpresso.tools.linux_10.3.0.201811011841/tools/bin/../lib/gcc/arm-none-eabi/7.3.1/../../../../arm-none-eabi/lib/thumb/v7e-m/fpv4-sp/softfp/libcr_c.a(fseek.o)
 .comment       0x00000000000000ef       0x80 /usr/local/mcuxpressoide-10.3.1_2233/ide/plugins/com.nxp.mcuxpresso.tools.linux_10.3.0.201811011841/tools/bin/../lib/gcc/arm-none-eabi/7.3.1/../../../../arm-none-eabi/lib/thumb/v7e-m/fpv4-sp/softfp/libcr_c.a(ftell.o)
 .comment       0x00000000000000ef       0x80 /usr/local/mcuxpressoide-10.3.1_2233/ide/plugins/com.nxp.mcuxpresso.tools.linux_10.3.0.201811011841/tools/bin/../lib/gcc/arm-none-eabi/7.3.1/../../../../arm-none-eabi/lib/thumb/v7e-m/fpv4-sp/softfp/libcr_c.a(remove.o)
 .comment       0x00000000000000ef       0x80 /usr/local/mcuxpressoide-10.3.1_2233/ide/plugins/com.nxp.mcuxpresso.tools.linux_10.3.0.201811011841/tools/bin/../lib/gcc/arm-none-eabi/7.3.1/../../../../arm-none-eabi/lib/thumb/v7e-m/fpv4-sp/softfp/libcr_c.a(__init_alloc.o)
 .comment       0x00000000000000ef       0x80 /usr/local/mcuxpressoide-10.3.1_2233/ide/plugins/com.nxp.mcuxpresso.tools.linux_10.3.0.201811011841/tools/bin/../lib/gcc/arm-none-eabi/7.3.1/../../../../arm-none-eabi/lib/thumb/v7e-m/fpv4-sp/softfp/libcr_c.a(_cr_sbrk.o)
 .comment       0x00000000000000ef       0x80 /usr/local/mcuxpressoide-10.3.1_2233/ide/plugins/com.nxp.mcuxpresso.tools.linux_10.3.0.201811011841/tools/bin/../lib/gcc/arm-none-eabi/7.3.1/../../../../arm-none-eabi/lib/thumb/v7e-m/fpv4-sp/softfp/libcr_c.a(_do_fflush.o)
 .comment       0x00000000000000ef       0x80 /usr/local/mcuxpressoide-10.3.1_2233/ide/plugins/com.nxp.mcuxpresso.tools.linux_10.3.0.201811011841/tools/bin/../lib/gcc/arm-none-eabi/7.3.1/../../../../arm-none-eabi/lib/thumb/v7e-m/fpv4-sp/softfp/libcr_c.a(_hugeval.o)
 .comment       0x00000000000000ef       0x80 /usr/local/mcuxpressoide-10.3.1_2233/ide/plugins/com.nxp.mcuxpresso.tools.linux_10.3.0.201811011841/tools/bin/../lib/gcc/arm-none-eabi/7.3.1/../../../../arm-none-eabi/lib/thumb/v7e-m/fpv4-sp/softfp/libcr_c.a(_cr_check_heap.o)
 .comment       0x00000000000000ef       0x80 /usr/local/mcuxpressoide-10.3.1_2233/ide/plugins/com.nxp.mcuxpresso.tools.linux_10.3.0.201811011841/tools/bin/../lib/gcc/arm-none-eabi/7.3.1/thumb/v7e-m/fpv4-sp/softfp/libcr_eabihelpers.a(double.o)
 .comment       0x00000000000000ef       0x80 /usr/local/mcuxpressoide-10.3.1_2233/ide/plugins/com.nxp.mcuxpresso.tools.linux_10.3.0.201811011841/tools/bin/../lib/gcc/arm-none-eabi/7.3.1/../../../../arm-none-eabi/lib/thumb/v7e-m/fpv4-sp/softfp/libcr_nohost.a(__ciob.o)
 .comment       0x00000000000000ef       0x80 /usr/local/mcuxpressoide-10.3.1_2233/ide/plugins/com.nxp.mcuxpresso.tools.linux_10.3.0.201811011841/tools/bin/../lib/gcc/arm-none-eabi/7.3.1/../../../../arm-none-eabi/lib/thumb/v7e-m/fpv4-sp/softfp/libcr_nohost.a(__sys_appexit.o)
 .comment       0x00000000000000ef       0x80 /usr/local/mcuxpressoide-10.3.1_2233/ide/plugins/com.nxp.mcuxpresso.tools.linux_10.3.0.201811011841/tools/bin/../lib/gcc/arm-none-eabi/7.3.1/../../../../arm-none-eabi/lib/thumb/v7e-m/fpv4-sp/softfp/libcr_nohost.a(__sys_close.o)
 .comment       0x00000000000000ef       0x80 /usr/local/mcuxpressoide-10.3.1_2233/ide/plugins/com.nxp.mcuxpresso.tools.linux_10.3.0.201811011841/tools/bin/../lib/gcc/arm-none-eabi/7.3.1/../../../../arm-none-eabi/lib/thumb/v7e-m/fpv4-sp/softfp/libcr_nohost.a(__sys_flen.o)
 .comment       0x00000000000000ef       0x80 /usr/local/mcuxpressoide-10.3.1_2233/ide/plugins/com.nxp.mcuxpresso.tools.linux_10.3.0.201811011841/tools/bin/../lib/gcc/arm-none-eabi/7.3.1/../../../../arm-none-eabi/lib/thumb/v7e-m/fpv4-sp/softfp/libcr_nohost.a(__sys_istty.o)
 .comment       0x00000000000000ef       0x80 /usr/local/mcuxpressoide-10.3.1_2233/ide/plugins/com.nxp.mcuxpresso.tools.linux_10.3.0.201811011841/tools/bin/../lib/gcc/arm-none-eabi/7.3.1/../../../../arm-none-eabi/lib/thumb/v7e-m/fpv4-sp/softfp/libcr_nohost.a(__sys_remove.o)
 .comment       0x00000000000000ef       0x80 /usr/local/mcuxpressoide-10.3.1_2233/ide/plugins/com.nxp.mcuxpresso.tools.linux_10.3.0.201811011841/tools/bin/../lib/gcc/arm-none-eabi/7.3.1/../../../../arm-none-eabi/lib/thumb/v7e-m/fpv4-sp/softfp/libcr_nohost.a(__sys_seek.o)
 .comment       0x00000000000000ef       0x80 /usr/local/mcuxpressoide-10.3.1_2233/ide/plugins/com.nxp.mcuxpresso.tools.linux_10.3.0.201811011841/tools/bin/../lib/gcc/arm-none-eabi/7.3.1/../../../../arm-none-eabi/lib/thumb/v7e-m/fpv4-sp/softfp/libcr_nohost.a(__sys_tmpnam.o)

.ARM.attributes
                0x0000000000000000       0x35
 .ARM.attributes
                0x0000000000000000       0x37 ./src/cr_startup_lpc5411x.o
 .ARM.attributes
                0x0000000000000037       0x37 ./src/pllfract.o
 .ARM.attributes
                0x000000000000006e       0x37 ./src/sysinit.o
 .ARM.attributes
                0x00000000000000a5       0x37 /home/harsh/LPC 54114/lpc_board_lpcxpresso_54114/Debug/liblpc_board_lpcxpresso_54114.a(board.o)
 .ARM.attributes
                0x00000000000000dc       0x37 /home/harsh/LPC 54114/lpc_board_lpcxpresso_54114/Debug/liblpc_board_lpcxpresso_54114.a(board_sysinit.o)
 .ARM.attributes
                0x0000000000000113       0x37 /home/harsh/LPC 54114/lpc_chip_5411x/Debug/liblpc_chip_5411x.a(chip_5411x.o)
 .ARM.attributes
                0x000000000000014a       0x37 /home/harsh/LPC 54114/lpc_chip_5411x/Debug/liblpc_chip_5411x.a(clock_5411x.o)
 .ARM.attributes
                0x0000000000000181       0x37 /home/harsh/LPC 54114/lpc_chip_5411x/Debug/liblpc_chip_5411x.a(fpu_init.o)
 .ARM.attributes
                0x00000000000001b8       0x37 /home/harsh/LPC 54114/lpc_chip_5411x/Debug/liblpc_chip_5411x.a(pll_5411x.o)
 .ARM.attributes
                0x00000000000001ef       0x37 /home/harsh/LPC 54114/lpc_chip_5411x/Debug/liblpc_chip_5411x.a(syscon_5411x.o)
 .ARM.attributes
                0x0000000000000226       0x37 /home/harsh/LPC 54114/lpc_chip_5411x/Debug/liblpc_chip_5411x.a(sysinit_5411x.o)
 .ARM.attributes
                0x000000000000025d       0x37 /home/harsh/LPC 54114/lpc_chip_5411x/Debug/liblpc_chip_5411x.a(uart_5411x.o)
 .ARM.attributes
                0x0000000000000294       0x37 /home/harsh/LPC 54114/lpc_chip_5411x/Debug/liblpc_chip_5411x.a(flexcomm_5411x.o)
 .ARM.attributes
                0x00000000000002cb       0x37 /home/harsh/LPC 54114/lpc_chip_5411x/libs/libpower.a(power_library.o)
 .ARM.attributes
                0x0000000000000302       0x37 /usr/local/mcuxpressoide-10.3.1_2233/ide/plugins/com.nxp.mcuxpresso.tools.linux_10.3.0.201811011841/tools/bin/../lib/gcc/arm-none-eabi/7.3.1/../../../../arm-none-eabi/lib/thumb/v7e-m/fpv4-sp/softfp/libcr_nohost.a(_cr__main.o)
 .ARM.attributes
                0x0000000000000339       0x37 /usr/local/mcuxpressoide-10.3.1_2233/ide/plugins/com.nxp.mcuxpresso.tools.linux_10.3.0.201811011841/tools/bin/../lib/gcc/arm-none-eabi/7.3.1/../../../../arm-none-eabi/lib/thumb/v7e-m/fpv4-sp/softfp/libcr_c.a(fpprintf.o)
 .ARM.attributes
                0x0000000000000370       0x37 /usr/local/mcuxpressoide-10.3.1_2233/ide/plugins/com.nxp.mcuxpresso.tools.linux_10.3.0.201811011841/tools/bin/../lib/gcc/arm-none-eabi/7.3.1/../../../../arm-none-eabi/lib/thumb/v7e-m/fpv4-sp/softfp/libcr_c.a(initio.o)
 .ARM.attributes
                0x00000000000003a7       0x37 /usr/local/mcuxpressoide-10.3.1_2233/ide/plugins/com.nxp.mcuxpresso.tools.linux_10.3.0.201811011841/tools/bin/../lib/gcc/arm-none-eabi/7.3.1/../../../../arm-none-eabi/lib/thumb/v7e-m/fpv4-sp/softfp/libcr_c.a(printf.o)
 .ARM.attributes
                0x00000000000003de       0x37 /usr/local/mcuxpressoide-10.3.1_2233/ide/plugins/com.nxp.mcuxpresso.tools.linux_10.3.0.201811011841/tools/bin/../lib/gcc/arm-none-eabi/7.3.1/../../../../arm-none-eabi/lib/thumb/v7e-m/fpv4-sp/softfp/libcr_c.a(setvbuf.o)
 .ARM.attributes
                0x0000000000000415       0x37 /usr/local/mcuxpressoide-10.3.1_2233/ide/plugins/com.nxp.mcuxpresso.tools.linux_10.3.0.201811011841/tools/bin/../lib/gcc/arm-none-eabi/7.3.1/../../../../arm-none-eabi/lib/thumb/v7e-m/fpv4-sp/softfp/libcr_c.a(strlen.o)
 .ARM.attributes
                0x000000000000044c       0x37 /usr/local/mcuxpressoide-10.3.1_2233/ide/plugins/com.nxp.mcuxpresso.tools.linux_10.3.0.201811011841/tools/bin/../lib/gcc/arm-none-eabi/7.3.1/../../../../arm-none-eabi/lib/thumb/v7e-m/fpv4-sp/softfp/libcr_c.a(memset.o)
 .ARM.attributes
                0x0000000000000483       0x37 /usr/local/mcuxpressoide-10.3.1_2233/ide/plugins/com.nxp.mcuxpresso.tools.linux_10.3.0.201811011841/tools/bin/../lib/gcc/arm-none-eabi/7.3.1/../../../../arm-none-eabi/lib/thumb/v7e-m/fpv4-sp/softfp/libcr_c.a(_deferredlazyseek.o)
 .ARM.attributes
                0x00000000000004ba       0x37 /usr/local/mcuxpressoide-10.3.1_2233/ide/plugins/com.nxp.mcuxpresso.tools.linux_10.3.0.201811011841/tools/bin/../lib/gcc/arm-none-eabi/7.3.1/../../../../arm-none-eabi/lib/thumb/v7e-m/fpv4-sp/softfp/libcr_c.a(_fdopen.o)
 .ARM.attributes
                0x00000000000004f1       0x37 /usr/local/mcuxpressoide-10.3.1_2233/ide/plugins/com.nxp.mcuxpresso.tools.linux_10.3.0.201811011841/tools/bin/../lib/gcc/arm-none-eabi/7.3.1/../../../../arm-none-eabi/lib/thumb/v7e-m/fpv4-sp/softfp/libcr_c.a(_fflush.o)
 .ARM.attributes
                0x0000000000000528       0x37 /usr/local/mcuxpressoide-10.3.1_2233/ide/plugins/com.nxp.mcuxpresso.tools.linux_10.3.0.201811011841/tools/bin/../lib/gcc/arm-none-eabi/7.3.1/../../../../arm-none-eabi/lib/thumb/v7e-m/fpv4-sp/softfp/libcr_c.a(_frexpl.o)
 .ARM.attributes
                0x000000000000055f       0x37 /usr/local/mcuxpressoide-10.3.1_2233/ide/plugins/com.nxp.mcuxpresso.tools.linux_10.3.0.201811011841/tools/bin/../lib/gcc/arm-none-eabi/7.3.1/../../../../arm-none-eabi/lib/thumb/v7e-m/fpv4-sp/softfp/libcr_c.a(_ldexpl.o)
 .ARM.attributes
                0x0000000000000596       0x37 /usr/local/mcuxpressoide-10.3.1_2233/ide/plugins/com.nxp.mcuxpresso.tools.linux_10.3.0.201811011841/tools/bin/../lib/gcc/arm-none-eabi/7.3.1/../../../../arm-none-eabi/lib/thumb/v7e-m/fpv4-sp/softfp/libcr_c.a(_writebuf.o)
 .ARM.attributes
                0x00000000000005cd       0x37 /usr/local/mcuxpressoide-10.3.1_2233/ide/plugins/com.nxp.mcuxpresso.tools.linux_10.3.0.201811011841/tools/bin/../lib/gcc/arm-none-eabi/7.3.1/../../../../arm-none-eabi/lib/thumb/v7e-m/fpv4-sp/softfp/libcr_c.a(alloc.o)
 .ARM.attributes
                0x0000000000000604       0x37 /usr/local/mcuxpressoide-10.3.1_2233/ide/plugins/com.nxp.mcuxpresso.tools.linux_10.3.0.201811011841/tools/bin/../lib/gcc/arm-none-eabi/7.3.1/../../../../arm-none-eabi/lib/thumb/v7e-m/fpv4-sp/softfp/libcr_c.a(errno.o)
 .ARM.attributes
                0x000000000000063b       0x37 /usr/local/mcuxpressoide-10.3.1_2233/ide/plugins/com.nxp.mcuxpresso.tools.linux_10.3.0.201811011841/tools/bin/../lib/gcc/arm-none-eabi/7.3.1/../../../../arm-none-eabi/lib/thumb/v7e-m/fpv4-sp/softfp/libcr_c.a(fclose.o)
 .ARM.attributes
                0x0000000000000672       0x37 /usr/local/mcuxpressoide-10.3.1_2233/ide/plugins/com.nxp.mcuxpresso.tools.linux_10.3.0.201811011841/tools/bin/../lib/gcc/arm-none-eabi/7.3.1/../../../../arm-none-eabi/lib/thumb/v7e-m/fpv4-sp/softfp/libcr_c.a(fflush.o)
 .ARM.attributes
                0x00000000000006a9       0x37 /usr/local/mcuxpressoide-10.3.1_2233/ide/plugins/com.nxp.mcuxpresso.tools.linux_10.3.0.201811011841/tools/bin/../lib/gcc/arm-none-eabi/7.3.1/../../../../arm-none-eabi/lib/thumb/v7e-m/fpv4-sp/softfp/libcr_c.a(fseek.o)
 .ARM.attributes
                0x00000000000006e0       0x37 /usr/local/mcuxpressoide-10.3.1_2233/ide/plugins/com.nxp.mcuxpresso.tools.linux_10.3.0.201811011841/tools/bin/../lib/gcc/arm-none-eabi/7.3.1/../../../../arm-none-eabi/lib/thumb/v7e-m/fpv4-sp/softfp/libcr_c.a(ftell.o)
 .ARM.attributes
                0x0000000000000717       0x37 /usr/local/mcuxpressoide-10.3.1_2233/ide/plugins/com.nxp.mcuxpresso.tools.linux_10.3.0.201811011841/tools/bin/../lib/gcc/arm-none-eabi/7.3.1/../../../../arm-none-eabi/lib/thumb/v7e-m/fpv4-sp/softfp/libcr_c.a(remove.o)
 .ARM.attributes
                0x000000000000074e       0x37 /usr/local/mcuxpressoide-10.3.1_2233/ide/plugins/com.nxp.mcuxpresso.tools.linux_10.3.0.201811011841/tools/bin/../lib/gcc/arm-none-eabi/7.3.1/../../../../arm-none-eabi/lib/thumb/v7e-m/fpv4-sp/softfp/libcr_c.a(__init_alloc.o)
 .ARM.attributes
                0x0000000000000785       0x37 /usr/local/mcuxpressoide-10.3.1_2233/ide/plugins/com.nxp.mcuxpresso.tools.linux_10.3.0.201811011841/tools/bin/../lib/gcc/arm-none-eabi/7.3.1/../../../../arm-none-eabi/lib/thumb/v7e-m/fpv4-sp/softfp/libcr_c.a(_cr_sbrk.o)
 .ARM.attributes
                0x00000000000007bc       0x37 /usr/local/mcuxpressoide-10.3.1_2233/ide/plugins/com.nxp.mcuxpresso.tools.linux_10.3.0.201811011841/tools/bin/../lib/gcc/arm-none-eabi/7.3.1/../../../../arm-none-eabi/lib/thumb/v7e-m/fpv4-sp/softfp/libcr_c.a(_do_fflush.o)
 .ARM.attributes
                0x00000000000007f3       0x37 /usr/local/mcuxpressoide-10.3.1_2233/ide/plugins/com.nxp.mcuxpresso.tools.linux_10.3.0.201811011841/tools/bin/../lib/gcc/arm-none-eabi/7.3.1/../../../../arm-none-eabi/lib/thumb/v7e-m/fpv4-sp/softfp/libcr_c.a(_hugeval.o)
 .ARM.attributes
                0x000000000000082a       0x37 /usr/local/mcuxpressoide-10.3.1_2233/ide/plugins/com.nxp.mcuxpresso.tools.linux_10.3.0.201811011841/tools/bin/../lib/gcc/arm-none-eabi/7.3.1/../../../../arm-none-eabi/lib/thumb/v7e-m/fpv4-sp/softfp/libcr_c.a(_cr_check_heap.o)
 .ARM.attributes
                0x0000000000000861       0x25 /usr/local/mcuxpressoide-10.3.1_2233/ide/plugins/com.nxp.mcuxpresso.tools.linux_10.3.0.201811011841/tools/bin/../lib/gcc/arm-none-eabi/7.3.1/thumb/v7e-m/fpv4-sp/softfp/libcr_eabihelpers.a(division_64.o)
 .ARM.attributes
                0x0000000000000886       0x25 /usr/local/mcuxpressoide-10.3.1_2233/ide/plugins/com.nxp.mcuxpresso.tools.linux_10.3.0.201811011841/tools/bin/../lib/gcc/arm-none-eabi/7.3.1/thumb/v7e-m/fpv4-sp/softfp/libcr_eabihelpers.a(division_idiv0.o)
 .ARM.attributes
                0x00000000000008ab       0x37 /usr/local/mcuxpressoide-10.3.1_2233/ide/plugins/com.nxp.mcuxpresso.tools.linux_10.3.0.201811011841/tools/bin/../lib/gcc/arm-none-eabi/7.3.1/thumb/v7e-m/fpv4-sp/softfp/libcr_eabihelpers.a(double.o)
 .ARM.attributes
                0x00000000000008e2       0x25 /usr/local/mcuxpressoide-10.3.1_2233/ide/plugins/com.nxp.mcuxpresso.tools.linux_10.3.0.201811011841/tools/bin/../lib/gcc/arm-none-eabi/7.3.1/thumb/v7e-m/fpv4-sp/softfp/libcr_eabihelpers.a(memcpy.o)
 .ARM.attributes
                0x0000000000000907       0x37 /usr/local/mcuxpressoide-10.3.1_2233/ide/plugins/com.nxp.mcuxpresso.tools.linux_10.3.0.201811011841/tools/bin/../lib/gcc/arm-none-eabi/7.3.1/../../../../arm-none-eabi/lib/thumb/v7e-m/fpv4-sp/softfp/libcr_nohost.a(__ciob.o)
 .ARM.attributes
                0x000000000000093e       0x37 /usr/local/mcuxpressoide-10.3.1_2233/ide/plugins/com.nxp.mcuxpresso.tools.linux_10.3.0.201811011841/tools/bin/../lib/gcc/arm-none-eabi/7.3.1/../../../../arm-none-eabi/lib/thumb/v7e-m/fpv4-sp/softfp/libcr_nohost.a(__sys_appexit.o)
 .ARM.attributes
                0x0000000000000975       0x37 /usr/local/mcuxpressoide-10.3.1_2233/ide/plugins/com.nxp.mcuxpresso.tools.linux_10.3.0.201811011841/tools/bin/../lib/gcc/arm-none-eabi/7.3.1/../../../../arm-none-eabi/lib/thumb/v7e-m/fpv4-sp/softfp/libcr_nohost.a(__sys_close.o)
 .ARM.attributes
                0x00000000000009ac       0x37 /usr/local/mcuxpressoide-10.3.1_2233/ide/plugins/com.nxp.mcuxpresso.tools.linux_10.3.0.201811011841/tools/bin/../lib/gcc/arm-none-eabi/7.3.1/../../../../arm-none-eabi/lib/thumb/v7e-m/fpv4-sp/softfp/libcr_nohost.a(__sys_flen.o)
 .ARM.attributes
                0x00000000000009e3       0x37 /usr/local/mcuxpressoide-10.3.1_2233/ide/plugins/com.nxp.mcuxpresso.tools.linux_10.3.0.201811011841/tools/bin/../lib/gcc/arm-none-eabi/7.3.1/../../../../arm-none-eabi/lib/thumb/v7e-m/fpv4-sp/softfp/libcr_nohost.a(__sys_istty.o)
 .ARM.attributes
                0x0000000000000a1a       0x37 /usr/local/mcuxpressoide-10.3.1_2233/ide/plugins/com.nxp.mcuxpresso.tools.linux_10.3.0.201811011841/tools/bin/../lib/gcc/arm-none-eabi/7.3.1/../../../../arm-none-eabi/lib/thumb/v7e-m/fpv4-sp/softfp/libcr_nohost.a(__sys_remove.o)
 .ARM.attributes