Archive member included to satisfy reference by file (symbol)

/home/harsh/LPC 54114/lpc_board_lpcxpresso_54114/Debug/liblpc_board_lpcxpresso_54114.a(board.o)
                              ./src/m4master_blinky.o (Board_LED_Set)
/home/harsh/LPC 54114/lpc_board_lpcxpresso_54114/Debug/liblpc_board_lpcxpresso_54114.a(board_sysinit.o)
                              ./src/sysinit.o (Board_SystemInit)
/home/harsh/LPC 54114/lpc_chip_5411x/Debug/liblpc_chip_5411x.a(chip_5411x.o)
                              ./src/m4master_blinky.o (SystemCoreClock)
/home/harsh/LPC 54114/lpc_chip_5411x/Debug/liblpc_chip_5411x.a(clock_5411x.o)
                              ./src/m4master_blinky.o (Chip_Clock_EnablePeriphClock)
/home/harsh/LPC 54114/lpc_chip_5411x/Debug/liblpc_chip_5411x.a(fpu_init.o)
                              ./src/sysinit.o (fpuInit)
/home/harsh/LPC 54114/lpc_chip_5411x/Debug/liblpc_chip_5411x.a(pll_5411x.o)
                              /home/harsh/LPC 54114/lpc_chip_5411x/Debug/liblpc_chip_5411x.a(clock_5411x.o) (Chip_Clock_GetSystemPLLOutClockRate)
/home/harsh/LPC 54114/lpc_chip_5411x/Debug/liblpc_chip_5411x.a(syscon_5411x.o)
                              /home/harsh/LPC 54114/lpc_board_lpcxpresso_54114/Debug/liblpc_board_lpcxpresso_54114.a(board_sysinit.o) (Chip_SYSCON_PowerUp)
/home/harsh/LPC 54114/lpc_chip_5411x/Debug/liblpc_chip_5411x.a(sysinit_5411x.o)
                              /home/harsh/LPC 54114/lpc_board_lpcxpresso_54114/Debug/liblpc_board_lpcxpresso_54114.a(board_sysinit.o) (Chip_SetupFROClocking)
/home/harsh/LPC 54114/lpc_chip_5411x/Debug/liblpc_chip_5411x.a(uart_5411x.o)
                              /home/harsh/LPC 54114/lpc_board_lpcxpresso_54114/Debug/liblpc_board_lpcxpresso_54114.a(board.o) (Chip_UART_Init)
/home/harsh/LPC 54114/lpc_chip_5411x/Debug/liblpc_chip_5411x.a(flexcomm_5411x.o)
                              /home/harsh/LPC 54114/lpc_chip_5411x/Debug/liblpc_chip_5411x.a(uart_5411x.o) (Chip_FLEXCOMM_GetIndex)
/home/harsh/LPC 54114/lpc_chip_5411x/Debug/liblpc_chip_5411x.a(ring_buffer.o)
                              /home/harsh/LPC 54114/lpc_chip_5411x/Debug/liblpc_chip_5411x.a(uart_5411x.o) (RingBuffer_Insert)
/home/harsh/LPC 54114/lpc_chip_5411x/libs/libpower.a(power_library.o)
                              /home/harsh/LPC 54114/lpc_chip_5411x/Debug/liblpc_chip_5411x.a(sysinit_5411x.o) (Chip_POWER_SetFROHFRate)
/usr/local/mcuxpressoide-10.3.1_2233/ide/plugins/com.nxp.mcuxpresso.tools.linux_10.3.0.201811011841/tools/bin/../lib/gcc/arm-none-eabi/7.3.1/../../../../arm-none-eabi/lib/thumb/v7e-m/fpv4-sp/softfp/libcr_c.a(memcpy.o)
                              /home/harsh/LPC 54114/lpc_chip_5411x/Debug/liblpc_chip_5411x.a(ring_buffer.o) (memcpy)
/usr/local/mcuxpressoide-10.3.1_2233/ide/plugins/com.nxp.mcuxpresso.tools.linux_10.3.0.201811011841/tools/bin/../lib/gcc/arm-none-eabi/7.3.1/../../../../arm-none-eabi/lib/thumb/v7e-m/fpv4-sp/softfp/libcr_c.a(__weak__main.o)
                              ./src/cr_startup_lpc5411x.o (__main)
/usr/local/mcuxpressoide-10.3.1_2233/ide/plugins/com.nxp.mcuxpresso.tools.linux_10.3.0.201811011841/tools/bin/../lib/gcc/arm-none-eabi/7.3.1/../../../../arm-none-eabi/lib/thumb/v7e-m/fpv4-sp/softfp/libcr_c.a(strlen.o)
                              /home/harsh/LPC 54114/lpc_board_lpcxpresso_54114/Debug/liblpc_board_lpcxpresso_54114.a(board.o) (strlen)
/usr/local/mcuxpressoide-10.3.1_2233/ide/plugins/com.nxp.mcuxpresso.tools.linux_10.3.0.201811011841/tools/bin/../lib/gcc/arm-none-eabi/7.3.1/thumb/v7e-m/fpv4-sp/softfp/libcr_eabihelpers.a(division_64.o)
                              /home/harsh/LPC 54114/lpc_chip_5411x/Debug/liblpc_chip_5411x.a(clock_5411x.o) (__aeabi_uldivmod)
/usr/local/mcuxpressoide-10.3.1_2233/ide/plugins/com.nxp.mcuxpresso.tools.linux_10.3.0.201811011841/tools/bin/../lib/gcc/arm-none-eabi/7.3.1/thumb/v7e-m/fpv4-sp/softfp/libcr_eabihelpers.a(division_idiv0.o)
                              /usr/local/mcuxpressoide-10.3.1_2233/ide/plugins/com.nxp.mcuxpresso.tools.linux_10.3.0.201811011841/tools/bin/../lib/gcc/arm-none-eabi/7.3.1/thumb/v7e-m/fpv4-sp/softfp/libcr_eabihelpers.a(division_64.o) (__aeabi_idiv0)
/usr/local/mcuxpressoide-10.3.1_2233/ide/plugins/com.nxp.mcuxpresso.tools.linux_10.3.0.201811011841/tools/bin/../lib/gcc/arm-none-eabi/7.3.1/thumb/v7e-m/fpv4-sp/softfp/libcr_eabihelpers.a(memcpy.o)
                              /usr/local/mcuxpressoide-10.3.1_2233/ide/plugins/com.nxp.mcuxpresso.tools.linux_10.3.0.201811011841/tools/bin/../lib/gcc/arm-none-eabi/7.3.1/../../../../arm-none-eabi/lib/thumb/v7e-m/fpv4-sp/softfp/libcr_c.a(memcpy.o) (__aeabi_memcpy)

Allocating common symbols
Common symbol       size              file

__SWVtrace_Enabled  0x4               ./src/cr_startup_lpc5411x.o
SystemCoreClock     0x4               /home/harsh/LPC 54114/lpc_chip_5411x/Debug/liblpc_chip_5411x.a(chip_5411x.o)
sharedLEDStates     0x4               ./src/m4master_blinky.o

Discarded input sections

[...]
Memory Configuration

Name             Origin             Length             Attributes
MFlash256        0x0000000000000000 0x0000000000040000 xr
Ram0_64          0x0000000020000000 0x0000000000010000 xrw
Ram1_64          0x0000000020010000 0x0000000000010000 xrw
Ram2_32          0x0000000020020000 0x0000000000008000 xrw
RamX_32          0x0000000004000000 0x0000000000008000 xrw
*default*        0x0000000000000000 0xffffffffffffffff

Linker script and memory map

LOAD ./src/cr_startup_lpc5411x.o
LOAD ./src/crp.o
LOAD ./src/m4master_blinky.o
LOAD ./src/sysinit.o
LOAD /home/harsh/LPC 54114/multicore_m0slave_blinky/Debug/multicore_m0slave_blinky.axf.o
LOAD /home/harsh/LPC 54114/lpc_board_lpcxpresso_54114/Debug/liblpc_board_lpcxpresso_54114.a
LOAD /home/harsh/LPC 54114/lpc_chip_5411x/Debug/liblpc_chip_5411x.a
LOAD /home/harsh/LPC 54114/lpc_chip_5411x/libs/libpower.a
START GROUP
LOAD /usr/local/mcuxpressoide-10.3.1_2233/ide/plugins/com.nxp.mcuxpresso.tools.linux_10.3.0.201811011841/tools/bin/../lib/gcc/arm-none-eabi/7.3.1/../../../../arm-none-eabi/lib/thumb/v7e-m/fpv4-sp/softfp/libcr_c.a
LOAD /usr/local/mcuxpressoide-10.3.1_2233/ide/plugins/com.nxp.mcuxpresso.tools.linux_10.3.0.201811011841/tools/bin/../lib/gcc/arm-none-eabi/7.3.1/thumb/v7e-m/fpv4-sp/softfp/libcr_eabihelpers.a
LOAD /usr/local/mcuxpressoide-10.3.1_2233/ide/plugins/com.nxp.mcuxpresso.tools.linux_10.3.0.201811011841/tools/bin/../lib/gcc/arm-none-eabi/7.3.1/thumb/v7e-m/fpv4-sp/softfp/libgcc.a
END GROUP
                0x0000000000000000                __base_MFlash256 = 0x0
                0x0000000000000000                __base_Flash = 0x0
                0x0000000000040000                __top_MFlash256 = 0x40000
                0x0000000000040000                __top_Flash = 0x40000
                0x0000000020000000                __base_Ram0_64 = 0x20000000
                0x0000000020000000                __base_RAM = 0x20000000
                0x0000000020010000                __top_Ram0_64 = 0x20010000
                0x0000000020010000                __top_RAM = 0x20010000
                0x0000000020010000                __base_Ram1_64 = 0x20010000
                0x0000000020010000                __base_RAM2 = 0x20010000
                0x0000000020020000                __top_Ram1_64 = 0x20020000
                0x0000000020020000                __top_RAM2 = 0x20020000
                0x0000000020020000                __base_Ram2_32 = 0x20020000
                0x0000000020020000                __base_RAM3 = 0x20020000
                0x0000000020028000                __top_Ram2_32 = 0x20028000
                0x0000000020028000                __top_RAM3 = 0x20028000
                0x0000000004000000                __base_RamX_32 = 0x4000000
                0x0000000004000000                __base_RAM4 = 0x4000000
                0x0000000004008000                __top_RamX_32 = 0x4008000
                0x0000000004008000                __top_RAM4 = 0x4008000

.text           0x0000000000000000     0x1e14
 FILL mask 0xff
                0x0000000000000000                __vectors_start__ = ABSOLUTE (.)
 *(.isr_vector)
 .isr_vector    0x0000000000000000       0xe0 ./src/cr_startup_lpc5411x.o
                0x0000000000000000                g_pfnVectors
                0x00000000000000e0                . = ALIGN (0x4)
                0x00000000000000e0                __section_table_start = .
                0x00000000000000e0                __data_section_table = .
                0x00000000000000e0        0x4 LONG 0x2a34 LOADADDR (.data)
                0x00000000000000e4        0x4 LONG 0x20000000 ADDR (.data)
                0x00000000000000e8        0x4 LONG 0x0 SIZEOF (.data)
                0x00000000000000ec        0x4 LONG 0x1e14 LOADADDR (.data_RAM2_core_m0slave_text)
                0x00000000000000f0        0x4 LONG 0x20010000 ADDR (.data_RAM2_core_m0slave_text)
                0x00000000000000f4        0x4 LONG 0xc20 SIZEOF (.data_RAM2_core_m0slave_text)
                0x00000000000000f8        0x4 LONG 0x2a34 LOADADDR (.data_RAM2_core_m0slave_ARM_extab)
                0x00000000000000fc        0x4 LONG 0x20010c20 ADDR (.data_RAM2_core_m0slave_ARM_extab)
                0x0000000000000100        0x4 LONG 0x0 SIZEOF (.data_RAM2_core_m0slave_ARM_extab)
                0x0000000000000104        0x4 LONG 0x2a34 LOADADDR (.data_RAM2_core_m0slave_ARM_exidx)
                0x0000000000000108        0x4 LONG 0x20010c20 ADDR (.data_RAM2_core_m0slave_ARM_exidx)
                0x000000000000010c        0x4 LONG 0x0 SIZEOF (.data_RAM2_core_m0slave_ARM_exidx)
                0x0000000000000110        0x4 LONG 0x2a34 LOADADDR (.data_RAM2_core_m0slave_data)
                0x0000000000000114        0x4 LONG 0x20010c20 ADDR (.data_RAM2_core_m0slave_data)
                0x0000000000000118        0x4 LONG 0x0 SIZEOF (.data_RAM2_core_m0slave_data)
                0x000000000000011c        0x4 LONG 0x2a34 LOADADDR (.data_RAM2)
                0x0000000000000120        0x4 LONG 0x20010c20 ADDR (.data_RAM2)
                0x0000000000000124        0x4 LONG 0x0 SIZEOF (.data_RAM2)
                0x0000000000000128        0x4 LONG 0x2a34 LOADADDR (.data_RAM3)
                0x000000000000012c        0x4 LONG 0x20020000 ADDR (.data_RAM3)
                0x0000000000000130        0x4 LONG 0x0 SIZEOF (.data_RAM3)
                0x0000000000000134        0x4 LONG 0x2a34 LOADADDR (.data_RAM4)
                0x0000000000000138        0x4 LONG 0x4000000 ADDR (.data_RAM4)
                0x000000000000013c        0x4 LONG 0x0 SIZEOF (.data_RAM4)
                0x0000000000000140                __data_section_table_end = .
                0x0000000000000140                __bss_section_table = .
                0x0000000000000140        0x4 LONG 0x20000000 ADDR (.bss)
                0x0000000000000144        0x4 LONG 0x18 SIZEOF (.bss)
                0x0000000000000148        0x4 LONG 0x20010c20 ADDR (.bss_RAM2)
                0x000000000000014c        0x4 LONG 0x0 SIZEOF (.bss_RAM2)
                0x0000000000000150        0x4 LONG 0x20020000 ADDR (.bss_RAM3)
                0x0000000000000154        0x4 LONG 0x0 SIZEOF (.bss_RAM3)
                0x0000000000000158        0x4 LONG 0x4000000 ADDR (.bss_RAM4)
                0x000000000000015c        0x4 LONG 0x0 SIZEOF (.bss_RAM4)
                0x0000000000000160                __bss_section_table_end = .
                0x0000000000000160                __section_table_end = .
 *(.after_vectors*)
 .after_vectors
                0x0000000000000160       0xb8 ./src/cr_startup_lpc5411x.o
                0x0000000000000160                data_init
                0x00000000000001a4                bss_init
                0x00000000000001dc                NMI_Handler
                0x00000000000001e2                HardFault_Handler
                0x00000000000001e8                MemManage_Handler
                0x00000000000001ee                BusFault_Handler
                0x00000000000001f4                UsageFault_Handler
                0x00000000000001fa                SVC_Handler
                0x0000000000000200                DebugMon_Handler
                0x0000000000000206                PendSV_Handler
                0x0000000000000212                SCT0_IRQHandler
                0x0000000000000212                WDT_BOD_IRQHandler
                0x0000000000000212                FLEXCOMM5_IRQHandler
                0x0000000000000212                FLEXCOMM7_IRQHandler
                0x0000000000000212                MRT_IRQHandler
                0x0000000000000212                ADC_SEQB_IRQHandler
                0x0000000000000212                HWVAD_IRQHandler
                0x0000000000000212                FLEXCOMM3_IRQHandler
                0x0000000000000212                CT32B2_IRQHandler
                0x0000000000000212                PIN_INT6_IRQHandler
                0x0000000000000212                IntDefaultHandler
                0x0000000000000212                PIN_INT4_IRQHandler
                0x0000000000000212                FLEXCOMM6_IRQHandler
                0x0000000000000212                RTC_IRQHandler
                0x0000000000000212                FLEXCOMM0_IRQHandler
                0x0000000000000212                USB_NEEDCLK_IRQHandler
                0x0000000000000212                CT32B3_IRQHandler
                0x0000000000000212                CT32B1_IRQHandler
                0x0000000000000212                PIN_INT5_IRQHandler
                0x0000000000000212                PIN_INT2_IRQHandler
                0x0000000000000212                FLEXCOMM2_IRQHandler
                0x0000000000000212                PIN_INT7_IRQHandler
                0x0000000000000212                ADC_THCMP_IRQHandler
                0x0000000000000212                PIN_INT1_IRQHandler
                0x0000000000000212                USB_IRQHandler
                0x0000000000000212                CT32B4_IRQHandler
                0x0000000000000212                IOH_IRQHandler
                0x0000000000000212                ADC_SEQA_IRQHandler
                0x0000000000000212                PIN_INT0_IRQHandler
                0x0000000000000212                SPIFI_IRQHandler
                0x0000000000000212                UTICK_IRQHandler
                0x0000000000000212                CT32B0_IRQHandler
                0x0000000000000212                GINT0_IRQHandler
                0x0000000000000212                FLEXCOMM4_IRQHandler
                0x0000000000000212                FLEXCOMM1_IRQHandler
                0x0000000000000212                DMA_IRQHandler
                0x0000000000000212                Reserved38_IRQHandler
                0x0000000000000212                PIN_INT3_IRQHandler
                0x0000000000000212                GINT1_IRQHandler
                0x0000000000000212                DMIC_IRQHandler
 .after_vectors.reset
                0x0000000000000218       0x58 ./src/cr_startup_lpc5411x.o
                0x0000000000000218                ResetISR
 *(.text*)
 .text.ResetISR2
                0x0000000000000270       0xc8 ./src/cr_startup_lpc5411x.o
                0x0000000000000270                ResetISR2
 .text.NVIC_EnableIRQ
                0x0000000000000338       0x34 ./src/m4master_blinky.o
 .text.NVIC_SetPriority
                0x000000000000036c       0x54 ./src/m4master_blinky.o
 .text.SysTick_Config
                0x00000000000003c0       0x44 ./src/m4master_blinky.o
 .text.Chip_MBOX_Init
                0x0000000000000404       0x16 ./src/m4master_blinky.o
 .text.Chip_MBOX_SetValue
                0x000000000000041a       0x24 ./src/m4master_blinky.o
 .text.Chip_MBOX_ClearValueBits
                0x000000000000043e       0x26 ./src/m4master_blinky.o
 .text.Chip_MBOX_GetMutex
                0x0000000000000464       0x1a ./src/m4master_blinky.o
 .text.Chip_MBOX_SetMutex
                0x000000000000047e       0x1c ./src/m4master_blinky.o
 *fill*         0x000000000000049a        0x2 ff
 .text.mutexTake
                0x000000000000049c       0x1c ./src/m4master_blinky.o
 .text.mutexGive
                0x00000000000004b8       0x14 ./src/m4master_blinky.o
 .text.ledToggleBit
                0x00000000000004cc       0x2c ./src/m4master_blinky.o
 .text.updateLEDStates
                0x00000000000004f8       0x48 ./src/m4master_blinky.o
 .text.SysTick_Handler
                0x0000000000000540       0x50 ./src/m4master_blinky.o
                0x0000000000000540                SysTick_Handler
 .text.MAILBOX_IRQHandler
                0x0000000000000590       0x24 ./src/m4master_blinky.o
                0x0000000000000590                MAILBOX_IRQHandler
 .text.main     0x00000000000005b4       0x8c ./src/m4master_blinky.o
                0x00000000000005b4                main
 .text.SystemInit
                0x0000000000000640       0x20 ./src/sysinit.o
                0x0000000000000640                SystemInit
 .text.Board_LED_Init
                0x0000000000000660       0x44 /home/harsh/LPC 54114/lpc_board_lpcxpresso_54114/Debug/liblpc_board_lpcxpresso_54114.a(board.o)
 .text.Board_TestIO_Init
                0x00000000000006a4       0x44 /home/harsh/LPC 54114/lpc_board_lpcxpresso_54114/Debug/liblpc_board_lpcxpresso_54114.a(board.o)
 .text.Board_Button_Init
                0x00000000000006e8       0x40 /home/harsh/LPC 54114/lpc_board_lpcxpresso_54114/Debug/liblpc_board_lpcxpresso_54114.a(board.o)
 .text.Board_UART_Init
                0x0000000000000728       0x3c /home/harsh/LPC 54114/lpc_board_lpcxpresso_54114/Debug/liblpc_board_lpcxpresso_54114.a(board.o)
 .text.Board_LED_Set
                0x0000000000000764       0x28 /home/harsh/LPC 54114/lpc_board_lpcxpresso_54114/Debug/liblpc_board_lpcxpresso_54114.a(board.o)
                0x0000000000000764                Board_LED_Set
 .text.Board_Debug_Init
                0x000000000000078c        0x8 /home/harsh/LPC 54114/lpc_board_lpcxpresso_54114/Debug/liblpc_board_lpcxpresso_54114.a(board.o)
                0x000000000000078c                Board_Debug_Init
 .text.Board_Init
                0x0000000000000794       0x58 /home/harsh/LPC 54114/lpc_board_lpcxpresso_54114/Debug/liblpc_board_lpcxpresso_54114.a(board.o)
                0x0000000000000794                Board_Init
 .text.ConfigureBridgeSSEL
                0x00000000000007ec       0x8c /home/harsh/LPC 54114/lpc_board_lpcxpresso_54114/Debug/liblpc_board_lpcxpresso_54114.a(board_sysinit.o)
 .text.Board_SetupMuxing
                0x0000000000000878       0x38 /home/harsh/LPC 54114/lpc_board_lpcxpresso_54114/Debug/liblpc_board_lpcxpresso_54114.a(board_sysinit.o)
                0x0000000000000878                Board_SetupMuxing
 .text.Board_SetupClocking
                0x00000000000008b0       0x28 /home/harsh/LPC 54114/lpc_board_lpcxpresso_54114/Debug/liblpc_board_lpcxpresso_54114.a(board_sysinit.o)
                0x00000000000008b0                Board_SetupClocking
 .text.Board_SystemInit
                0x00000000000008d8       0x20 /home/harsh/LPC 54114/lpc_board_lpcxpresso_54114/Debug/liblpc_board_lpcxpresso_54114.a(board_sysinit.o)
                0x00000000000008d8                Board_SystemInit
 .text.SystemCoreClockUpdate
                0x00000000000008f8       0x18 /home/harsh/LPC 54114/lpc_chip_5411x/Debug/liblpc_chip_5411x.a(chip_5411x.o)
                0x00000000000008f8                SystemCoreClockUpdate
 .text.Chip_Clock_GetExtClockInRate
                0x0000000000000910       0x18 /home/harsh/LPC 54114/lpc_chip_5411x/Debug/liblpc_chip_5411x.a(clock_5411x.o)
 .text.Chip_Clock_GetRTCOscRate
                0x0000000000000928       0x12 /home/harsh/LPC 54114/lpc_chip_5411x/Debug/liblpc_chip_5411x.a(clock_5411x.o)
 *fill*         0x000000000000093a        0x2 ff
 .text.Chip_Clock_GetFROHFRate
                0x000000000000093c       0x2c /home/harsh/LPC 54114/lpc_chip_5411x/Debug/liblpc_chip_5411x.a(clock_5411x.o)
 .text.Chip_Clock_GetMain_A_ClockSource
                0x0000000000000968       0x1e /home/harsh/LPC 54114/lpc_chip_5411x/Debug/liblpc_chip_5411x.a(clock_5411x.o)
 .text.Chip_Clock_GetMain_B_ClockSource
                0x0000000000000986       0x18 /home/harsh/LPC 54114/lpc_chip_5411x/Debug/liblpc_chip_5411x.a(clock_5411x.o)
 .text.Chip_Clock_GetFRGClockSource
                0x000000000000099e       0x1e /home/harsh/LPC 54114/lpc_chip_5411x/Debug/liblpc_chip_5411x.a(clock_5411x.o)
 .text.Chip_Clock_GetMain_A_ClockRate
                0x00000000000009bc       0x60 /home/harsh/LPC 54114/lpc_chip_5411x/Debug/liblpc_chip_5411x.a(clock_5411x.o)
                0x00000000000009bc                Chip_Clock_GetMain_A_ClockRate
 .text.Chip_Clock_GetMain_B_ClockRate
                0x0000000000000a1c       0x40 /home/harsh/LPC 54114/lpc_chip_5411x/Debug/liblpc_chip_5411x.a(clock_5411x.o)
                0x0000000000000a1c                Chip_Clock_GetMain_B_ClockRate
 .text.Chip_Clock_EnablePeriphClock
                0x0000000000000a5c       0x58 /home/harsh/LPC 54114/lpc_chip_5411x/Debug/liblpc_chip_5411x.a(clock_5411x.o)
                0x0000000000000a5c                Chip_Clock_EnablePeriphClock
 .text.Chip_Clock_GetMainClockRate
                0x0000000000000ab4       0x28 /home/harsh/LPC 54114/lpc_chip_5411x/Debug/liblpc_chip_5411x.a(clock_5411x.o)
                0x0000000000000ab4                Chip_Clock_GetMainClockRate
 .text.Chip_Clock_GetSystemClockRate
                0x0000000000000adc       0x1e /home/harsh/LPC 54114/lpc_chip_5411x/Debug/liblpc_chip_5411x.a(clock_5411x.o)
                0x0000000000000adc                Chip_Clock_GetSystemClockRate
 *fill*         0x0000000000000afa        0x2 ff
 .text.Chip_Clock_GetFRGInClockRate
                0x0000000000000afc       0x60 /home/harsh/LPC 54114/lpc_chip_5411x/Debug/liblpc_chip_5411x.a(clock_5411x.o)
                0x0000000000000afc                Chip_Clock_GetFRGInClockRate
 .text.Chip_Clock_GetWDTOSCRate
                0x0000000000000b5c       0x70 /home/harsh/LPC 54114/lpc_chip_5411x/Debug/liblpc_chip_5411x.a(clock_5411x.o)
                0x0000000000000b5c                Chip_Clock_GetWDTOSCRate
 .text.fpuInit  0x0000000000000bcc       0x74 /home/harsh/LPC 54114/lpc_chip_5411x/Debug/liblpc_chip_5411x.a(fpu_init.o)
                0x0000000000000bcc                fpuInit
 .text.Chip_Clock_GetExtClockInRate
                0x0000000000000c40       0x18 /home/harsh/LPC 54114/lpc_chip_5411x/Debug/liblpc_chip_5411x.a(pll_5411x.o)
 .text.Chip_Clock_GetRTCOscRate
                0x0000000000000c58       0x12 /home/harsh/LPC 54114/lpc_chip_5411x/Debug/liblpc_chip_5411x.a(pll_5411x.o)
 .text.pllDecodeN
                0x0000000000000c6a       0xa0 /home/harsh/LPC 54114/lpc_chip_5411x/Debug/liblpc_chip_5411x.a(pll_5411x.o)
 .text.pllDecodeP
                0x0000000000000d0a       0x88 /home/harsh/LPC 54114/lpc_chip_5411x/Debug/liblpc_chip_5411x.a(pll_5411x.o)
 *fill*         0x0000000000000d92        0x2 ff
 .text.pllDecodeM
                0x0000000000000d94       0xa0 /home/harsh/LPC 54114/lpc_chip_5411x/Debug/liblpc_chip_5411x.a(pll_5411x.o)
 .text.findPllPreDiv
                0x0000000000000e34       0x3a /home/harsh/LPC 54114/lpc_chip_5411x/Debug/liblpc_chip_5411x.a(pll_5411x.o)
                0x0000000000000e34                findPllPreDiv
 .text.findPllPostDiv
                0x0000000000000e6e       0x3e /home/harsh/LPC 54114/lpc_chip_5411x/Debug/liblpc_chip_5411x.a(pll_5411x.o)
                0x0000000000000e6e                findPllPostDiv
 .text.findPllMMult
                0x0000000000000eac       0x40 /home/harsh/LPC 54114/lpc_chip_5411x/Debug/liblpc_chip_5411x.a(pll_5411x.o)
                0x0000000000000eac                findPllMMult
 .text.Chip_Clock_GetSystemPLLOutFromSetupUpdate
                0x0000000000000eec       0x20 /home/harsh/LPC 54114/lpc_chip_5411x/Debug/liblpc_chip_5411x.a(pll_5411x.o)
 .text.Chip_Clock_GetSystemPLLInClockRate
                0x0000000000000f0c       0x68 /home/harsh/LPC 54114/lpc_chip_5411x/Debug/liblpc_chip_5411x.a(pll_5411x.o)
                0x0000000000000f0c                Chip_Clock_GetSystemPLLInClockRate
 .text.Chip_Clock_GetSystemPLLOutFromSetup
                0x0000000000000f74      0x14e /home/harsh/LPC 54114/lpc_chip_5411x/Debug/liblpc_chip_5411x.a(pll_5411x.o)
                0x0000000000000f74                Chip_Clock_GetSystemPLLOutFromSetup
 *fill*         0x00000000000010c2        0x2 ff
 .text.Chip_Clock_GetSystemPLLOutClockRate
                0x00000000000010c4       0x68 /home/harsh/LPC 54114/lpc_chip_5411x/Debug/liblpc_chip_5411x.a(pll_5411x.o)
                0x00000000000010c4                Chip_Clock_GetSystemPLLOutClockRate
 .text.Chip_SYSCON_Enable_ASYNC_Syscon
                0x000000000000112c       0x2e /home/harsh/LPC 54114/lpc_chip_5411x/Debug/liblpc_chip_5411x.a(syscon_5411x.o)
                0x000000000000112c                Chip_SYSCON_Enable_ASYNC_Syscon
 *fill*         0x000000000000115a        0x2 ff
 .text.Chip_SYSCON_PowerUp
                0x000000000000115c       0x8c /home/harsh/LPC 54114/lpc_chip_5411x/Debug/liblpc_chip_5411x.a(syscon_5411x.o)
                0x000000000000115c                Chip_SYSCON_PowerUp
 .text.Chip_SYSCON_SetFLASHAccess
                0x00000000000011e8       0x34 /home/harsh/LPC 54114/lpc_chip_5411x/Debug/liblpc_chip_5411x.a(sysinit_5411x.o)
 .text.Chip_Clock_SetMain_A_ClockSource
                0x000000000000121c       0x20 /home/harsh/LPC 54114/lpc_chip_5411x/Debug/liblpc_chip_5411x.a(sysinit_5411x.o)
 .text.Chip_Clock_SetMain_B_ClockSource
                0x000000000000123c       0x20 /home/harsh/LPC 54114/lpc_chip_5411x/Debug/liblpc_chip_5411x.a(sysinit_5411x.o)
 .text.Chip_Clock_SetAsyncSysconClockSource
                0x000000000000125c       0x20 /home/harsh/LPC 54114/lpc_chip_5411x/Debug/liblpc_chip_5411x.a(sysinit_5411x.o)
 .text.Chip_Clock_SetMainClockSource
                0x000000000000127c       0x3c /home/harsh/LPC 54114/lpc_chip_5411x/Debug/liblpc_chip_5411x.a(sysinit_5411x.o)
 .text.setupFlashClocks
                0x00000000000012b8       0x68 /home/harsh/LPC 54114/lpc_chip_5411x/Debug/liblpc_chip_5411x.a(sysinit_5411x.o)
 .text.Chip_SetupFROClocking
                0x0000000000001320       0x6c /home/harsh/LPC 54114/lpc_chip_5411x/Debug/liblpc_chip_5411x.a(sysinit_5411x.o)
                0x0000000000001320                Chip_SetupFROClocking
 .text.Chip_SYSCON_SetUSARTFRGCtrl
                0x000000000000138c       0x2c /home/harsh/LPC 54114/lpc_chip_5411x/Debug/liblpc_chip_5411x.a(uart_5411x.o)
 .text.Chip_Clock_SetFLEXCOMMClockSource
                0x00000000000013b8       0x26 /home/harsh/LPC 54114/lpc_chip_5411x/Debug/liblpc_chip_5411x.a(uart_5411x.o)
 .text.Chip_Clock_SetFRGClockSource
                0x00000000000013de       0x20 /home/harsh/LPC 54114/lpc_chip_5411x/Debug/liblpc_chip_5411x.a(uart_5411x.o)
 .text.Chip_Clock_GetFRGClockSource
                0x00000000000013fe       0x1e /home/harsh/LPC 54114/lpc_chip_5411x/Debug/liblpc_chip_5411x.a(uart_5411x.o)
 .text.Chip_UART_SetFIFOCfg
                0x000000000000141c       0x30 /home/harsh/LPC 54114/lpc_chip_5411x/Debug/liblpc_chip_5411x.a(uart_5411x.o)
 .text.Chip_UART_FlushFIFOs
                0x000000000000144c       0x1a /home/harsh/LPC 54114/lpc_chip_5411x/Debug/liblpc_chip_5411x.a(uart_5411x.o)
 .text._UART_DivClk
                0x0000000000001466       0x64 /home/harsh/LPC 54114/lpc_chip_5411x/Debug/liblpc_chip_5411x.a(uart_5411x.o)
 .text._UART_GetHighDiv
                0x00000000000014ca       0x52 /home/harsh/LPC 54114/lpc_chip_5411x/Debug/liblpc_chip_5411x.a(uart_5411x.o)
 .text._CalcErr
                0x000000000000151c       0x6e /home/harsh/LPC 54114/lpc_chip_5411x/Debug/liblpc_chip_5411x.a(uart_5411x.o)
 *fill*         0x000000000000158a        0x2 ff
 .text._UART_CalcDiv
                0x000000000000158c       0xe4 /home/harsh/LPC 54114/lpc_chip_5411x/Debug/liblpc_chip_5411x.a(uart_5411x.o)
 .text._UART_CalcMul
                0x0000000000001670       0xc8 /home/harsh/LPC 54114/lpc_chip_5411x/Debug/liblpc_chip_5411x.a(uart_5411x.o)
 .text.Chip_UART_Init
                0x0000000000001738       0x32 /home/harsh/LPC 54114/lpc_chip_5411x/Debug/liblpc_chip_5411x.a(uart_5411x.o)
                0x0000000000001738                Chip_UART_Init
 .text.Chip_UART_CalculateBaud
                0x000000000000176a       0x26 /home/harsh/LPC 54114/lpc_chip_5411x/Debug/liblpc_chip_5411x.a(uart_5411x.o)
                0x000000000000176a                Chip_UART_CalculateBaud
 .text.Chip_UART_SetBaud
                0x0000000000001790       0x8e /home/harsh/LPC 54114/lpc_chip_5411x/Debug/liblpc_chip_5411x.a(uart_5411x.o)
                0x0000000000001790                Chip_UART_SetBaud
 *fill*         0x000000000000181e        0x2 ff
 .text.Chip_SYSCON_PeriphReset
                0x0000000000001820       0x84 /home/harsh/LPC 54114/lpc_chip_5411x/Debug/liblpc_chip_5411x.a(flexcomm_5411x.o)
 .text.Chip_SYSCON_EnableWakeup
                0x00000000000018a4       0x34 /home/harsh/LPC 54114/lpc_chip_5411x/Debug/liblpc_chip_5411x.a(flexcomm_5411x.o)
 .text.Chip_Clock_SetFLEXCOMMClockSource
                0x00000000000018d8       0x26 /home/harsh/LPC 54114/lpc_chip_5411x/Debug/liblpc_chip_5411x.a(flexcomm_5411x.o)
 *fill*         0x00000000000018fe        0x2 ff
 .text.Chip_FLEXCOMM_GetIndex
                0x0000000000001900       0x9c /home/harsh/LPC 54114/lpc_chip_5411x/Debug/liblpc_chip_5411x.a(flexcomm_5411x.o)
                0x0000000000001900                Chip_FLEXCOMM_GetIndex
 .text.Chip_FLEXCOMM_Init
                0x000000000000199c       0x74 /home/harsh/LPC 54114/lpc_chip_5411x/Debug/liblpc_chip_5411x.a(flexcomm_5411x.o)
                0x000000000000199c                Chip_FLEXCOMM_Init
 .text.Chip_FLEXCOMM_SetPeriph
                0x0000000000001a10       0x8e /home/harsh/LPC 54114/lpc_chip_5411x/Debug/liblpc_chip_5411x.a(flexcomm_5411x.o)
                0x0000000000001a10                Chip_FLEXCOMM_SetPeriph
 *fill*         0x0000000000001a9e        0x2 ff
 .text.Chip_POWER_SetFROHFRate
                0x0000000000001aa0       0x4c /home/harsh/LPC 54114/lpc_chip_5411x/libs/libpower.a(power_library.o)
                0x0000000000001aa0                Chip_POWER_SetFROHFRate
 .text.Chip_POWER_SetVoltage
                0x0000000000001aec      0x118 /home/harsh/LPC 54114/lpc_chip_5411x/libs/libpower.a(power_library.o)
                0x0000000000001aec                Chip_POWER_SetVoltage
 .text.Chip_CPU_CM0Boot
                0x0000000000001c04       0x2c /home/harsh/LPC 54114/lpc_chip_5411x/libs/libpower.a(power_library.o)
                0x0000000000001c04                Chip_CPU_CM0Boot
 .text.__weak_main
                0x0000000000001c30        0x4 /usr/local/mcuxpressoide-10.3.1_2233/ide/plugins/com.nxp.mcuxpresso.tools.linux_10.3.0.201811011841/tools/bin/../lib/gcc/arm-none-eabi/7.3.1/../../../../arm-none-eabi/lib/thumb/v7e-m/fpv4-sp/softfp/libcr_c.a(__weak__main.o)
                0x0000000000001c30                __main
                0x0000000000001c30                __weak_main
 .text.__aeabi_division_uldivmod
                0x0000000000001c34      0x174 /usr/local/mcuxpressoide-10.3.1_2233/ide/plugins/com.nxp.mcuxpresso.tools.linux_10.3.0.201811011841/tools/bin/../lib/gcc/arm-none-eabi/7.3.1/thumb/v7e-m/fpv4-sp/softfp/libcr_eabihelpers.a(division_64.o)
                0x0000000000001c34                __aeabi_uldivmod
                0x0000000000001c38                __bhs_ldivmod1
 .text.__aeabi_division_idiv0
                0x0000000000001da8        0x2 /usr/local/mcuxpressoide-10.3.1_2233/ide/plugins/com.nxp.mcuxpresso.tools.linux_10.3.0.201811011841/tools/bin/../lib/gcc/arm-none-eabi/7.3.1/thumb/v7e-m/fpv4-sp/softfp/libcr_eabihelpers.a(division_idiv0.o)
                0x0000000000001da8                __aeabi_idiv0
 *(.rodata .rodata.* .constdata .constdata.*)
 *fill*         0x0000000000001daa        0x2 ff
 .rodata.ExtClockIn
                0x0000000000001dac        0x4 /home/harsh/LPC 54114/lpc_board_lpcxpresso_54114/Debug/liblpc_board_lpcxpresso_54114.a(board.o)
                0x0000000000001dac                ExtClockIn
 .rodata.btnBits
                0x0000000000001db0        0x6 /home/harsh/LPC 54114/lpc_board_lpcxpresso_54114/Debug/liblpc_board_lpcxpresso_54114.a(board.o)
 *fill*         0x0000000000001db6        0x2 ff
 .rodata.ledBits
                0x0000000000001db8        0x6 /home/harsh/LPC 54114/lpc_board_lpcxpresso_54114/Debug/liblpc_board_lpcxpresso_54114.a(board.o)
 *fill*         0x0000000000001dbe        0x2 ff
 .rodata.tstBits
                0x0000000000001dc0        0x4 /home/harsh/LPC 54114/lpc_board_lpcxpresso_54114/Debug/liblpc_board_lpcxpresso_54114.a(board.o)
 .rodata.pinmuxing
                0x0000000000001dc4       0x30 /home/harsh/LPC 54114/lpc_board_lpcxpresso_54114/Debug/liblpc_board_lpcxpresso_54114.a(board_sysinit.o)
 .rodata        0x0000000000001df4       0x1f /home/harsh/LPC 54114/lpc_chip_5411x/Debug/liblpc_chip_5411x.a(clock_5411x.o)
                0x0000000000001e14                . = ALIGN (0x4)
 *fill*         0x0000000000001e13        0x1 ff

.glue_7         0x0000000000001e14        0x0
 .glue_7        0x0000000000001e14        0x0 linker stubs

.glue_7t        0x0000000000001e14        0x0
 .glue_7t       0x0000000000001e14        0x0 linker stubs

.vfp11_veneer   0x0000000000001e14        0x0
 .vfp11_veneer  0x0000000000001e14        0x0 linker stubs

.v4_bx          0x0000000000001e14        0x0
 .v4_bx         0x0000000000001e14        0x0 linker stubs

.iplt           0x0000000000001e14        0x0
 .iplt          0x0000000000001e14        0x0 ./src/cr_startup_lpc5411x.o

.ARM.extab
 *(.ARM.extab* .gnu.linkonce.armextab.*)
                0x0000000000001e14                __exidx_start = .

.ARM.exidx
 *(.ARM.exidx* .gnu.linkonce.armexidx.*)
                0x0000000000001e14                __exidx_end = .
                0x0000000000001e14                _etext = .

.data_RAM2_core_m0slave_text
                0x0000000020010000      0xc20 load address 0x0000000000001e14
 FILL mask 0xff
                [!provide]                        PROVIDE (__start_data_RAM2 = .)
                0x0000000020010000                __core_m0slave_START__ = .
 *(.core_m0slave)
 .core_m0slave  0x0000000020010000      0xc20 /home/harsh/LPC 54114/multicore_m0slave_blinky/Debug/multicore_m0slave_blinky.axf.o

.rel.dyn        0x0000000020010c20        0x0 load address 0x0000000000002a34
 .rel.iplt      0x0000000020010c20        0x0 ./src/cr_startup_lpc5411x.o

.data_RAM2_core_m0slave_ARM_extab
                0x0000000020010c20        0x0 load address 0x0000000000002a34
 FILL mask 0xff
 *(.core_m0slave.ARM.extab)

.data_RAM2_core_m0slave_ARM_exidx
                0x0000000020010c20        0x0 load address 0x0000000000002a34
 FILL mask 0xff
 *(.core_m0slave.ARM.exidx)

.data_RAM2_core_m0slave_data
                0x0000000020010c20        0x0 load address 0x0000000000002a34
 FILL mask 0xff
 *(.core_m0slave.data_*)
 .core_m0slave.data_RAM2
                0x0000000020010c20        0x0 /home/harsh/LPC 54114/multicore_m0slave_blinky/Debug/multicore_m0slave_blinky.axf.o
 .core_m0slave.data_RAM3
                0x0000000020010c20        0x0 /home/harsh/LPC 54114/multicore_m0slave_blinky/Debug/multicore_m0slave_blinky.axf.o
 *(.core_m0slave.data)
 .core_m0slave.data
                0x0000000020010c20        0x0 /home/harsh/LPC 54114/multicore_m0slave_blinky/Debug/multicore_m0slave_blinky.axf.o
                0x0000000020010c20                __start_data_core_m0slave
                0x0000000020010c20                __end_data_core_m0slave
                0x0000000020010c20                __core_m0slave_END__ = .
                0x0000000000000001                ASSERT (! ((__core_m0slave_START__ == __core_m0slave_END__)), No slave code for _core_m0slave)
                0x0000000000000001                ASSERT ((ABSOLUTE (__core_m0slave_START__) == __vectors_start___core_m0slave), M0SLAVE execute address differs from address provided in source image)

.data_RAM2      0x0000000020010c20        0x0 load address 0x0000000000002a34
 FILL mask 0xff
 *(.ramfunc.$RAM2)
 *(.ramfunc.$Ram1_64)
 *(.data.$RAM2*)
 *(.data.$Ram1_64*)
                0x0000000020010c20                . = ALIGN (0x4)
                [!provide]                        PROVIDE (__end_data_RAM2 = .)

.data_RAM3      0x0000000020020000        0x0 load address 0x0000000000002a34
 FILL mask 0xff
                [!provide]                        PROVIDE (__start_data_RAM3 = .)
 *(.ramfunc.$RAM3)
 *(.ramfunc.$Ram2_32)
 *(.data.$RAM3*)
 *(.data.$Ram2_32*)
                0x0000000020020000                . = ALIGN (0x4)
                [!provide]                        PROVIDE (__end_data_RAM3 = .)

.data_RAM4      0x0000000004000000        0x0 load address 0x0000000000002a34
 FILL mask 0xff
                [!provide]                        PROVIDE (__start_data_RAM4 = .)
 *(.ramfunc.$RAM4)
 *(.ramfunc.$RamX_32)
 *(.data.$RAM4*)
 *(.data.$RamX_32*)
                0x0000000004000000                . = ALIGN (0x4)
                [!provide]                        PROVIDE (__end_data_RAM4 = .)

.uninit_RESERVED
                0x0000000020000000        0x0
 *(.bss.$RESERVED*)
                0x0000000020000000                . = ALIGN (0x4)
                0x0000000020000000                _end_uninit_RESERVED = .
 .uninit_RESERVED
                0x0000000020000000        0x0 /home/harsh/LPC 54114/multicore_m0slave_blinky/Debug/multicore_m0slave_blinky.axf.o

.data           0x0000000020000000        0x0 load address 0x0000000000002a34
 FILL mask 0xff
                0x0000000020000000                _data = .
 *(vtable)
 *(.ramfunc*)
 *(.data*)
                0x0000000020000000                . = ALIGN (0x4)
                0x0000000020000000                _edata = .

.igot.plt       0x0000000020000000        0x0 load address 0x0000000000002a34
 .igot.plt      0x0000000020000000        0x0 ./src/cr_startup_lpc5411x.o

.bss_RAM2       0x0000000020010c20        0x0
                [!provide]                        PROVIDE (__start_bss_RAM2 = .)
 *(.bss.$RAM2*)
 *(.bss.$Ram1_64*)
                0x0000000020010c20                . = ALIGN ((. != 0x0)?0x4:0x1)
                [!provide]                        PROVIDE (__end_bss_RAM2 = .)

.bss_RAM3       0x0000000020020000        0x0
                [!provide]                        PROVIDE (__start_bss_RAM3 = .)
 *(.bss.$RAM3*)
 *(.bss.$Ram2_32*)
                0x0000000020020000                . = ALIGN ((. != 0x0)?0x4:0x1)
                [!provide]                        PROVIDE (__end_bss_RAM3 = .)

.bss_RAM4       0x0000000004000000        0x0
                [!provide]                        PROVIDE (__start_bss_RAM4 = .)
 *(.bss.$RAM4*)
 *(.bss.$RamX_32*)
                0x0000000004000000                . = ALIGN ((. != 0x0)?0x4:0x1)
                [!provide]                        PROVIDE (__end_bss_RAM4 = .)

.bss            0x0000000020000000       0x18
                0x0000000020000000                _bss = .
 *(.bss*)
 .bss.myCoreBox
                0x0000000020000000        0x1 ./src/m4master_blinky.o
 .bss.otherCoreBox
                0x0000000020000001        0x1 ./src/m4master_blinky.o
 *fill*         0x0000000020000002        0x2 
 .bss.cnt25     0x0000000020000004        0x4 ./src/m4master_blinky.o
 .bss.curPllRate
                0x0000000020000008        0x4 /home/harsh/LPC 54114/lpc_chip_5411x/Debug/liblpc_chip_5411x.a(pll_5411x.o)
 *(COMMON)
 COMMON         0x000000002000000c        0x4 ./src/cr_startup_lpc5411x.o
                0x000000002000000c                __SWVtrace_Enabled
 COMMON         0x0000000020000010        0x4 ./src/m4master_blinky.o
                0x0000000020000010                sharedLEDStates
 COMMON         0x0000000020000014        0x4 /home/harsh/LPC 54114/lpc_chip_5411x/Debug/liblpc_chip_5411x.a(chip_5411x.o)
                0x0000000020000014                SystemCoreClock
                0x0000000020000018                . = ALIGN (0x4)
                0x0000000020000018                _ebss = .
                [!provide]                        PROVIDE (end = .)

.noinit_RAM2    0x0000000020010c20        0x0
 *(.noinit.$RAM2*)
 *(.noinit.$Ram1_64*)
                0x0000000020010c20                . = ALIGN (0x4)

.noinit_RAM3    0x0000000020020000        0x0
 *(.noinit.$RAM3*)
 *(.noinit.$Ram2_32*)
                0x0000000020020000                . = ALIGN (0x4)

.noinit_RAM4    0x0000000004000000        0x0
 *(.noinit.$RAM4*)
 *(.noinit.$RamX_32*)
                0x0000000004000000                . = ALIGN (0x4)

.noinit         0x0000000020000018        0x0
                0x0000000020000018                _noinit = .
 *(.noinit*)
                0x0000000020000018                . = ALIGN (0x4)
                0x0000000020000018                _end_noinit = .
                [!provide]                        PROVIDE (_pvHeapStart = DEFINED (__user_heap_base)?__user_heap_base:.)
                0x0000000020010000                PROVIDE (_vStackTop = DEFINED (__user_stack_top)?__user_stack_top:(__top_Ram0_64 - 0x0))
                0xffffffffdffef45a                PROVIDE (__valid_user_code_checksum = (0x0 - ((((((_vStackTop + (ResetISR + 0x1)) + (NMI_Handler + 0x1)) + (HardFault_Handler + 0x1)) + (DEFINED (MemManage_Handler)?MemManage_Handler:0x0 + 0x1)) + (DEFINED (BusFault_Handler)?BusFault_Handler:0x0 + 0x1)) + (DEFINED (UsageFault_Handler)?UsageFault_Handler:0x0 + 0x1))))
                0x0000000000000000                _image_start = LOADADDR (.text)
                0x0000000000002a34                _image_end = (LOADADDR (.data) + SIZEOF (.data))
                0x0000000000002a34                _image_size = (_image_end - _image_start)
OUTPUT(multicore_m4master_blinky.axf elf32-littlearm)

.debug_info     0x0000000000000000     0xbc1b
 .debug_info    0x0000000000000000      0x2c4 ./src/cr_startup_lpc5411x.o
 .debug_info    0x00000000000002c4      0xbe1 ./src/m4master_blinky.o
 .debug_info    0x0000000000000ea5      0x4d6 ./src/sysinit.o
 .debug_info    0x000000000000137b     0x1986 /home/harsh/LPC 54114/lpc_board_lpcxpresso_54114/Debug/liblpc_board_lpcxpresso_54114.a(board.o)
 .debug_info    0x0000000000002d01     0x1267 /home/harsh/LPC 54114/lpc_board_lpcxpresso_54114/Debug/liblpc_board_lpcxpresso_54114.a(board_sysinit.o)
 .debug_info    0x0000000000003f68      0xe18 /home/harsh/LPC 54114/lpc_chip_5411x/Debug/liblpc_chip_5411x.a(chip_5411x.o)
 .debug_info    0x0000000000004d80     0x1173 /home/harsh/LPC 54114/lpc_chip_5411x/Debug/liblpc_chip_5411x.a(clock_5411x.o)
 .debug_info    0x0000000000005ef3      0x156 /home/harsh/LPC 54114/lpc_chip_5411x/Debug/liblpc_chip_5411x.a(fpu_init.o)
 .debug_info    0x0000000000006049     0x13d2 /home/harsh/LPC 54114/lpc_chip_5411x/Debug/liblpc_chip_5411x.a(pll_5411x.o)
 .debug_info    0x000000000000741b      0xa8a /home/harsh/LPC 54114/lpc_chip_5411x/Debug/liblpc_chip_5411x.a(syscon_5411x.o)
 .debug_info    0x0000000000007ea5     0x10f2 /home/harsh/LPC 54114/lpc_chip_5411x/Debug/liblpc_chip_5411x.a(sysinit_5411x.o)
 .debug_info    0x0000000000008f97     0x1d16 /home/harsh/LPC 54114/lpc_chip_5411x/Debug/liblpc_chip_5411x.a(uart_5411x.o)
 .debug_info    0x000000000000acad      0xf6e /home/harsh/LPC 54114/lpc_chip_5411x/Debug/liblpc_chip_5411x.a(flexcomm_5411x.o)

.debug_abbrev   0x0000000000000000     0x1d34
 .debug_abbrev  0x0000000000000000      0x14a ./src/cr_startup_lpc5411x.o
 .debug_abbrev  0x000000000000014a      0x29e ./src/m4master_blinky.o
 .debug_abbrev  0x00000000000003e8      0x10e ./src/sysinit.o
 .debug_abbrev  0x00000000000004f6      0x36b /home/harsh/LPC 54114/lpc_board_lpcxpresso_54114/Debug/liblpc_board_lpcxpresso_54114.a(board.o)
 .debug_abbrev  0x0000000000000861      0x30b /home/harsh/LPC 54114/lpc_board_lpcxpresso_54114/Debug/liblpc_board_lpcxpresso_54114.a(board_sysinit.o)
 .debug_abbrev  0x0000000000000b6c      0x21a /home/harsh/LPC 54114/lpc_chip_5411x/Debug/liblpc_chip_5411x.a(chip_5411x.o)
 .debug_abbrev  0x0000000000000d86      0x2a8 /home/harsh/LPC 54114/lpc_chip_5411x/Debug/liblpc_chip_5411x.a(clock_5411x.o)
 .debug_abbrev  0x000000000000102e       0xaa /home/harsh/LPC 54114/lpc_chip_5411x/Debug/liblpc_chip_5411x.a(fpu_init.o)
 .debug_abbrev  0x00000000000010d8      0x2e4 /home/harsh/LPC 54114/lpc_chip_5411x/Debug/liblpc_chip_5411x.a(pll_5411x.o)
 .debug_abbrev  0x00000000000013bc      0x197 /home/harsh/LPC 54114/lpc_chip_5411x/Debug/liblpc_chip_5411x.a(syscon_5411x.o)
 .debug_abbrev  0x0000000000001553      0x275 /home/harsh/LPC 54114/lpc_chip_5411x/Debug/liblpc_chip_5411x.a(sysinit_5411x.o)
 .debug_abbrev  0x00000000000017c8      0x32c /home/harsh/LPC 54114/lpc_chip_5411x/Debug/liblpc_chip_5411x.a(uart_5411x.o)
 .debug_abbrev  0x0000000000001af4      0x240 /home/harsh/LPC 54114/lpc_chip_5411x/Debug/liblpc_chip_5411x.a(flexcomm_5411x.o)

.debug_aranges  0x0000000000000000      0x6e0
 .debug_aranges
                0x0000000000000000       0x88 ./src/cr_startup_lpc5411x.o
 .debug_aranges
                0x0000000000000088       0x90 ./src/m4master_blinky.o
 .debug_aranges
                0x0000000000000118       0x20 ./src/sysinit.o
 .debug_aranges
                0x0000000000000138       0xa8 /home/harsh/LPC 54114/lpc_board_lpcxpresso_54114/Debug/liblpc_board_lpcxpresso_54114.a(board.o)
 .debug_aranges
                0x00000000000001e0       0x38 /home/harsh/LPC 54114/lpc_board_lpcxpresso_54114/Debug/liblpc_board_lpcxpresso_54114.a(board_sysinit.o)
 .debug_aranges
                0x0000000000000218       0x48 /home/harsh/LPC 54114/lpc_chip_5411x/Debug/liblpc_chip_5411x.a(chip_5411x.o)
 .debug_aranges
                0x0000000000000260      0x100 /home/harsh/LPC 54114/lpc_chip_5411x/Debug/liblpc_chip_5411x.a(clock_5411x.o)
 .debug_aranges
                0x0000000000000360       0x20 /home/harsh/LPC 54114/lpc_chip_5411x/Debug/liblpc_chip_5411x.a(fpu_init.o)
 .debug_aranges
                0x0000000000000380       0xf0 /home/harsh/LPC 54114/lpc_chip_5411x/Debug/liblpc_chip_5411x.a(pll_5411x.o)
 .debug_aranges
                0x0000000000000470       0x50 /home/harsh/LPC 54114/lpc_chip_5411x/Debug/liblpc_chip_5411x.a(syscon_5411x.o)
 .debug_aranges
                0x00000000000004c0       0x88 /home/harsh/LPC 54114/lpc_chip_5411x/Debug/liblpc_chip_5411x.a(sysinit_5411x.o)
 .debug_aranges
                0x0000000000000548      0x138 /home/harsh/LPC 54114/lpc_chip_5411x/Debug/liblpc_chip_5411x.a(uart_5411x.o)
 .debug_aranges
                0x0000000000000680       0x60 /home/harsh/LPC 54114/lpc_chip_5411x/Debug/liblpc_chip_5411x.a(flexcomm_5411x.o)

.debug_ranges   0x0000000000000000      0x658
 .debug_ranges  0x0000000000000000       0x78 ./src/cr_startup_lpc5411x.o
 .debug_ranges  0x0000000000000078       0x80 ./src/m4master_blinky.o
 .debug_ranges  0x00000000000000f8       0x10 ./src/sysinit.o
 .debug_ranges  0x0000000000000108       0x98 /home/harsh/LPC 54114/lpc_board_lpcxpresso_54114/Debug/liblpc_board_lpcxpresso_54114.a(board.o)
 .debug_ranges  0x00000000000001a0       0x58 /home/harsh/LPC 54114/lpc_board_lpcxpresso_54114/Debug/liblpc_board_lpcxpresso_54114.a(board_sysinit.o)
 .debug_ranges  0x00000000000001f8       0x38 /home/harsh/LPC 54114/lpc_chip_5411x/Debug/liblpc_chip_5411x.a(chip_5411x.o)
 .debug_ranges  0x0000000000000230       0xf0 /home/harsh/LPC 54114/lpc_chip_5411x/Debug/liblpc_chip_5411x.a(clock_5411x.o)
 .debug_ranges  0x0000000000000320       0x10 /home/harsh/LPC 54114/lpc_chip_5411x/Debug/liblpc_chip_5411x.a(fpu_init.o)
 .debug_ranges  0x0000000000000330       0xe0 /home/harsh/LPC 54114/lpc_chip_5411x/Debug/liblpc_chip_5411x.a(pll_5411x.o)
 .debug_ranges  0x0000000000000410       0x40 /home/harsh/LPC 54114/lpc_chip_5411x/Debug/liblpc_chip_5411x.a(syscon_5411x.o)
 .debug_ranges  0x0000000000000450       0x78 /home/harsh/LPC 54114/lpc_chip_5411x/Debug/liblpc_chip_5411x.a(sysinit_5411x.o)
 .debug_ranges  0x00000000000004c8      0x140 /home/harsh/LPC 54114/lpc_chip_5411x/Debug/liblpc_chip_5411x.a(uart_5411x.o)
 .debug_ranges  0x0000000000000608       0x50 /home/harsh/LPC 54114/lpc_chip_5411x/Debug/liblpc_chip_5411x.a(flexcomm_5411x.o)

.debug_macro    0x0000000000000000     0x7130
 .debug_macro   0x0000000000000000       0x1d ./src/cr_startup_lpc5411x.o
 .debug_macro   0x000000000000001d      0xa78 ./src/cr_startup_lpc5411x.o
 .debug_macro   0x0000000000000a95      0x2a9 ./src/m4master_blinky.o
 .debug_macro   0x0000000000000d3e       0x10 ./src/m4master_blinky.o
 .debug_macro   0x0000000000000d4e      0x12d ./src/m4master_blinky.o
 .debug_macro   0x0000000000000e7b      0x5b2 ./src/m4master_blinky.o
 .debug_macro   0x000000000000142d       0x22 ./src/m4master_blinky.o
 .debug_macro   0x000000000000144f       0x89 ./src/m4master_blinky.o
 .debug_macro   0x00000000000014d8       0xab ./src/m4master_blinky.o
 .debug_macro   0x0000000000001583       0x3b ./src/m4master_blinky.o
 .debug_macro   0x00000000000015be       0x2d ./src/m4master_blinky.o
 .debug_macro   0x00000000000015eb       0x42 ./src/m4master_blinky.o
 .debug_macro   0x000000000000162d      0xd39 ./src/m4master_blinky.o
 .debug_macro   0x0000000000002366      0x1b7 ./src/m4master_blinky.o
 .debug_macro   0x000000000000251d       0x10 ./src/m4master_blinky.o
 .debug_macro   0x000000000000252d       0xca ./src/m4master_blinky.o
 .debug_macro   0x00000000000025f7       0x18 ./src/m4master_blinky.o
 .debug_macro   0x000000000000260f       0x16 ./src/m4master_blinky.o
 .debug_macro   0x0000000000002625      0x106 ./src/m4master_blinky.o
 .debug_macro   0x000000000000272b       0x2d ./src/m4master_blinky.o
 .debug_macro   0x0000000000002758       0x28 ./src/m4master_blinky.o
 .debug_macro   0x0000000000002780       0x16 ./src/m4master_blinky.o
 .debug_macro   0x0000000000002796       0xb8 ./src/m4master_blinky.o
 .debug_macro   0x000000000000284e       0x70 ./src/m4master_blinky.o
 .debug_macro   0x00000000000028be       0x6a ./src/m4master_blinky.o
 .debug_macro   0x0000000000002928       0x76 ./src/m4master_blinky.o
 .debug_macro   0x000000000000299e       0x34 ./src/m4master_blinky.o
 .debug_macro   0x00000000000029d2      0x205 ./src/m4master_blinky.o
 .debug_macro   0x0000000000002bd7       0x46 ./src/m4master_blinky.o
 .debug_macro   0x0000000000002c1d       0x6a ./src/m4master_blinky.o
 .debug_macro   0x0000000000002c87       0x28 ./src/m4master_blinky.o
 .debug_macro   0x0000000000002caf       0x1c ./src/m4master_blinky.o
 .debug_macro   0x0000000000002ccb       0x10 ./src/m4master_blinky.o
 .debug_macro   0x0000000000002cdb       0x1f ./src/m4master_blinky.o
 .debug_macro   0x0000000000002cfa       0x40 ./src/m4master_blinky.o
 .debug_macro   0x0000000000002d3a      0x1f5 ./src/m4master_blinky.o
 .debug_macro   0x0000000000002f2f      0x152 ./src/m4master_blinky.o
 .debug_macro   0x0000000000003081       0x95 ./src/m4master_blinky.o
 .debug_macro   0x0000000000003116       0x16 ./src/m4master_blinky.o
 .debug_macro   0x000000000000312c      0x380 ./src/m4master_blinky.o
 .debug_macro   0x00000000000034ac      0x3a2 ./src/m4master_blinky.o
 .debug_macro   0x000000000000384e       0x1f ./src/m4master_blinky.o
 .debug_macro   0x000000000000386d      0x5ca ./src/m4master_blinky.o
 .debug_macro   0x0000000000003e37       0x2e ./src/m4master_blinky.o
 .debug_macro   0x0000000000003e65      0x193 ./src/m4master_blinky.o
 .debug_macro   0x0000000000003ff8       0x3a ./src/m4master_blinky.o
 .debug_macro   0x0000000000004032       0x9a ./src/m4master_blinky.o
 .debug_macro   0x00000000000040cc       0x58 ./src/m4master_blinky.o
 .debug_macro   0x0000000000004124      0x289 ./src/sysinit.o
 .debug_macro   0x00000000000043ad      0x2a4 /home/harsh/LPC 54114/lpc_board_lpcxpresso_54114/Debug/liblpc_board_lpcxpresso_54114.a(board.o)
 .debug_macro   0x0000000000004651      0xa66 /home/harsh/LPC 54114/lpc_board_lpcxpresso_54114/Debug/liblpc_board_lpcxpresso_54114.a(board.o)
 .debug_macro   0x00000000000050b7       0x12 /home/harsh/LPC 54114/lpc_board_lpcxpresso_54114/Debug/liblpc_board_lpcxpresso_54114.a(board.o)
 .debug_macro   0x00000000000050c9      0x297 /home/harsh/LPC 54114/lpc_board_lpcxpresso_54114/Debug/liblpc_board_lpcxpresso_54114.a(board_sysinit.o)
 .debug_macro   0x0000000000005360      0x254 /home/harsh/LPC 54114/lpc_chip_5411x/Debug/liblpc_chip_5411x.a(chip_5411x.o)
 .debug_macro   0x00000000000055b4      0xa6c /home/harsh/LPC 54114/lpc_chip_5411x/Debug/liblpc_chip_5411x.a(chip_5411x.o)
 .debug_macro   0x0000000000006020      0x25a /home/harsh/LPC 54114/lpc_chip_5411x/Debug/liblpc_chip_5411x.a(clock_5411x.o)
 .debug_macro   0x000000000000627a       0xb2 /home/harsh/LPC 54114/lpc_chip_5411x/Debug/liblpc_chip_5411x.a(fpu_init.o)
 .debug_macro   0x000000000000632c      0x4b4 /home/harsh/LPC 54114/lpc_chip_5411x/Debug/liblpc_chip_5411x.a(pll_5411x.o)
 .debug_macro   0x00000000000067e0      0x254 /home/harsh/LPC 54114/lpc_chip_5411x/Debug/liblpc_chip_5411x.a(syscon_5411x.o)
 .debug_macro   0x0000000000006a34      0x254 /home/harsh/LPC 54114/lpc_chip_5411x/Debug/liblpc_chip_5411x.a(sysinit_5411x.o)
 .debug_macro   0x0000000000006c88      0x254 /home/harsh/LPC 54114/lpc_chip_5411x/Debug/liblpc_chip_5411x.a(uart_5411x.o)
 .debug_macro   0x0000000000006edc      0x254 /home/harsh/LPC 54114/lpc_chip_5411x/Debug/liblpc_chip_5411x.a(flexcomm_5411x.o)

.debug_line     0x0000000000000000     0x4cad
 .debug_line    0x0000000000000000      0x102 ./src/cr_startup_lpc5411x.o
 .debug_line    0x0000000000000102      0x695 ./src/m4master_blinky.o
 .debug_line    0x0000000000000797      0x526 ./src/sysinit.o
 .debug_line    0x0000000000000cbd      0x790 /home/harsh/LPC 54114/lpc_board_lpcxpresso_54114/Debug/liblpc_board_lpcxpresso_54114.a(board.o)
 .debug_line    0x000000000000144d      0x5c8 /home/harsh/LPC 54114/lpc_board_lpcxpresso_54114/Debug/liblpc_board_lpcxpresso_54114.a(board_sysinit.o)
 .debug_line    0x0000000000001a15      0x54c /home/harsh/LPC 54114/lpc_chip_5411x/Debug/liblpc_chip_5411x.a(chip_5411x.o)
 .debug_line    0x0000000000001f61      0x785 /home/harsh/LPC 54114/lpc_chip_5411x/Debug/liblpc_chip_5411x.a(clock_5411x.o)
 .debug_line    0x00000000000026e6      0x246 /home/harsh/LPC 54114/lpc_chip_5411x/Debug/liblpc_chip_5411x.a(fpu_init.o)
 .debug_line    0x000000000000292c      0x8dc /home/harsh/LPC 54114/lpc_chip_5411x/Debug/liblpc_chip_5411x.a(pll_5411x.o)
 .debug_line    0x0000000000003208      0x565 /home/harsh/LPC 54114/lpc_chip_5411x/Debug/liblpc_chip_5411x.a(syscon_5411x.o)
 .debug_line    0x000000000000376d      0x623 /home/harsh/LPC 54114/lpc_chip_5411x/Debug/liblpc_chip_5411x.a(sysinit_5411x.o)
 .debug_line    0x0000000000003d90      0x96e /home/harsh/LPC 54114/lpc_chip_5411x/Debug/liblpc_chip_5411x.a(uart_5411x.o)
 .debug_line    0x00000000000046fe      0x5af /home/harsh/LPC 54114/lpc_chip_5411x/Debug/liblpc_chip_5411x.a(flexcomm_5411x.o)

.debug_str      0x0000000000000000    0x18414
 .debug_str     0x0000000000000000     0x2f86 ./src/cr_startup_lpc5411x.o
                                       0x2f99 (size before relaxing)
 .debug_str     0x0000000000002f86    0x10d80 ./src/m4master_blinky.o
                                      0x13c2f (size before relaxing)
 .debug_str     0x0000000000013d06       0x11 ./src/sysinit.o
                                      0x133bd (size before relaxing)
 .debug_str     0x0000000000013d17      0xae9 /home/harsh/LPC 54114/lpc_board_lpcxpresso_54114/Debug/liblpc_board_lpcxpresso_54114.a(board.o)
                                      0x1407f (size before relaxing)
 .debug_str     0x0000000000014800      0x272 /home/harsh/LPC 54114/lpc_board_lpcxpresso_54114/Debug/liblpc_board_lpcxpresso_54114.a(board_sysinit.o)
                                      0x13d38 (size before relaxing)
 .debug_str     0x0000000000014a72      0x481 /home/harsh/LPC 54114/lpc_chip_5411x/Debug/liblpc_chip_5411x.a(chip_5411x.o)
                                      0x13c06 (size before relaxing)
 .debug_str     0x0000000000014ef3      0x870 /home/harsh/LPC 54114/lpc_chip_5411x/Debug/liblpc_chip_5411x.a(clock_5411x.o)
                                      0x13e89 (size before relaxing)
 .debug_str     0x0000000000015763       0xb5 /home/harsh/LPC 54114/lpc_chip_5411x/Debug/liblpc_chip_5411x.a(fpu_init.o)
                                       0xa2ff (size before relaxing)
 .debug_str     0x0000000000015818     0x1499 /home/harsh/LPC 54114/lpc_chip_5411x/Debug/liblpc_chip_5411x.a(pll_5411x.o)
                                      0x14754 (size before relaxing)
 .debug_str     0x0000000000016cb1      0x113 /home/harsh/LPC 54114/lpc_chip_5411x/Debug/liblpc_chip_5411x.a(syscon_5411x.o)
                                      0x13373 (size before relaxing)
 .debug_str     0x0000000000016dc4      0x207 /home/harsh/LPC 54114/lpc_chip_5411x/Debug/liblpc_chip_5411x.a(sysinit_5411x.o)
                                      0x13ccf (size before relaxing)
 .debug_str     0x0000000000016fcb     0x1377 /home/harsh/LPC 54114/lpc_chip_5411x/Debug/liblpc_chip_5411x.a(uart_5411x.o)
                                      0x14861 (size before relaxing)
 .debug_str     0x0000000000018342       0xd2 /home/harsh/LPC 54114/lpc_chip_5411x/Debug/liblpc_chip_5411x.a(flexcomm_5411x.o)
                                      0x13d84 (size before relaxing)

.comment        0x0000000000000000       0xef
 .comment       0x0000000000000000       0x7f ./src/cr_startup_lpc5411x.o
                                         0x80 (size before relaxing)
 .comment       0x000000000000007f       0x80 ./src/m4master_blinky.o
 .comment       0x000000000000007f       0x80 ./src/sysinit.o
 .comment       0x000000000000007f       0x7f /home/harsh/LPC 54114/multicore_m0slave_blinky/Debug/multicore_m0slave_blinky.axf.o
 .comment       0x000000000000007f       0x80 /home/harsh/LPC 54114/lpc_board_lpcxpresso_54114/Debug/liblpc_board_lpcxpresso_54114.a(board.o)
 .comment       0x000000000000007f       0x80 /home/harsh/LPC 54114/lpc_board_lpcxpresso_54114/Debug/liblpc_board_lpcxpresso_54114.a(board_sysinit.o)
 .comment       0x000000000000007f       0x80 /home/harsh/LPC 54114/lpc_chip_5411x/Debug/liblpc_chip_5411x.a(chip_5411x.o)
 .comment       0x000000000000007f       0x80 /home/harsh/LPC 54114/lpc_chip_5411x/Debug/liblpc_chip_5411x.a(clock_5411x.o)
 .comment       0x000000000000007f       0x80 /home/harsh/LPC 54114/lpc_chip_5411x/Debug/liblpc_chip_5411x.a(fpu_init.o)
 .comment       0x000000000000007f       0x80 /home/harsh/LPC 54114/lpc_chip_5411x/Debug/liblpc_chip_5411x.a(pll_5411x.o)
 .comment       0x000000000000007f       0x80 /home/harsh/LPC 54114/lpc_chip_5411x/Debug/liblpc_chip_5411x.a(syscon_5411x.o)
 .comment       0x000000000000007f       0x80 /home/harsh/LPC 54114/lpc_chip_5411x/Debug/liblpc_chip_5411x.a(sysinit_5411x.o)
 .comment       0x000000000000007f       0x80 /home/harsh/LPC 54114/lpc_chip_5411x/Debug/liblpc_chip_5411x.a(uart_5411x.o)
 .comment       0x000000000000007f       0x80 /home/harsh/LPC 54114/lpc_chip_5411x/Debug/liblpc_chip_5411x.a(flexcomm_5411x.o)
 .comment       0x000000000000007f       0x70 /home/harsh/LPC 54114/lpc_chip_5411x/libs/libpower.a(power_library.o)
                                         0x71 (size before relaxing)
 .comment       0x00000000000000ef       0x80 /usr/local/mcuxpressoide-10.3.1_2233/ide/plugins/com.nxp.mcuxpresso.tools.linux_10.3.0.201811011841/tools/bin/../lib/gcc/arm-none-eabi/7.3.1/../../../../arm-none-eabi/lib/thumb/v7e-m/fpv4-sp/softfp/libcr_c.a(__weak__main.o)

.ARM.attributes
                0x0000000000000000       0x35
 .ARM.attributes
                0x0000000000000000       0x37 ./src/cr_startup_lpc5411x.o
 .ARM.attributes
                0x0000000000000037       0x37 ./src/m4master_blinky.o
 .ARM.attributes
                0x000000000000006e       0x37 ./src/sysinit.o
 .ARM.attributes
                0x00000000000000a5       0x37 /home/harsh/LPC 54114/lpc_board_lpcxpresso_54114/Debug/liblpc_board_lpcxpresso_54114.a(board.o)
 .ARM.attributes
                0x00000000000000dc       0x37 /home/harsh/LPC 54114/lpc_board_lpcxpresso_54114/Debug/liblpc_board_lpcxpresso_54114.a(board_sysinit.o)
 .ARM.attributes
                0x0000000000000113       0x37 /home/harsh/LPC 54114/lpc_chip_5411x/Debug/liblpc_chip_5411x.a(chip_5411x.o)
 .ARM.attributes
                0x000000000000014a       0x37 /home/harsh/LPC 54114/lpc_chip_5411x/Debug/liblpc_chip_5411x.a(clock_5411x.o)
 .ARM.attributes
                0x0000000000000181       0x37 /home/harsh/LPC 54114/lpc_chip_5411x/Debug/liblpc_chip_5411x.a(fpu_init.o)
 .ARM.attributes
                0x00000000000001b8       0x37 /home/harsh/LPC 54114/lpc_chip_5411x/Debug/liblpc_chip_5411x.a(pll_5411x.o)
 .ARM.attributes
                0x00000000000001ef       0x37 /home/harsh/LPC 54114/lpc_chip_5411x/Debug/liblpc_chip_5411x.a(syscon_5411x.o)
 .ARM.attributes
                0x0000000000000226       0x37 /home/harsh/LPC 54114/lpc_chip_5411x/Debug/liblpc_chip_5411x.a(sysinit_5411x.o)
 .ARM.attributes
                0x000000000000025d       0x37 /home/harsh/LPC 54114/lpc_chip_5411x/Debug/liblpc_chip_5411x.a(uart_5411x.o)
 .ARM.attributes
                0x0000000000000294       0x37 /home/harsh/LPC 54114/lpc_chip_5411x/Debug/liblpc_chip_5411x.a(flexcomm_5411x.o)
 .ARM.attributes
                0x00000000000002cb       0x37 /home/harsh/LPC 54114/lpc_chip_5411x/libs/libpower.a(power_library.o)
 .ARM.attributes
                0x0000000000000302       0x37 /usr/local/mcuxpressoide-10.3.1_2233/ide/plugins/com.nxp.mcuxpresso.tools.linux_10.3.0.201811011841/tools/bin/../lib/gcc/arm-none-eabi/7.3.1/../../../../arm-none-eabi/lib/thumb/v7e-m/fpv4-sp/softfp/libcr_c.a(__weak__main.o)
 .ARM.attributes
                0x0000000000000339       0x25 /usr/local/mcuxpressoide-10.3.1_2233/ide/plugins/com.nxp.mcuxpresso.tools.linux_10.3.0.201811011841/tools/bin/../lib/gcc/arm-none-eabi/7.3.1/thumb/v7e-m/fpv4-sp/softfp/libcr_eabihelpers.a(division_64.o)
 .ARM.attributes
                0x000000000000035e       0x25 /usr/local/mcuxpressoide-10.3.1_2233/ide/plugins/com.nxp.mcuxpresso.tools.linux_10.3.0.201811011841/tools/bin/../lib/gcc/arm-none-eabi/7.3.1/thumb/v7e-m/fpv4-sp/softfp/libcr_eabihelpers.a(division_idiv0.o)

.debug_frame    0x0000000000000000     0x1940
 .debug_frame   0x0000000000000000      0x180 ./src/cr_startup_lpc5411x.o
 .debug_frame   0x0000000000000180      0x228 ./src/m4master_blinky.o
 .debug_frame   0x00000000000003a8       0x2c ./src/sysinit.o
 .debug_frame   0x00000000000003d4      0x1bc /home/harsh/LPC 54114/lpc_board_lpcxpresso_54114/Debug/liblpc_board_lpcxpresso_54114.a(board.o)
 .debug_frame   0x0000000000000590       0x7c /home/harsh/LPC 54114/lpc_board_lpcxpresso_54114/Debug/liblpc_board_lpcxpresso_54114.a(board_sysinit.o)
 .debug_frame   0x000000000000060c       0xe8 /home/harsh/LPC 54114/lpc_chip_5411x/Debug/liblpc_chip_5411x.a(chip_5411x.o)
 .debug_frame   0x00000000000006f4      0x408 /home/harsh/LPC 54114/lpc_chip_5411x/Debug/liblpc_chip_5411x.a(clock_5411x.o)
 .debug_frame   0x0000000000000afc       0x38 /home/harsh/LPC 54114/lpc_chip_5411x/Debug/liblpc_chip_5411x.a(fpu_init.o)
 .debug_frame   0x0000000000000b34      0x40c /home/harsh/LPC 54114/lpc_chip_5411x/Debug/liblpc_chip_5411x.a(pll_5411x.o)
 .debug_frame   0x0000000000000f40      0x110 /home/harsh/LPC 54114/lpc_chip_5411x/Debug/liblpc_chip_5411x.a(syscon_5411x.o)
 .debug_frame   0x0000000000001050      0x220 /home/harsh/LPC 54114/lpc_chip_5411x/Debug/liblpc_chip_5411x.a(sysinit_5411x.o)
 .debug_frame   0x0000000000001270      0x560 /home/harsh/LPC 54114/lpc_chip_5411x/Debug/liblpc_chip_5411x.a(uart_5411x.o)
 .debug_frame   0x00000000000017d0      0x170 /home/harsh/LPC 54114/lpc_chip_5411x/Debug/liblpc_chip_5411x.a(flexcomm_5411x.o)

.debug_loc      0x0000000000000000      0xb2a
 .debug_loc     0x0000000000000000      0x6b4 /home/harsh/LPC 54114/lpc_board_lpcxpresso_54114/Debug/liblpc_board_lpcxpresso_54114.a(board.o)
 .debug_loc     0x00000000000006b4      0x476 /home/harsh/LPC 54114/lpc_board_lpcxpresso_54114/Debug/liblpc_board_lpcxpresso_54114.a(board_sysinit.o)
