11:37:25 **** Build of configuration Debug for project LPC54114J256_Project ****
make -r -j8 all 
Building file: ../utilities/fsl_debug_console.c
Building file: ../utilities/fsl_str.c
Building file: ../startup/boot_multicore_slave.c
Building file: ../startup/startup_lpc5411x.c
Building file: ../source/LPC54114J256_Project.c
Invoking: MCU C Compiler
Invoking: MCU C Compiler
Building file: ../source/semihost_hardfault.c
arm-none-eabi-gcc -D__LPC5411X__ -DCORE_M4 -DFSL_RTOS_BM -DSDK_OS_BAREMETAL -DSDK_DEBUGCONSOLE=0 -DCR_INTEGER_PRINTF -DPRINTF_FLOAT_ENABLE=0 -DCPU_LPC54114J256BD64 -DCPU_LPC54114J256BD64_cm4 -D__MCUXPRESSO -D__USE_CMSIS -DDEBUG -D__REDLIB__ -D__MULTICORE_MASTER -I../board -I../source -I../ -I../drivers -I../CMSIS -I../device -I../component/serial_manager -I../component/uart -I../utilities -I../startup -O0 -fno-common -g3 -Wall -c -ffunction-sections -fdata-sections -ffreestanding -fno-builtin -mcpu=cortex-m4 -mfpu=fpv4-sp-d16 -mfloat-abi=hard -mthumb -D__REDLIB__ -specs=redlib.specs -MMD -MP -MF"utilities/fsl_debug_console.d" -MT"utilities/fsl_debug_console.o" -MT"utilities/fsl_debug_console.d" -o "utilities/fsl_debug_console.o" "../utilities/fsl_debug_console.c"
arm-none-eabi-gcc -D__LPC5411X__ -DCORE_M4 -DFSL_RTOS_BM -DSDK_OS_BAREMETAL -DSDK_DEBUGCONSOLE=0 -DCR_INTEGER_PRINTF -DPRINTF_FLOAT_ENABLE=0 -DCPU_LPC54114J256BD64 -DCPU_LPC54114J256BD64_cm4 -D__MCUXPRESSO -D__USE_CMSIS -DDEBUG -D__REDLIB__ -D__MULTICORE_MASTER -I../board -I../source -I../ -I../drivers -I../CMSIS -I../device -I../component/serial_manager -I../component/uart -I../utilities -I../startup -O0 -fno-common -g3 -Wall -c -ffunction-sections -fdata-sections -ffreestanding -fno-builtin -mcpu=cortex-m4 -mfpu=fpv4-sp-d16 -mfloat-abi=hard -mthumb -D__REDLIB__ -specs=redlib.specs -MMD -MP -MF"utilities/fsl_str.d" -MT"utilities/fsl_str.o" -MT"utilities/fsl_str.d" -o "utilities/fsl_str.o" "../utilities/fsl_str.c"
Invoking: MCU C Compiler
Invoking: MCU C Compiler
arm-none-eabi-gcc -D__LPC5411X__ -DCORE_M4 -DFSL_RTOS_BM -DSDK_OS_BAREMETAL -DSDK_DEBUGCONSOLE=0 -DCR_INTEGER_PRINTF -DPRINTF_FLOAT_ENABLE=0 -DCPU_LPC54114J256BD64 -DCPU_LPC54114J256BD64_cm4 -D__MCUXPRESSO -D__USE_CMSIS -DDEBUG -D__REDLIB__ -D__MULTICORE_MASTER -I../board -I../source -I../ -I../drivers -I../CMSIS -I../device -I../component/serial_manager -I../component/uart -I../utilities -I../startup -O0 -fno-common -g3 -Wall -c -ffunction-sections -fdata-sections -ffreestanding -fno-builtin -mcpu=cortex-m4 -mfpu=fpv4-sp-d16 -mfloat-abi=hard -mthumb -D__REDLIB__ -specs=redlib.specs -MMD -MP -MF"startup/boot_multicore_slave.d" -MT"startup/boot_multicore_slave.o" -MT"startup/boot_multicore_slave.d" -o "startup/boot_multicore_slave.o" "../startup/boot_multicore_slave.c"
arm-none-eabi-gcc -D__LPC5411X__ -DCORE_M4 -DFSL_RTOS_BM -DSDK_OS_BAREMETAL -DSDK_DEBUGCONSOLE=0 -DCR_INTEGER_PRINTF -DPRINTF_FLOAT_ENABLE=0 -DCPU_LPC54114J256BD64 -DCPU_LPC54114J256BD64_cm4 -D__MCUXPRESSO -D__USE_CMSIS -DDEBUG -D__REDLIB__ -D__MULTICORE_MASTER -I../board -I../source -I../ -I../drivers -I../CMSIS -I../device -I../component/serial_manager -I../component/uart -I../utilities -I../startup -O0 -fno-common -g3 -Wall -c -ffunction-sections -fdata-sections -ffreestanding -fno-builtin -mcpu=cortex-m4 -mfpu=fpv4-sp-d16 -mfloat-abi=hard -mthumb -D__REDLIB__ -specs=redlib.specs -MMD -MP -MF"startup/startup_lpc5411x.d" -MT"startup/startup_lpc5411x.o" -MT"startup/startup_lpc5411x.d" -o "startup/startup_lpc5411x.o" "../startup/startup_lpc5411x.c"
Invoking: MCU C Compiler
Invoking: MCU C Compiler
arm-none-eabi-gcc -D__LPC5411X__ -DCORE_M4 -DFSL_RTOS_BM -DSDK_OS_BAREMETAL -DSDK_DEBUGCONSOLE=0 -DCR_INTEGER_PRINTF -DPRINTF_FLOAT_ENABLE=0 -DCPU_LPC54114J256BD64 -DCPU_LPC54114J256BD64_cm4 -D__MCUXPRESSO -D__USE_CMSIS -DDEBUG -D__REDLIB__ -D__MULTICORE_MASTER -I../board -I../source -I../ -I../drivers -I../CMSIS -I../device -I../component/serial_manager -I../component/uart -I../utilities -I../startup -O0 -fno-common -g3 -Wall -c -ffunction-sections -fdata-sections -ffreestanding -fno-builtin -mcpu=cortex-m4 -mfpu=fpv4-sp-d16 -mfloat-abi=hard -mthumb -D__REDLIB__ -specs=redlib.specs -MMD -MP -MF"source/LPC54114J256_Project.d" -MT"source/LPC54114J256_Project.o" -MT"source/LPC54114J256_Project.d" -o "source/LPC54114J256_Project.o" "../source/LPC54114J256_Project.c"
arm-none-eabi-gcc -D__LPC5411X__ -DCORE_M4 -DFSL_RTOS_BM -DSDK_OS_BAREMETAL -DSDK_DEBUGCONSOLE=0 -DCR_INTEGER_PRINTF -DPRINTF_FLOAT_ENABLE=0 -DCPU_LPC54114J256BD64 -DCPU_LPC54114J256BD64_cm4 -D__MCUXPRESSO -D__USE_CMSIS -DDEBUG -D__REDLIB__ -D__MULTICORE_MASTER -I../board -I../source -I../ -I../drivers -I../CMSIS -I../device -I../component/serial_manager -I../component/uart -I../utilities -I../startup -O0 -fno-common -g3 -Wall -c -ffunction-sections -fdata-sections -ffreestanding -fno-builtin -mcpu=cortex-m4 -mfpu=fpv4-sp-d16 -mfloat-abi=hard -mthumb -D__REDLIB__ -specs=redlib.specs -MMD -MP -MF"source/semihost_hardfault.d" -MT"source/semihost_hardfault.o" -MT"source/semihost_hardfault.d" -o "source/semihost_hardfault.o" "../source/semihost_hardfault.c"
Building file: ../drivers/fsl_clock.c
Building file: ../drivers/fsl_common.c
Invoking: MCU C Compiler
arm-none-eabi-gcc -D__LPC5411X__ -DCORE_M4 -DFSL_RTOS_BM -DSDK_OS_BAREMETAL -DSDK_DEBUGCONSOLE=0 -DCR_INTEGER_PRINTF -DPRINTF_FLOAT_ENABLE=0 -DCPU_LPC54114J256BD64 -DCPU_LPC54114J256BD64_cm4 -D__MCUXPRESSO -D__USE_CMSIS -DDEBUG -D__REDLIB__ -D__MULTICORE_MASTER -I../board -I../source -I../ -I../drivers -I../CMSIS -I../device -I../component/serial_manager -I../component/uart -I../utilities -I../startup -O0 -fno-common -g3 -Wall -c -ffunction-sections -fdata-sections -ffreestanding -fno-builtin -mcpu=cortex-m4 -mfpu=fpv4-sp-d16 -mfloat-abi=hard -mthumb -D__REDLIB__ -specs=redlib.specs -MMD -MP -MF"drivers/fsl_clock.d" -MT"drivers/fsl_clock.o" -MT"drivers/fsl_clock.d" -o "drivers/fsl_clock.o" "../drivers/fsl_clock.c"
Invoking: MCU C Compiler
arm-none-eabi-gcc -D__LPC5411X__ -DCORE_M4 -DFSL_RTOS_BM -DSDK_OS_BAREMETAL -DSDK_DEBUGCONSOLE=0 -DCR_INTEGER_PRINTF -DPRINTF_FLOAT_ENABLE=0 -DCPU_LPC54114J256BD64 -DCPU_LPC54114J256BD64_cm4 -D__MCUXPRESSO -D__USE_CMSIS -DDEBUG -D__REDLIB__ -D__MULTICORE_MASTER -I../board -I../source -I../ -I../drivers -I../CMSIS -I../device -I../component/serial_manager -I../component/uart -I../utilities -I../startup -O0 -fno-common -g3 -Wall -c -ffunction-sections -fdata-sections -ffreestanding -fno-builtin -mcpu=cortex-m4 -mfpu=fpv4-sp-d16 -mfloat-abi=hard -mthumb -D__REDLIB__ -specs=redlib.specs -MMD -MP -MF"drivers/fsl_common.d" -MT"drivers/fsl_common.o" -MT"drivers/fsl_common.d" -o "drivers/fsl_common.o" "../drivers/fsl_common.c"
Finished building: ../source/semihost_hardfault.c
Finished building: ../startup/boot_multicore_slave.c
 
 
Building file: ../drivers/fsl_flexcomm.c
Building file: ../drivers/fsl_gpio.c
Invoking: MCU C Compiler
arm-none-eabi-gcc -D__LPC5411X__ -DCORE_M4 -DFSL_RTOS_BM -DSDK_OS_BAREMETAL -DSDK_DEBUGCONSOLE=0 -DCR_INTEGER_PRINTF -DPRINTF_FLOAT_ENABLE=0 -DCPU_LPC54114J256BD64 -DCPU_LPC54114J256BD64_cm4 -D__MCUXPRESSO -D__USE_CMSIS -DDEBUG -D__REDLIB__ -D__MULTICORE_MASTER -I../board -I../source -I../ -I../drivers -I../CMSIS -I../device -I../component/serial_manager -I../component/uart -I../utilities -I../startup -O0 -fno-common -g3 -Wall -c -ffunction-sections -fdata-sections -ffreestanding -fno-builtin -mcpu=cortex-m4 -mfpu=fpv4-sp-d16 -mfloat-abi=hard -mthumb -D__REDLIB__ -specs=redlib.specs -MMD -MP -MF"drivers/fsl_flexcomm.d" -MT"drivers/fsl_flexcomm.o" -MT"drivers/fsl_flexcomm.d" -o "drivers/fsl_flexcomm.o" "../drivers/fsl_flexcomm.c"
Finished building: ../startup/startup_lpc5411x.c
Invoking: MCU C Compiler
arm-none-eabi-gcc -D__LPC5411X__ -DCORE_M4 -DFSL_RTOS_BM -DSDK_OS_BAREMETAL -DSDK_DEBUGCONSOLE=0 -DCR_INTEGER_PRINTF -DPRINTF_FLOAT_ENABLE=0 -DCPU_LPC54114J256BD64 -DCPU_LPC54114J256BD64_cm4 -D__MCUXPRESSO -D__USE_CMSIS -DDEBUG -D__REDLIB__ -D__MULTICORE_MASTER -I../board -I../source -I../ -I../drivers -I../CMSIS -I../device -I../component/serial_manager -I../component/uart -I../utilities -I../startup -O0 -fno-common -g3 -Wall -c -ffunction-sections -fdata-sections -ffreestanding -fno-builtin -mcpu=cortex-m4 -mfpu=fpv4-sp-d16 -mfloat-abi=hard -mthumb -D__REDLIB__ -specs=redlib.specs -MMD -MP -MF"drivers/fsl_gpio.d" -MT"drivers/fsl_gpio.o" -MT"drivers/fsl_gpio.d" -o "drivers/fsl_gpio.o" "../drivers/fsl_gpio.c"
 
Finished building: ../drivers/fsl_common.c
Building file: ../drivers/fsl_power.c
Finished building: ../source/LPC54114J256_Project.c
 
 
Invoking: MCU C Compiler
arm-none-eabi-gcc -D__LPC5411X__ -DCORE_M4 -DFSL_RTOS_BM -DSDK_OS_BAREMETAL -DSDK_DEBUGCONSOLE=0 -DCR_INTEGER_PRINTF -DPRINTF_FLOAT_ENABLE=0 -DCPU_LPC54114J256BD64 -DCPU_LPC54114J256BD64_cm4 -D__MCUXPRESSO -D__USE_CMSIS -DDEBUG -D__REDLIB__ -D__MULTICORE_MASTER -I../board -I../source -I../ -I../drivers -I../CMSIS -I../device -I../component/serial_manager -I../component/uart -I../utilities -I../startup -O0 -fno-common -g3 -Wall -c -ffunction-sections -fdata-sections -ffreestanding -fno-builtin -mcpu=cortex-m4 -mfpu=fpv4-sp-d16 -mfloat-abi=hard -mthumb -D__REDLIB__ -specs=redlib.specs -MMD -MP -MF"drivers/fsl_power.d" -MT"drivers/fsl_power.o" -MT"drivers/fsl_power.d" -o "drivers/fsl_power.o" "../drivers/fsl_power.c"
Finished building: ../utilities/fsl_debug_console.c
Building file: ../drivers/fsl_reset.c
Building file: ../drivers/fsl_usart.c
Invoking: MCU C Compiler
arm-none-eabi-gcc -D__LPC5411X__ -DCORE_M4 -DFSL_RTOS_BM -DSDK_OS_BAREMETAL -DSDK_DEBUGCONSOLE=0 -DCR_INTEGER_PRINTF -DPRINTF_FLOAT_ENABLE=0 -DCPU_LPC54114J256BD64 -DCPU_LPC54114J256BD64_cm4 -D__MCUXPRESSO -D__USE_CMSIS -DDEBUG -D__REDLIB__ -D__MULTICORE_MASTER -I../board -I../source -I../ -I../drivers -I../CMSIS -I../device -I../component/serial_manager -I../component/uart -I../utilities -I../startup -O0 -fno-common -g3 -Wall -c -ffunction-sections -fdata-sections -ffreestanding -fno-builtin -mcpu=cortex-m4 -mfpu=fpv4-sp-d16 -mfloat-abi=hard -mthumb -D__REDLIB__ -specs=redlib.specs -MMD -MP -MF"drivers/fsl_reset.d" -MT"drivers/fsl_reset.o" -MT"drivers/fsl_reset.d" -o "drivers/fsl_reset.o" "../drivers/fsl_reset.c"
Invoking: MCU C Compiler
arm-none-eabi-gcc -D__LPC5411X__ -DCORE_M4 -DFSL_RTOS_BM -DSDK_OS_BAREMETAL -DSDK_DEBUGCONSOLE=0 -DCR_INTEGER_PRINTF -DPRINTF_FLOAT_ENABLE=0 -DCPU_LPC54114J256BD64 -DCPU_LPC54114J256BD64_cm4 -D__MCUXPRESSO -D__USE_CMSIS -DDEBUG -D__REDLIB__ -D__MULTICORE_MASTER -I../board -I../source -I../ -I../drivers -I../CMSIS -I../device -I../component/serial_manager -I../component/uart -I../utilities -I../startup -O0 -fno-common -g3 -Wall -c -ffunction-sections -fdata-sections -ffreestanding -fno-builtin -mcpu=cortex-m4 -mfpu=fpv4-sp-d16 -mfloat-abi=hard -mthumb -D__REDLIB__ -specs=redlib.specs -MMD -MP -MF"drivers/fsl_usart.d" -MT"drivers/fsl_usart.o" -MT"drivers/fsl_usart.d" -o "drivers/fsl_usart.o" "../drivers/fsl_usart.c"
Finished building: ../utilities/fsl_str.c
 
 
Building file: ../device/system_LPC54114_cm4.c
Invoking: MCU C Compiler
arm-none-eabi-gcc -D__LPC5411X__ -DCORE_M4 -DFSL_RTOS_BM -DSDK_OS_BAREMETAL -DSDK_DEBUGCONSOLE=0 -DCR_INTEGER_PRINTF -DPRINTF_FLOAT_ENABLE=0 -DCPU_LPC54114J256BD64 -DCPU_LPC54114J256BD64_cm4 -D__MCUXPRESSO -D__USE_CMSIS -DDEBUG -D__REDLIB__ -D__MULTICORE_MASTER -I../board -I../source -I../ -I../drivers -I../CMSIS -I../device -I../component/serial_manager -I../component/uart -I../utilities -I../startup -O0 -fno-common -g3 -Wall -c -ffunction-sections -fdata-sections -ffreestanding -fno-builtin -mcpu=cortex-m4 -mfpu=fpv4-sp-d16 -mfloat-abi=hard -mthumb -D__REDLIB__ -specs=redlib.specs -MMD -MP -MF"device/system_LPC54114_cm4.d" -MT"device/system_LPC54114_cm4.o" -MT"device/system_LPC54114_cm4.d" -o "device/system_LPC54114_cm4.o" "../device/system_LPC54114_cm4.c"
Building file: ../component/uart/usart_adapter.c
Invoking: MCU C Compiler
arm-none-eabi-gcc -D__LPC5411X__ -DCORE_M4 -DFSL_RTOS_BM -DSDK_OS_BAREMETAL -DSDK_DEBUGCONSOLE=0 -DCR_INTEGER_PRINTF -DPRINTF_FLOAT_ENABLE=0 -DCPU_LPC54114J256BD64 -DCPU_LPC54114J256BD64_cm4 -D__MCUXPRESSO -D__USE_CMSIS -DDEBUG -D__REDLIB__ -D__MULTICORE_MASTER -I../board -I../source -I../ -I../drivers -I../CMSIS -I../device -I../component/serial_manager -I../component/uart -I../utilities -I../startup -O0 -fno-common -g3 -Wall -c -ffunction-sections -fdata-sections -ffreestanding -fno-builtin -mcpu=cortex-m4 -mfpu=fpv4-sp-d16 -mfloat-abi=hard -mthumb -D__REDLIB__ -specs=redlib.specs -MMD -MP -MF"component/uart/usart_adapter.d" -MT"component/uart/usart_adapter.o" -MT"component/uart/usart_adapter.d" -o "component/uart/usart_adapter.o" "../component/uart/usart_adapter.c"
Finished building: ../drivers/fsl_clock.c
 
Building file: ../component/serial_manager/serial_manager.c
Invoking: MCU C Compiler
arm-none-eabi-gcc -D__LPC5411X__ -DCORE_M4 -DFSL_RTOS_BM -DSDK_OS_BAREMETAL -DSDK_DEBUGCONSOLE=0 -DCR_INTEGER_PRINTF -DPRINTF_FLOAT_ENABLE=0 -DCPU_LPC54114J256BD64 -DCPU_LPC54114J256BD64_cm4 -D__MCUXPRESSO -D__USE_CMSIS -DDEBUG -D__REDLIB__ -D__MULTICORE_MASTER -I../board -I../source -I../ -I../drivers -I../CMSIS -I../device -I../component/serial_manager -I../component/uart -I../utilities -I../startup -O0 -fno-common -g3 -Wall -c -ffunction-sections -fdata-sections -ffreestanding -fno-builtin -mcpu=cortex-m4 -mfpu=fpv4-sp-d16 -mfloat-abi=hard -mthumb -D__REDLIB__ -specs=redlib.specs -MMD -MP -MF"component/serial_manager/serial_manager.d" -MT"component/serial_manager/serial_manager.o" -MT"component/serial_manager/serial_manager.d" -o "component/serial_manager/serial_manager.o" "../component/serial_manager/serial_manager.c"
Finished building: ../drivers/fsl_gpio.c
 
Building file: ../component/serial_manager/serial_port_uart.c
Finished building: ../drivers/fsl_flexcomm.c
Invoking: MCU C Compiler
 
arm-none-eabi-gcc -D__LPC5411X__ -DCORE_M4 -DFSL_RTOS_BM -DSDK_OS_BAREMETAL -DSDK_DEBUGCONSOLE=0 -DCR_INTEGER_PRINTF -DPRINTF_FLOAT_ENABLE=0 -DCPU_LPC54114J256BD64 -DCPU_LPC54114J256BD64_cm4 -D__MCUXPRESSO -D__USE_CMSIS -DDEBUG -D__REDLIB__ -D__MULTICORE_MASTER -I../board -I../source -I../ -I../drivers -I../CMSIS -I../device -I../component/serial_manager -I../component/uart -I../utilities -I../startup -O0 -fno-common -g3 -Wall -c -ffunction-sections -fdata-sections -ffreestanding -fno-builtin -mcpu=cortex-m4 -mfpu=fpv4-sp-d16 -mfloat-abi=hard -mthumb -D__REDLIB__ -specs=redlib.specs -MMD -MP -MF"component/serial_manager/serial_port_uart.d" -MT"component/serial_manager/serial_port_uart.o" -MT"component/serial_manager/serial_port_uart.d" -o "component/serial_manager/serial_port_uart.o" "../component/serial_manager/serial_port_uart.c"
Building file: ../board/board.c
Invoking: MCU C Compiler
arm-none-eabi-gcc -D__LPC5411X__ -DCORE_M4 -DFSL_RTOS_BM -DSDK_OS_BAREMETAL -DSDK_DEBUGCONSOLE=0 -DCR_INTEGER_PRINTF -DPRINTF_FLOAT_ENABLE=0 -DCPU_LPC54114J256BD64 -DCPU_LPC54114J256BD64_cm4 -D__MCUXPRESSO -D__USE_CMSIS -DDEBUG -D__REDLIB__ -D__MULTICORE_MASTER -I../board -I../source -I../ -I../drivers -I../CMSIS -I../device -I../component/serial_manager -I../component/uart -I../utilities -I../startup -O0 -fno-common -g3 -Wall -c -ffunction-sections -fdata-sections -ffreestanding -fno-builtin -mcpu=cortex-m4 -mfpu=fpv4-sp-d16 -mfloat-abi=hard -mthumb -D__REDLIB__ -specs=redlib.specs -MMD -MP -MF"board/board.d" -MT"board/board.o" -MT"board/board.d" -o "board/board.o" "../board/board.c"
Finished building: ../drivers/fsl_power.c
 
Building file: ../board/clock_config.c
Invoking: MCU C Compiler
arm-none-eabi-gcc -D__LPC5411X__ -DCORE_M4 -DFSL_RTOS_BM -DSDK_OS_BAREMETAL -DSDK_DEBUGCONSOLE=0 -DCR_INTEGER_PRINTF -DPRINTF_FLOAT_ENABLE=0 -DCPU_LPC54114J256BD64 -DCPU_LPC54114J256BD64_cm4 -D__MCUXPRESSO -D__USE_CMSIS -DDEBUG -D__REDLIB__ -D__MULTICORE_MASTER -I../board -I../source -I../ -I../drivers -I../CMSIS -I../device -I../component/serial_manager -I../component/uart -I../utilities -I../startup -O0 -fno-common -g3 -Wall -c -ffunction-sections -fdata-sections -ffreestanding -fno-builtin -mcpu=cortex-m4 -mfpu=fpv4-sp-d16 -mfloat-abi=hard -mthumb -D__REDLIB__ -specs=redlib.specs -MMD -MP -MF"board/clock_config.d" -MT"board/clock_config.o" -MT"board/clock_config.d" -o "board/clock_config.o" "../board/clock_config.c"
Finished building: ../drivers/fsl_reset.c
 
Finished building: ../device/system_LPC54114_cm4.c
Building file: ../board/peripherals.c
 
Invoking: MCU C Compiler
arm-none-eabi-gcc -D__LPC5411X__ -DCORE_M4 -DFSL_RTOS_BM -DSDK_OS_BAREMETAL -DSDK_DEBUGCONSOLE=0 -DCR_INTEGER_PRINTF -DPRINTF_FLOAT_ENABLE=0 -DCPU_LPC54114J256BD64 -DCPU_LPC54114J256BD64_cm4 -D__MCUXPRESSO -D__USE_CMSIS -DDEBUG -D__REDLIB__ -D__MULTICORE_MASTER -I../board -I../source -I../ -I../drivers -I../CMSIS -I../device -I../component/serial_manager -I../component/uart -I../utilities -I../startup -O0 -fno-common -g3 -Wall -c -ffunction-sections -fdata-sections -ffreestanding -fno-builtin -mcpu=cortex-m4 -mfpu=fpv4-sp-d16 -mfloat-abi=hard -mthumb -D__REDLIB__ -specs=redlib.specs -MMD -MP -MF"board/peripherals.d" -MT"board/peripherals.o" -MT"board/peripherals.d" -o "board/peripherals.o" "../board/peripherals.c"
Building file: ../board/pin_mux.c
Invoking: MCU C Compiler
arm-none-eabi-gcc -D__LPC5411X__ -DCORE_M4 -DFSL_RTOS_BM -DSDK_OS_BAREMETAL -DSDK_DEBUGCONSOLE=0 -DCR_INTEGER_PRINTF -DPRINTF_FLOAT_ENABLE=0 -DCPU_LPC54114J256BD64 -DCPU_LPC54114J256BD64_cm4 -D__MCUXPRESSO -D__USE_CMSIS -DDEBUG -D__REDLIB__ -D__MULTICORE_MASTER -I../board -I../source -I../ -I../drivers -I../CMSIS -I../device -I../component/serial_manager -I../component/uart -I../utilities -I../startup -O0 -fno-common -g3 -Wall -c -ffunction-sections -fdata-sections -ffreestanding -fno-builtin -mcpu=cortex-m4 -mfpu=fpv4-sp-d16 -mfloat-abi=hard -mthumb -D__REDLIB__ -specs=redlib.specs -MMD -MP -MF"board/pin_mux.d" -MT"board/pin_mux.o" -MT"board/pin_mux.d" -o "board/pin_mux.o" "../board/pin_mux.c"
Finished building: ../drivers/fsl_usart.c
 
Finished building: ../component/uart/usart_adapter.c
 
Finished building: ../board/peripherals.c
 
Finished building: ../board/board.c
 
Finished building: ../component/serial_manager/serial_manager.c
 
Finished building: ../board/clock_config.c
 
Finished building: ../component/serial_manager/serial_port_uart.c
 
Finished building: ../board/pin_mux.c
 
Building target: LPC54114J256_Project.axf
Invoking: MCU Linker
arm-none-eabi-gcc -nostdlib -L"/home/harsh/LPC 54114/LPC54114J256_Project/libs" -Xlinker -Map="LPC54114J256_Project.map" -Xlinker --gc-sections -Xlinker -print-memory-usage -Xlinker --sort-section=alignment -mcpu=cortex-m4 -mfpu=fpv4-sp-d16 -mfloat-abi=hard -mthumb -T LPC54114J256_Project_Debug.ld -o "LPC54114J256_Project.axf"  ./utilities/fsl_debug_console.o ./utilities/fsl_str.o  ./startup/boot_multicore_slave.o ./startup/startup_lpc5411x.o  ./source/LPC54114J256_Project.o ./source/semihost_hardfault.o  ./drivers/fsl_clock.o ./drivers/fsl_common.o ./drivers/fsl_flexcomm.o ./drivers/fsl_gpio.o ./drivers/fsl_power.o ./drivers/fsl_reset.o ./drivers/fsl_usart.o  ./device/system_LPC54114_cm4.o  ./component/uart/usart_adapter.o  ./component/serial_manager/serial_manager.o ./component/serial_manager/serial_port_uart.o  ./board/board.o ./board/clock_config.o ./board/peripherals.o ./board/pin_mux.o   -lpower_cm4_hardabi
Memory region         Used Size  Region Size  %age Used
   PROGRAM_FLASH:       17484 B       256 KB      6.67%
           SRAM1:         308 B        64 KB      0.47%
           SRAM0:          0 GB        64 KB      0.00%
           SRAMX:          0 GB        32 KB      0.00%
           SRAM2:          0 GB        32 KB      0.00%
Finished building target: LPC54114J256_Project.axf
 
make --no-print-directory post-build
Performing post-build steps
arm-none-eabi-size "LPC54114J256_Project.axf"; # arm-none-eabi-objcopy -v -O binary "LPC54114J256_Project.axf" "LPC54114J256_Project.bin" ; # checksum -p LPC54114J256 -d "LPC54114J256_Project.bin";
   text	   data	    bss	    dec	    hex	filename
  17480	      4	    304	  17788	   457c	LPC54114J256_Project.axf
 
11:37:27 **** Build of configuration Debug for project lpc_board_lpcxpresso_54114 ****
make -r all 
Building file: ../src/board.c
Invoking: MCU C Compiler
arm-none-eabi-gcc -D__REDLIB__ -DCORE_M4 -D__CODE_RED -D__LPC5411X__ -DDEBUG -I"/home/harsh/LPC 54114/lpc_board_lpcxpresso_54114/inc" -I"/home/harsh/LPC 54114/lpc_chip_5411x/inc" -Og -g3 -Wall -c -fmessage-length=0 -fno-builtin -ffunction-sections -fdata-sections -fsingle-precision-constant -mcpu=cortex-m4 -mfpu=fpv4-sp-d16 -mfloat-abi=softfp -mthumb -specs=redlib.specs -MMD -MP -MF"src/board.d" -MT"src/board.o" -MT"src/board.d" -o "src/board.o" "../src/board.c"
Finished building: ../src/board.c
 
Building file: ../src/board_sysinit.c
Invoking: MCU C Compiler
arm-none-eabi-gcc -D__REDLIB__ -DCORE_M4 -D__CODE_RED -D__LPC5411X__ -DDEBUG -I"/home/harsh/LPC 54114/lpc_board_lpcxpresso_54114/inc" -I"/home/harsh/LPC 54114/lpc_chip_5411x/inc" -Og -g3 -Wall -c -fmessage-length=0 -fno-builtin -ffunction-sections -fdata-sections -fsingle-precision-constant -mcpu=cortex-m4 -mfpu=fpv4-sp-d16 -mfloat-abi=softfp -mthumb -specs=redlib.specs -MMD -MP -MF"src/board_sysinit.d" -MT"src/board_sysinit.o" -MT"src/board_sysinit.d" -o "src/board_sysinit.o" "../src/board_sysinit.c"
Finished building: ../src/board_sysinit.c
 
Building target: liblpc_board_lpcxpresso_54114.a
Invoking: MCU Archiver
arm-none-eabi-ar -r  "liblpc_board_lpcxpresso_54114.a"  ./src/board.o ./src/board_sysinit.o   
arm-none-eabi-ar: creating liblpc_board_lpcxpresso_54114.a
Finished building target: liblpc_board_lpcxpresso_54114.a
 
make --no-print-directory post-build
Performing post-build steps
arm-none-eabi-size "liblpc_board_lpcxpresso_54114.a" ; # arm-none-eabi-objdump -h -S "liblpc_board_lpcxpresso_54114.a" >"liblpc_board_lpcxpresso_54114.lss"
   text	   data	    bss	    dec	    hex	filename
    814	      0	      0	    814	    32e	board.o (ex liblpc_board_lpcxpresso_54114.a)
    316	      0	      0	    316	    13c	board_sysinit.o (ex liblpc_board_lpcxpresso_54114.a)
 
11:37:29 **** Build of configuration Debug for project lpc_board_lpcxpresso_54114_m0 ****
make -r all 
Building file: ../src/board.c
Invoking: MCU C Compiler
arm-none-eabi-gcc -D__REDLIB__ -D__CODE_RED -DCORE_M0PLUS -D__LPC5411X__ -DDEBUG -I"/home/harsh/LPC 54114/lpc_chip_5411x_m0/inc" -I"/home/harsh/LPC 54114/lpc_board_lpcxpresso_54114_m0/inc" -O0 -g3 -Wall -c -fmessage-length=0 -fno-builtin -ffunction-sections -fdata-sections -mcpu=cortex-m0 -mthumb -specs=redlib.specs -MMD -MP -MF"src/board.d" -MT"src/board.o" -MT"src/board.d" -o "src/board.o" "../src/board.c"
Finished building: ../src/board.c
 
Building file: ../src/board_sysinit.c
Invoking: MCU C Compiler
arm-none-eabi-gcc -D__REDLIB__ -D__CODE_RED -DCORE_M0PLUS -D__LPC5411X__ -DDEBUG -I"/home/harsh/LPC 54114/lpc_chip_5411x_m0/inc" -I"/home/harsh/LPC 54114/lpc_board_lpcxpresso_54114_m0/inc" -O0 -g3 -Wall -c -fmessage-length=0 -fno-builtin -ffunction-sections -fdata-sections -mcpu=cortex-m0 -mthumb -specs=redlib.specs -MMD -MP -MF"src/board_sysinit.d" -MT"src/board_sysinit.o" -MT"src/board_sysinit.d" -o "src/board_sysinit.o" "../src/board_sysinit.c"
Finished building: ../src/board_sysinit.c
 
Building target: liblpc_board_lpcxpresso_54114_m0.a
Invoking: MCU Archiver
arm-none-eabi-ar -r  "liblpc_board_lpcxpresso_54114_m0.a"  ./src/board.o ./src/board_sysinit.o   
arm-none-eabi-ar: creating liblpc_board_lpcxpresso_54114_m0.a
Finished building target: liblpc_board_lpcxpresso_54114_m0.a
 
make --no-print-directory post-build
Performing post-build steps
arm-none-eabi-size "liblpc_board_lpcxpresso_54114_m0.a" ; # arm-none-eabi-objdump -h -S "liblpc_board_lpcxpresso_54114_m0.a" >"liblpc_board_lpcxpresso_54114_m0.lss"
   text	   data	    bss	    dec	    hex	filename
   1844	      0	      0	   1844	    734	board.o (ex liblpc_board_lpcxpresso_54114_m0.a)
    814	      0	      0	    814	    32e	board_sysinit.o (ex liblpc_board_lpcxpresso_54114_m0.a)
 
11:37:31 **** Build of configuration Debug for project lpc_chip_5411x ****
make -r all 
Building file: ../src/adc_5411x.c
Invoking: MCU C Compiler
arm-none-eabi-gcc -D__REDLIB__ -DCORE_M4 -D__CODE_RED -D__LPC5411X__ -DDEBUG -I"/home/harsh/LPC 54114/lpc_chip_5411x/inc" -O0 -g3 -Wall -c -fmessage-length=0 -fno-builtin -ffunction-sections -fdata-sections -fsingle-precision-constant -mcpu=cortex-m4 -mfpu=fpv4-sp-d16 -mfloat-abi=softfp -mthumb -D__REDLIB__ -specs=redlib.specs -MMD -MP -MF"src/adc_5411x.d" -MT"src/adc_5411x.o" -MT"src/adc_5411x.d" -o "src/adc_5411x.o" "../src/adc_5411x.c"
Finished building: ../src/adc_5411x.c
 
Building file: ../src/chip_5411x.c
Invoking: MCU C Compiler
arm-none-eabi-gcc -D__REDLIB__ -DCORE_M4 -D__CODE_RED -D__LPC5411X__ -DDEBUG -I"/home/harsh/LPC 54114/lpc_chip_5411x/inc" -O0 -g3 -Wall -c -fmessage-length=0 -fno-builtin -ffunction-sections -fdata-sections -fsingle-precision-constant -mcpu=cortex-m4 -mfpu=fpv4-sp-d16 -mfloat-abi=softfp -mthumb -D__REDLIB__ -specs=redlib.specs -MMD -MP -MF"src/chip_5411x.d" -MT"src/chip_5411x.o" -MT"src/chip_5411x.d" -o "src/chip_5411x.o" "../src/chip_5411x.c"
Finished building: ../src/chip_5411x.c
 
Building file: ../src/clock_5411x.c
Invoking: MCU C Compiler
arm-none-eabi-gcc -D__REDLIB__ -DCORE_M4 -D__CODE_RED -D__LPC5411X__ -DDEBUG -I"/home/harsh/LPC 54114/lpc_chip_5411x/inc" -O0 -g3 -Wall -c -fmessage-length=0 -fno-builtin -ffunction-sections -fdata-sections -fsingle-precision-constant -mcpu=cortex-m4 -mfpu=fpv4-sp-d16 -mfloat-abi=softfp -mthumb -D__REDLIB__ -specs=redlib.specs -MMD -MP -MF"src/clock_5411x.d" -MT"src/clock_5411x.o" -MT"src/clock_5411x.d" -o "src/clock_5411x.o" "../src/clock_5411x.c"
Finished building: ../src/clock_5411x.c
 
Building file: ../src/dma_5411x.c
Invoking: MCU C Compiler
arm-none-eabi-gcc -D__REDLIB__ -DCORE_M4 -D__CODE_RED -D__LPC5411X__ -DDEBUG -I"/home/harsh/LPC 54114/lpc_chip_5411x/inc" -O0 -g3 -Wall -c -fmessage-length=0 -fno-builtin -ffunction-sections -fdata-sections -fsingle-precision-constant -mcpu=cortex-m4 -mfpu=fpv4-sp-d16 -mfloat-abi=softfp -mthumb -D__REDLIB__ -specs=redlib.specs -MMD -MP -MF"src/dma_5411x.d" -MT"src/dma_5411x.o" -MT"src/dma_5411x.d" -o "src/dma_5411x.o" "../src/dma_5411x.c"
Finished building: ../src/dma_5411x.c
 
Building file: ../src/dma_service_5411x.c
Invoking: MCU C Compiler
arm-none-eabi-gcc -D__REDLIB__ -DCORE_M4 -D__CODE_RED -D__LPC5411X__ -DDEBUG -I"/home/harsh/LPC 54114/lpc_chip_5411x/inc" -O0 -g3 -Wall -c -fmessage-length=0 -fno-builtin -ffunction-sections -fdata-sections -fsingle-precision-constant -mcpu=cortex-m4 -mfpu=fpv4-sp-d16 -mfloat-abi=softfp -mthumb -D__REDLIB__ -specs=redlib.specs -MMD -MP -MF"src/dma_service_5411x.d" -MT"src/dma_service_5411x.o" -MT"src/dma_service_5411x.d" -o "src/dma_service_5411x.o" "../src/dma_service_5411x.c"
Finished building: ../src/dma_service_5411x.c
 
Building file: ../src/dmic_5411x.c
Invoking: MCU C Compiler
arm-none-eabi-gcc -D__REDLIB__ -DCORE_M4 -D__CODE_RED -D__LPC5411X__ -DDEBUG -I"/home/harsh/LPC 54114/lpc_chip_5411x/inc" -O0 -g3 -Wall -c -fmessage-length=0 -fno-builtin -ffunction-sections -fdata-sections -fsingle-precision-constant -mcpu=cortex-m4 -mfpu=fpv4-sp-d16 -mfloat-abi=softfp -mthumb -D__REDLIB__ -specs=redlib.specs -MMD -MP -MF"src/dmic_5411x.d" -MT"src/dmic_5411x.o" -MT"src/dmic_5411x.d" -o "src/dmic_5411x.o" "../src/dmic_5411x.c"
Finished building: ../src/dmic_5411x.c
 
Building file: ../src/flexcomm_5411x.c
Invoking: MCU C Compiler
arm-none-eabi-gcc -D__REDLIB__ -DCORE_M4 -D__CODE_RED -D__LPC5411X__ -DDEBUG -I"/home/harsh/LPC 54114/lpc_chip_5411x/inc" -O0 -g3 -Wall -c -fmessage-length=0 -fno-builtin -ffunction-sections -fdata-sections -fsingle-precision-constant -mcpu=cortex-m4 -mfpu=fpv4-sp-d16 -mfloat-abi=softfp -mthumb -D__REDLIB__ -specs=redlib.specs -MMD -MP -MF"src/flexcomm_5411x.d" -MT"src/flexcomm_5411x.o" -MT"src/flexcomm_5411x.d" -o "src/flexcomm_5411x.o" "../src/flexcomm_5411x.c"
Finished building: ../src/flexcomm_5411x.c
 
Building file: ../src/fpu_init.c
Invoking: MCU C Compiler
arm-none-eabi-gcc -D__REDLIB__ -DCORE_M4 -D__CODE_RED -D__LPC5411X__ -DDEBUG -I"/home/harsh/LPC 54114/lpc_chip_5411x/inc" -O0 -g3 -Wall -c -fmessage-length=0 -fno-builtin -ffunction-sections -fdata-sections -fsingle-precision-constant -mcpu=cortex-m4 -mfpu=fpv4-sp-d16 -mfloat-abi=softfp -mthumb -D__REDLIB__ -specs=redlib.specs -MMD -MP -MF"src/fpu_init.d" -MT"src/fpu_init.o" -MT"src/fpu_init.d" -o "src/fpu_init.o" "../src/fpu_init.c"
Finished building: ../src/fpu_init.c
 
Building file: ../src/i2cm_5411x.c
Invoking: MCU C Compiler
arm-none-eabi-gcc -D__REDLIB__ -DCORE_M4 -D__CODE_RED -D__LPC5411X__ -DDEBUG -I"/home/harsh/LPC 54114/lpc_chip_5411x/inc" -O0 -g3 -Wall -c -fmessage-length=0 -fno-builtin -ffunction-sections -fdata-sections -fsingle-precision-constant -mcpu=cortex-m4 -mfpu=fpv4-sp-d16 -mfloat-abi=softfp -mthumb -D__REDLIB__ -specs=redlib.specs -MMD -MP -MF"src/i2cm_5411x.d" -MT"src/i2cm_5411x.o" -MT"src/i2cm_5411x.d" -o "src/i2cm_5411x.o" "../src/i2cm_5411x.c"
Finished building: ../src/i2cm_5411x.c
 
Building file: ../src/i2cs_5411x.c
Invoking: MCU C Compiler
arm-none-eabi-gcc -D__REDLIB__ -DCORE_M4 -D__CODE_RED -D__LPC5411X__ -DDEBUG -I"/home/harsh/LPC 54114/lpc_chip_5411x/inc" -O0 -g3 -Wall -c -fmessage-length=0 -fno-builtin -ffunction-sections -fdata-sections -fsingle-precision-constant -mcpu=cortex-m4 -mfpu=fpv4-sp-d16 -mfloat-abi=softfp -mthumb -D__REDLIB__ -specs=redlib.specs -MMD -MP -MF"src/i2cs_5411x.d" -MT"src/i2cs_5411x.o" -MT"src/i2cs_5411x.d" -o "src/i2cs_5411x.o" "../src/i2cs_5411x.c"
Finished building: ../src/i2cs_5411x.c
 
Building file: ../src/i2s_5411x.c
Invoking: MCU C Compiler
arm-none-eabi-gcc -D__REDLIB__ -DCORE_M4 -D__CODE_RED -D__LPC5411X__ -DDEBUG -I"/home/harsh/LPC 54114/lpc_chip_5411x/inc" -O0 -g3 -Wall -c -fmessage-length=0 -fno-builtin -ffunction-sections -fdata-sections -fsingle-precision-constant -mcpu=cortex-m4 -mfpu=fpv4-sp-d16 -mfloat-abi=softfp -mthumb -D__REDLIB__ -specs=redlib.specs -MMD -MP -MF"src/i2s_5411x.d" -MT"src/i2s_5411x.o" -MT"src/i2s_5411x.d" -o "src/i2s_5411x.o" "../src/i2s_5411x.c"
Finished building: ../src/i2s_5411x.c
 
Building file: ../src/iap.c
Invoking: MCU C Compiler
arm-none-eabi-gcc -D__REDLIB__ -DCORE_M4 -D__CODE_RED -D__LPC5411X__ -DDEBUG -I"/home/harsh/LPC 54114/lpc_chip_5411x/inc" -O0 -g3 -Wall -c -fmessage-length=0 -fno-builtin -ffunction-sections -fdata-sections -fsingle-precision-constant -mcpu=cortex-m4 -mfpu=fpv4-sp-d16 -mfloat-abi=softfp -mthumb -D__REDLIB__ -specs=redlib.specs -MMD -MP -MF"src/iap.d" -MT"src/iap.o" -MT"src/iap.d" -o "src/iap.o" "../src/iap.c"
Finished building: ../src/iap.c
 
Building file: ../src/pll_5411x.c
Invoking: MCU C Compiler
arm-none-eabi-gcc -D__REDLIB__ -DCORE_M4 -D__CODE_RED -D__LPC5411X__ -DDEBUG -I"/home/harsh/LPC 54114/lpc_chip_5411x/inc" -O0 -g3 -Wall -c -fmessage-length=0 -fno-builtin -ffunction-sections -fdata-sections -fsingle-precision-constant -mcpu=cortex-m4 -mfpu=fpv4-sp-d16 -mfloat-abi=softfp -mthumb -D__REDLIB__ -specs=redlib.specs -MMD -MP -MF"src/pll_5411x.d" -MT"src/pll_5411x.o" -MT"src/pll_5411x.d" -o "src/pll_5411x.o" "../src/pll_5411x.c"
Finished building: ../src/pll_5411x.c
 
Building file: ../src/ring_buffer.c
Invoking: MCU C Compiler
arm-none-eabi-gcc -D__REDLIB__ -DCORE_M4 -D__CODE_RED -D__LPC5411X__ -DDEBUG -I"/home/harsh/LPC 54114/lpc_chip_5411x/inc" -O0 -g3 -Wall -c -fmessage-length=0 -fno-builtin -ffunction-sections -fdata-sections -fsingle-precision-constant -mcpu=cortex-m4 -mfpu=fpv4-sp-d16 -mfloat-abi=softfp -mthumb -D__REDLIB__ -specs=redlib.specs -MMD -MP -MF"src/ring_buffer.d" -MT"src/ring_buffer.o" -MT"src/ring_buffer.d" -o "src/ring_buffer.o" "../src/ring_buffer.c"
Finished building: ../src/ring_buffer.c
 
Building file: ../src/rtc_ut.c
Invoking: MCU C Compiler
arm-none-eabi-gcc -D__REDLIB__ -DCORE_M4 -D__CODE_RED -D__LPC5411X__ -DDEBUG -I"/home/harsh/LPC 54114/lpc_chip_5411x/inc" -O0 -g3 -Wall -c -fmessage-length=0 -fno-builtin -ffunction-sections -fdata-sections -fsingle-precision-constant -mcpu=cortex-m4 -mfpu=fpv4-sp-d16 -mfloat-abi=softfp -mthumb -D__REDLIB__ -specs=redlib.specs -MMD -MP -MF"src/rtc_ut.d" -MT"src/rtc_ut.o" -MT"src/rtc_ut.d" -o "src/rtc_ut.o" "../src/rtc_ut.c"
Finished building: ../src/rtc_ut.c
 
Building file: ../src/sct_5411x.c
Invoking: MCU C Compiler
arm-none-eabi-gcc -D__REDLIB__ -DCORE_M4 -D__CODE_RED -D__LPC5411X__ -DDEBUG -I"/home/harsh/LPC 54114/lpc_chip_5411x/inc" -O0 -g3 -Wall -c -fmessage-length=0 -fno-builtin -ffunction-sections -fdata-sections -fsingle-precision-constant -mcpu=cortex-m4 -mfpu=fpv4-sp-d16 -mfloat-abi=softfp -mthumb -D__REDLIB__ -specs=redlib.specs -MMD -MP -MF"src/sct_5411x.d" -MT"src/sct_5411x.o" -MT"src/sct_5411x.d" -o "src/sct_5411x.o" "../src/sct_5411x.c"
Finished building: ../src/sct_5411x.c
 
Building file: ../src/sct_pwm_5411x.c
Invoking: MCU C Compiler
arm-none-eabi-gcc -D__REDLIB__ -DCORE_M4 -D__CODE_RED -D__LPC5411X__ -DDEBUG -I"/home/harsh/LPC 54114/lpc_chip_5411x/inc" -O0 -g3 -Wall -c -fmessage-length=0 -fno-builtin -ffunction-sections -fdata-sections -fsingle-precision-constant -mcpu=cortex-m4 -mfpu=fpv4-sp-d16 -mfloat-abi=softfp -mthumb -D__REDLIB__ -specs=redlib.specs -MMD -MP -MF"src/sct_pwm_5411x.d" -MT"src/sct_pwm_5411x.o" -MT"src/sct_pwm_5411x.d" -o "src/sct_pwm_5411x.o" "../src/sct_pwm_5411x.c"
Finished building: ../src/sct_pwm_5411x.c
 
Building file: ../src/spi_common_5411x.c
Invoking: MCU C Compiler
arm-none-eabi-gcc -D__REDLIB__ -DCORE_M4 -D__CODE_RED -D__LPC5411X__ -DDEBUG -I"/home/harsh/LPC 54114/lpc_chip_5411x/inc" -O0 -g3 -Wall -c -fmessage-length=0 -fno-builtin -ffunction-sections -fdata-sections -fsingle-precision-constant -mcpu=cortex-m4 -mfpu=fpv4-sp-d16 -mfloat-abi=softfp -mthumb -D__REDLIB__ -specs=redlib.specs -MMD -MP -MF"src/spi_common_5411x.d" -MT"src/spi_common_5411x.o" -MT"src/spi_common_5411x.d" -o "src/spi_common_5411x.o" "../src/spi_common_5411x.c"
Finished building: ../src/spi_common_5411x.c
 
Building file: ../src/spim_5411x.c
Invoking: MCU C Compiler
arm-none-eabi-gcc -D__REDLIB__ -DCORE_M4 -D__CODE_RED -D__LPC5411X__ -DDEBUG -I"/home/harsh/LPC 54114/lpc_chip_5411x/inc" -O0 -g3 -Wall -c -fmessage-length=0 -fno-builtin -ffunction-sections -fdata-sections -fsingle-precision-constant -mcpu=cortex-m4 -mfpu=fpv4-sp-d16 -mfloat-abi=softfp -mthumb -D__REDLIB__ -specs=redlib.specs -MMD -MP -MF"src/spim_5411x.d" -MT"src/spim_5411x.o" -MT"src/spim_5411x.d" -o "src/spim_5411x.o" "../src/spim_5411x.c"
Finished building: ../src/spim_5411x.c
 
Building file: ../src/spis_5411x.c
Invoking: MCU C Compiler
arm-none-eabi-gcc -D__REDLIB__ -DCORE_M4 -D__CODE_RED -D__LPC5411X__ -DDEBUG -I"/home/harsh/LPC 54114/lpc_chip_5411x/inc" -O0 -g3 -Wall -c -fmessage-length=0 -fno-builtin -ffunction-sections -fdata-sections -fsingle-precision-constant -mcpu=cortex-m4 -mfpu=fpv4-sp-d16 -mfloat-abi=softfp -mthumb -D__REDLIB__ -specs=redlib.specs -MMD -MP -MF"src/spis_5411x.d" -MT"src/spis_5411x.o" -MT"src/spis_5411x.d" -o "src/spis_5411x.o" "../src/spis_5411x.c"
Finished building: ../src/spis_5411x.c
 
Building file: ../src/stopwatch_5411x.c
Invoking: MCU C Compiler
arm-none-eabi-gcc -D__REDLIB__ -DCORE_M4 -D__CODE_RED -D__LPC5411X__ -DDEBUG -I"/home/harsh/LPC 54114/lpc_chip_5411x/inc" -O0 -g3 -Wall -c -fmessage-length=0 -fno-builtin -ffunction-sections -fdata-sections -fsingle-precision-constant -mcpu=cortex-m4 -mfpu=fpv4-sp-d16 -mfloat-abi=softfp -mthumb -D__REDLIB__ -specs=redlib.specs -MMD -MP -MF"src/stopwatch_5411x.d" -MT"src/stopwatch_5411x.o" -MT"src/stopwatch_5411x.d" -o "src/stopwatch_5411x.o" "../src/stopwatch_5411x.c"
Finished building: ../src/stopwatch_5411x.c
 
Building file: ../src/syscon_5411x.c
Invoking: MCU C Compiler
arm-none-eabi-gcc -D__REDLIB__ -DCORE_M4 -D__CODE_RED -D__LPC5411X__ -DDEBUG -I"/home/harsh/LPC 54114/lpc_chip_5411x/inc" -O0 -g3 -Wall -c -fmessage-length=0 -fno-builtin -ffunction-sections -fdata-sections -fsingle-precision-constant -mcpu=cortex-m4 -mfpu=fpv4-sp-d16 -mfloat-abi=softfp -mthumb -D__REDLIB__ -specs=redlib.specs -MMD -MP -MF"src/syscon_5411x.d" -MT"src/syscon_5411x.o" -MT"src/syscon_5411x.d" -o "src/syscon_5411x.o" "../src/syscon_5411x.c"
Finished building: ../src/syscon_5411x.c
 
Building file: ../src/sysinit_5411x.c
Invoking: MCU C Compiler
arm-none-eabi-gcc -D__REDLIB__ -DCORE_M4 -D__CODE_RED -D__LPC5411X__ -DDEBUG -I"/home/harsh/LPC 54114/lpc_chip_5411x/inc" -O0 -g3 -Wall -c -fmessage-length=0 -fno-builtin -ffunction-sections -fdata-sections -fsingle-precision-constant -mcpu=cortex-m4 -mfpu=fpv4-sp-d16 -mfloat-abi=softfp -mthumb -D__REDLIB__ -specs=redlib.specs -MMD -MP -MF"src/sysinit_5411x.d" -MT"src/sysinit_5411x.o" -MT"src/sysinit_5411x.d" -o "src/sysinit_5411x.o" "../src/sysinit_5411x.c"
Finished building: ../src/sysinit_5411x.c
 
Building file: ../src/timer_5411x.c
Invoking: MCU C Compiler
arm-none-eabi-gcc -D__REDLIB__ -DCORE_M4 -D__CODE_RED -D__LPC5411X__ -DDEBUG -I"/home/harsh/LPC 54114/lpc_chip_5411x/inc" -O0 -g3 -Wall -c -fmessage-length=0 -fno-builtin -ffunction-sections -fdata-sections -fsingle-precision-constant -mcpu=cortex-m4 -mfpu=fpv4-sp-d16 -mfloat-abi=softfp -mthumb -D__REDLIB__ -specs=redlib.specs -MMD -MP -MF"src/timer_5411x.d" -MT"src/timer_5411x.o" -MT"src/timer_5411x.d" -o "src/timer_5411x.o" "../src/timer_5411x.c"
Finished building: ../src/timer_5411x.c
 
Building file: ../src/uart_5411x.c
Invoking: MCU C Compiler
arm-none-eabi-gcc -D__REDLIB__ -DCORE_M4 -D__CODE_RED -D__LPC5411X__ -DDEBUG -I"/home/harsh/LPC 54114/lpc_chip_5411x/inc" -O0 -g3 -Wall -c -fmessage-length=0 -fno-builtin -ffunction-sections -fdata-sections -fsingle-precision-constant -mcpu=cortex-m4 -mfpu=fpv4-sp-d16 -mfloat-abi=softfp -mthumb -D__REDLIB__ -specs=redlib.specs -MMD -MP -MF"src/uart_5411x.d" -MT"src/uart_5411x.o" -MT"src/uart_5411x.d" -o "src/uart_5411x.o" "../src/uart_5411x.c"
Finished building: ../src/uart_5411x.c
 
Building target: liblpc_chip_5411x.a
Invoking: MCU Archiver
arm-none-eabi-ar -r  "liblpc_chip_5411x.a"  ./src/adc_5411x.o ./src/chip_5411x.o ./src/clock_5411x.o ./src/dma_5411x.o ./src/dma_service_5411x.o ./src/dmic_5411x.o ./src/flexcomm_5411x.o ./src/fpu_init.o ./src/i2cm_5411x.o ./src/i2cs_5411x.o ./src/i2s_5411x.o ./src/iap.o ./src/pll_5411x.o ./src/ring_buffer.o ./src/rtc_ut.o ./src/sct_5411x.o ./src/sct_pwm_5411x.o ./src/spi_common_5411x.o ./src/spim_5411x.o ./src/spis_5411x.o ./src/stopwatch_5411x.o ./src/syscon_5411x.o ./src/sysinit_5411x.o ./src/timer_5411x.o ./src/uart_5411x.o   
arm-none-eabi-ar: creating liblpc_chip_5411x.a
Finished building target: liblpc_chip_5411x.a
 
make --no-print-directory post-build
Performing post-build steps
arm-none-eabi-size "liblpc_chip_5411x.a" ; # arm-none-eabi-objdump -h -S "liblpc_chip_5411x.a" >"liblpc_chip_5411x.lss"
   text	   data	    bss	    dec	    hex	filename
    496	      0	      0	    496	    1f0	adc_5411x.o (ex liblpc_chip_5411x.a)
    408	      0	      0	    408	    198	chip_5411x.o (ex liblpc_chip_5411x.a)
   1779	      0	      4	   1783	    6f7	clock_5411x.o (ex liblpc_chip_5411x.a)
      0	      0	      0	      0	      0	dma_5411x.o (ex liblpc_chip_5411x.a)
   1104	      0	      0	   1104	    450	dma_service_5411x.o (ex liblpc_chip_5411x.a)
    690	     96	      0	    786	    312	dmic_5411x.o (ex liblpc_chip_5411x.a)
    836	      0	      0	    836	    344	flexcomm_5411x.o (ex liblpc_chip_5411x.a)
    116	      0	      0	    116	     74	fpu_init.o (ex liblpc_chip_5411x.a)
    990	      0	      0	    990	    3de	i2cm_5411x.o (ex liblpc_chip_5411x.a)
    542	      0	      0	    542	    21e	i2cs_5411x.o (ex liblpc_chip_5411x.a)
   1386	      0	      0	   1386	    56a	i2s_5411x.o (ex liblpc_chip_5411x.a)
    552	      0	      0	    552	    228	iap.o (ex liblpc_chip_5411x.a)
   3622	      0	      4	   3626	    e2a	pll_5411x.o (ex liblpc_chip_5411x.a)
    988	      0	      0	    988	    3dc	ring_buffer.o (ex liblpc_chip_5411x.a)
    728	     24	      0	    752	    2f0	rtc_ut.o (ex liblpc_chip_5411x.a)
    366	      0	      0	    366	    16e	sct_5411x.o (ex liblpc_chip_5411x.a)
    430	      0	      0	    430	    1ae	sct_pwm_5411x.o (ex liblpc_chip_5411x.a)
    316	      0	      0	    316	    13c	spi_common_5411x.o (ex liblpc_chip_5411x.a)
   1860	      0	      0	   1860	    744	spim_5411x.o (ex liblpc_chip_5411x.a)
   1528	      0	      0	   1528	    5f8	spis_5411x.o (ex liblpc_chip_5411x.a)
    664	      0	     12	    676	    2a4	stopwatch_5411x.o (ex liblpc_chip_5411x.a)
    426	      0	      0	    426	    1aa	syscon_5411x.o (ex liblpc_chip_5411x.a)
    866	      0	      0	    866	    362	sysinit_5411x.o (ex liblpc_chip_5411x.a)
    174	      0	      0	    174	     ae	timer_5411x.o (ex liblpc_chip_5411x.a)
   2990	      0	      0	   2990	    bae	uart_5411x.o (ex liblpc_chip_5411x.a)
 
11:37:36 **** Build of configuration Debug for project freertos_blinky ****
make -r -j8 all 
Building file: ../src/FreeRTOSCommonHooks.c
Building file: ../src/blinky.c
Building file: ../src/cr_startup_lpc5411x.c
Building file: ../src/croutine.c
Building file: ../src/crp.c
Invoking: MCU C Compiler
Invoking: MCU C Compiler
Building file: ../src/heap_3.c
Invoking: MCU C Compiler
arm-none-eabi-gcc -D__MULTICORE_NONE -D__USE_LPCOPEN -DCORE_M4 -DDEBUG -D__CODE_RED -D__LPC5411X__ -D__REDLIB__ -I"/home/harsh/LPC 54114/lpc_chip_5411x/inc" -I"/home/harsh/LPC 54114/lpc_board_lpcxpresso_54114/inc" -I"/home/harsh/LPC 54114/freertos_blinky/inc" -I"/home/harsh/LPC 54114/freertos/inc" -I"/home/harsh/LPC 54114/freertos/inc_arm_4f" -I"/home/harsh/LPC 54114/freertos/inc_freertoslpc" -O0 -g3 -Wall -c -fmessage-length=0 -fno-builtin -ffunction-sections -fdata-sections -fsingle-precision-constant -mcpu=cortex-m4 -mfpu=fpv4-sp-d16 -mfloat-abi=softfp -mthumb -D__REDLIB__ -specs=redlib.specs -MMD -MP -MF"src/FreeRTOSCommonHooks.d" -MT"src/FreeRTOSCommonHooks.o" -MT"src/FreeRTOSCommonHooks.d" -o "src/FreeRTOSCommonHooks.o" "../src/FreeRTOSCommonHooks.c"
Invoking: MCU C Compiler
arm-none-eabi-gcc -D__MULTICORE_NONE -D__USE_LPCOPEN -DCORE_M4 -DDEBUG -D__CODE_RED -D__LPC5411X__ -D__REDLIB__ -I"/home/harsh/LPC 54114/lpc_chip_5411x/inc" -I"/home/harsh/LPC 54114/lpc_board_lpcxpresso_54114/inc" -I"/home/harsh/LPC 54114/freertos_blinky/inc" -I"/home/harsh/LPC 54114/freertos/inc" -I"/home/harsh/LPC 54114/freertos/inc_arm_4f" -I"/home/harsh/LPC 54114/freertos/inc_freertoslpc" -O0 -g3 -Wall -c -fmessage-length=0 -fno-builtin -ffunction-sections -fdata-sections -fsingle-precision-constant -mcpu=cortex-m4 -mfpu=fpv4-sp-d16 -mfloat-abi=softfp -mthumb -D__REDLIB__ -specs=redlib.specs -MMD -MP -MF"src/blinky.d" -MT"src/blinky.o" -MT"src/blinky.d" -o "src/blinky.o" "../src/blinky.c"
Invoking: MCU C Compiler
Building file: ../src/list.c
arm-none-eabi-gcc -D__MULTICORE_NONE -D__USE_LPCOPEN -DCORE_M4 -DDEBUG -D__CODE_RED -D__LPC5411X__ -D__REDLIB__ -I"/home/harsh/LPC 54114/lpc_chip_5411x/inc" -I"/home/harsh/LPC 54114/lpc_board_lpcxpresso_54114/inc" -I"/home/harsh/LPC 54114/freertos_blinky/inc" -I"/home/harsh/LPC 54114/freertos/inc" -I"/home/harsh/LPC 54114/freertos/inc_arm_4f" -I"/home/harsh/LPC 54114/freertos/inc_freertoslpc" -O0 -g3 -Wall -c -fmessage-length=0 -fno-builtin -ffunction-sections -fdata-sections -fsingle-precision-constant -mcpu=cortex-m4 -mfpu=fpv4-sp-d16 -mfloat-abi=softfp -mthumb -D__REDLIB__ -specs=redlib.specs -MMD -MP -MF"src/cr_startup_lpc5411x.d" -MT"src/cr_startup_lpc5411x.o" -MT"src/cr_startup_lpc5411x.d" -o "src/cr_startup_lpc5411x.o" "../src/cr_startup_lpc5411x.c"
arm-none-eabi-gcc -D__MULTICORE_NONE -D__USE_LPCOPEN -DCORE_M4 -DDEBUG -D__CODE_RED -D__LPC5411X__ -D__REDLIB__ -I"/home/harsh/LPC 54114/lpc_chip_5411x/inc" -I"/home/harsh/LPC 54114/lpc_board_lpcxpresso_54114/inc" -I"/home/harsh/LPC 54114/freertos_blinky/inc" -I"/home/harsh/LPC 54114/freertos/inc" -I"/home/harsh/LPC 54114/freertos/inc_arm_4f" -I"/home/harsh/LPC 54114/freertos/inc_freertoslpc" -O0 -g3 -Wall -c -fmessage-length=0 -fno-builtin -ffunction-sections -fdata-sections -fsingle-precision-constant -mcpu=cortex-m4 -mfpu=fpv4-sp-d16 -mfloat-abi=softfp -mthumb -D__REDLIB__ -specs=redlib.specs -MMD -MP -MF"src/croutine.d" -MT"src/croutine.o" -MT"src/croutine.d" -o "src/croutine.o" "../src/croutine.c"
arm-none-eabi-gcc -D__MULTICORE_NONE -D__USE_LPCOPEN -DCORE_M4 -DDEBUG -D__CODE_RED -D__LPC5411X__ -D__REDLIB__ -I"/home/harsh/LPC 54114/lpc_chip_5411x/inc" -I"/home/harsh/LPC 54114/lpc_board_lpcxpresso_54114/inc" -I"/home/harsh/LPC 54114/freertos_blinky/inc" -I"/home/harsh/LPC 54114/freertos/inc" -I"/home/harsh/LPC 54114/freertos/inc_arm_4f" -I"/home/harsh/LPC 54114/freertos/inc_freertoslpc" -O0 -g3 -Wall -c -fmessage-length=0 -fno-builtin -ffunction-sections -fdata-sections -fsingle-precision-constant -mcpu=cortex-m4 -mfpu=fpv4-sp-d16 -mfloat-abi=softfp -mthumb -D__REDLIB__ -specs=redlib.specs -MMD -MP -MF"src/crp.d" -MT"src/crp.o" -MT"src/crp.d" -o "src/crp.o" "../src/crp.c"
Invoking: MCU C Compiler
arm-none-eabi-gcc -D__MULTICORE_NONE -D__USE_LPCOPEN -DCORE_M4 -DDEBUG -D__CODE_RED -D__LPC5411X__ -D__REDLIB__ -I"/home/harsh/LPC 54114/lpc_chip_5411x/inc" -I"/home/harsh/LPC 54114/lpc_board_lpcxpresso_54114/inc" -I"/home/harsh/LPC 54114/freertos_blinky/inc" -I"/home/harsh/LPC 54114/freertos/inc" -I"/home/harsh/LPC 54114/freertos/inc_arm_4f" -I"/home/harsh/LPC 54114/freertos/inc_freertoslpc" -O0 -g3 -Wall -c -fmessage-length=0 -fno-builtin -ffunction-sections -fdata-sections -fsingle-precision-constant -mcpu=cortex-m4 -mfpu=fpv4-sp-d16 -mfloat-abi=softfp -mthumb -D__REDLIB__ -specs=redlib.specs -MMD -MP -MF"src/heap_3.d" -MT"src/heap_3.o" -MT"src/heap_3.d" -o "src/heap_3.o" "../src/heap_3.c"
Invoking: MCU C Compiler
arm-none-eabi-gcc -D__MULTICORE_NONE -D__USE_LPCOPEN -DCORE_M4 -DDEBUG -D__CODE_RED -D__LPC5411X__ -D__REDLIB__ -I"/home/harsh/LPC 54114/lpc_chip_5411x/inc" -I"/home/harsh/LPC 54114/lpc_board_lpcxpresso_54114/inc" -I"/home/harsh/LPC 54114/freertos_blinky/inc" -I"/home/harsh/LPC 54114/freertos/inc" -I"/home/harsh/LPC 54114/freertos/inc_arm_4f" -I"/home/harsh/LPC 54114/freertos/inc_freertoslpc" -O0 -g3 -Wall -c -fmessage-length=0 -fno-builtin -ffunction-sections -fdata-sections -fsingle-precision-constant -mcpu=cortex-m4 -mfpu=fpv4-sp-d16 -mfloat-abi=softfp -mthumb -D__REDLIB__ -specs=redlib.specs -MMD -MP -MF"src/list.d" -MT"src/list.o" -MT"src/list.d" -o "src/list.o" "../src/list.c"
Building file: ../src/port.c
Invoking: MCU C Compiler
arm-none-eabi-gcc -D__MULTICORE_NONE -D__USE_LPCOPEN -DCORE_M4 -DDEBUG -D__CODE_RED -D__LPC5411X__ -D__REDLIB__ -I"/home/harsh/LPC 54114/lpc_chip_5411x/inc" -I"/home/harsh/LPC 54114/lpc_board_lpcxpresso_54114/inc" -I"/home/harsh/LPC 54114/freertos_blinky/inc" -I"/home/harsh/LPC 54114/freertos/inc" -I"/home/harsh/LPC 54114/freertos/inc_arm_4f" -I"/home/harsh/LPC 54114/freertos/inc_freertoslpc" -O0 -g3 -Wall -c -fmessage-length=0 -fno-builtin -ffunction-sections -fdata-sections -fsingle-precision-constant -mcpu=cortex-m4 -mfpu=fpv4-sp-d16 -mfloat-abi=softfp -mthumb -D__REDLIB__ -specs=redlib.specs -MMD -MP -MF"src/port.d" -MT"src/port.o" -MT"src/port.d" -o "src/port.o" "../src/port.c"
Finished building: ../src/cr_startup_lpc5411x.c
 
Building file: ../src/queue.c
Invoking: MCU C Compiler
arm-none-eabi-gcc -D__MULTICORE_NONE -D__USE_LPCOPEN -DCORE_M4 -DDEBUG -D__CODE_RED -D__LPC5411X__ -D__REDLIB__ -I"/home/harsh/LPC 54114/lpc_chip_5411x/inc" -I"/home/harsh/LPC 54114/lpc_board_lpcxpresso_54114/inc" -I"/home/harsh/LPC 54114/freertos_blinky/inc" -I"/home/harsh/LPC 54114/freertos/inc" -I"/home/harsh/LPC 54114/freertos/inc_arm_4f" -I"/home/harsh/LPC 54114/freertos/inc_freertoslpc" -O0 -g3 -Wall -c -fmessage-length=0 -fno-builtin -ffunction-sections -fdata-sections -fsingle-precision-constant -mcpu=cortex-m4 -mfpu=fpv4-sp-d16 -mfloat-abi=softfp -mthumb -D__REDLIB__ -specs=redlib.specs -MMD -MP -MF"src/queue.d" -MT"src/queue.o" -MT"src/queue.d" -o "src/queue.o" "../src/queue.c"
Finished building: ../src/crp.c
 
Building file: ../src/sysinit.c
Invoking: MCU C Compiler
arm-none-eabi-gcc -D__MULTICORE_NONE -D__USE_LPCOPEN -DCORE_M4 -DDEBUG -D__CODE_RED -D__LPC5411X__ -D__REDLIB__ -I"/home/harsh/LPC 54114/lpc_chip_5411x/inc" -I"/home/harsh/LPC 54114/lpc_board_lpcxpresso_54114/inc" -I"/home/harsh/LPC 54114/freertos_blinky/inc" -I"/home/harsh/LPC 54114/freertos/inc" -I"/home/harsh/LPC 54114/freertos/inc_arm_4f" -I"/home/harsh/LPC 54114/freertos/inc_freertoslpc" -O0 -g3 -Wall -c -fmessage-length=0 -fno-builtin -ffunction-sections -fdata-sections -fsingle-precision-constant -mcpu=cortex-m4 -mfpu=fpv4-sp-d16 -mfloat-abi=softfp -mthumb -D__REDLIB__ -specs=redlib.specs -MMD -MP -MF"src/sysinit.d" -MT"src/sysinit.o" -MT"src/sysinit.d" -o "src/sysinit.o" "../src/sysinit.c"
Finished building: ../src/blinky.c
 
Building file: ../src/tasks.c
Invoking: MCU C Compiler
arm-none-eabi-gcc -D__MULTICORE_NONE -D__USE_LPCOPEN -DCORE_M4 -DDEBUG -D__CODE_RED -D__LPC5411X__ -D__REDLIB__ -I"/home/harsh/LPC 54114/lpc_chip_5411x/inc" -I"/home/harsh/LPC 54114/lpc_board_lpcxpresso_54114/inc" -I"/home/harsh/LPC 54114/freertos_blinky/inc" -I"/home/harsh/LPC 54114/freertos/inc" -I"/home/harsh/LPC 54114/freertos/inc_arm_4f" -I"/home/harsh/LPC 54114/freertos/inc_freertoslpc" -O0 -g3 -Wall -c -fmessage-length=0 -fno-builtin -ffunction-sections -fdata-sections -fsingle-precision-constant -mcpu=cortex-m4 -mfpu=fpv4-sp-d16 -mfloat-abi=softfp -mthumb -D__REDLIB__ -specs=redlib.specs -MMD -MP -MF"src/tasks.d" -MT"src/tasks.o" -MT"src/tasks.d" -o "src/tasks.o" "../src/tasks.c"
Finished building: ../src/heap_3.c
 
Finished building: ../src/FreeRTOSCommonHooks.c
Building file: ../src/timers.c
Invoking: MCU C Compiler
arm-none-eabi-gcc -D__MULTICORE_NONE -D__USE_LPCOPEN -DCORE_M4 -DDEBUG -D__CODE_RED -D__LPC5411X__ -D__REDLIB__ -I"/home/harsh/LPC 54114/lpc_chip_5411x/inc" -I"/home/harsh/LPC 54114/lpc_board_lpcxpresso_54114/inc" -I"/home/harsh/LPC 54114/freertos_blinky/inc" -I"/home/harsh/LPC 54114/freertos/inc" -I"/home/harsh/LPC 54114/freertos/inc_arm_4f" -I"/home/harsh/LPC 54114/freertos/inc_freertoslpc" -O0 -g3 -Wall -c -fmessage-length=0 -fno-builtin -ffunction-sections -fdata-sections -fsingle-precision-constant -mcpu=cortex-m4 -mfpu=fpv4-sp-d16 -mfloat-abi=softfp -mthumb -D__REDLIB__ -specs=redlib.specs -MMD -MP -MF"src/timers.d" -MT"src/timers.o" -MT"src/timers.d" -o "src/timers.o" "../src/timers.c"
 
Finished building: ../src/croutine.c
 
Finished building: ../src/list.c
 
Finished building: ../src/port.c
 
Finished building: ../src/sysinit.c
 
Finished building: ../src/timers.c
 
Finished building: ../src/queue.c
 
Finished building: ../src/tasks.c
 
Building target: freertos_blinky.axf
Invoking: MCU Linker
arm-none-eabi-gcc -nostdlib -L"/home/harsh/LPC 54114/lpc_chip_5411x/Debug" -L"/home/harsh/LPC 54114/lpc_chip_5411x/libs" -L"/home/harsh/LPC 54114/lpc_board_lpcxpresso_54114/Debug" -Xlinker -Map="freertos_blinky.map" -Xlinker --gc-sections -mcpu=cortex-m4 -mfpu=fpv4-sp-d16 -mfloat-abi=softfp -mthumb -T "freertos_blinky_Debug.ld" -o "freertos_blinky.axf"  ./src/FreeRTOSCommonHooks.o ./src/blinky.o ./src/cr_startup_lpc5411x.o ./src/croutine.o ./src/crp.o ./src/heap_3.o ./src/list.o ./src/port.o ./src/queue.o ./src/sysinit.o ./src/tasks.o ./src/timers.o   -llpc_board_lpcxpresso_54114 -llpc_chip_5411x -lpower
Finished building target: freertos_blinky.axf
 
make --no-print-directory post-build
Performing post-build steps
arm-none-eabi-size "freertos_blinky.axf"; # arm-none-eabi-objcopy -v -O binary "freertos_blinky.axf" "freertos_blinky.bin" ; # checksum -p LPC54114J256 -d "freertos_blinky.bin";
   text	   data	    bss	    dec	    hex	filename
  20908	      8	    828	  21744	   54f0	freertos_blinky.axf
 
11:37:38 **** Build of configuration Debug for project Test_1 ****
make -r -j8 all 
Building file: ../src/Test_1.c
Building file: ../src/boot_multicore_slave.c
Building file: ../src/cr_startup_lpc5411x.c
Building file: ../src/crp.c
Building file: ../src/sysinit.c
Invoking: MCU C Compiler
Invoking: MCU C Compiler
arm-none-eabi-gcc -DDEBUG -D__CODE_RED -DCORE_M4 -D__USE_LPCOPEN -D__LPC5411X__ -D__REDLIB__ -D__MULTICORE_NONE -I"/home/harsh/LPC 54114/lpc_board_lpcxpresso_54114/inc" -I"/home/harsh/LPC 54114/lpc_chip_5411x/inc" -O0 -fno-common -g3 -Wall -c -fmessage-length=0 -fno-builtin -ffunction-sections -fdata-sections -fsingle-precision-constant -mcpu=cortex-m4 -mfpu=fpv4-sp-d16 -mfloat-abi=softfp -mthumb -specs=redlib.specs -MMD -MP -MF"src/Test_1.d" -MT"src/Test_1.o" -MT"src/Test_1.d" -o "src/Test_1.o" "../src/Test_1.c"
arm-none-eabi-gcc -DDEBUG -D__CODE_RED -DCORE_M4 -D__USE_LPCOPEN -D__LPC5411X__ -D__REDLIB__ -D__MULTICORE_NONE -I"/home/harsh/LPC 54114/lpc_board_lpcxpresso_54114/inc" -I"/home/harsh/LPC 54114/lpc_chip_5411x/inc" -O0 -fno-common -g3 -Wall -c -fmessage-length=0 -fno-builtin -ffunction-sections -fdata-sections -fsingle-precision-constant -mcpu=cortex-m4 -mfpu=fpv4-sp-d16 -mfloat-abi=softfp -mthumb -specs=redlib.specs -MMD -MP -MF"src/boot_multicore_slave.d" -MT"src/boot_multicore_slave.o" -MT"src/boot_multicore_slave.d" -o "src/boot_multicore_slave.o" "../src/boot_multicore_slave.c"
Invoking: MCU C Compiler
Invoking: MCU C Compiler
arm-none-eabi-gcc -DDEBUG -D__CODE_RED -DCORE_M4 -D__USE_LPCOPEN -D__LPC5411X__ -D__REDLIB__ -D__MULTICORE_NONE -I"/home/harsh/LPC 54114/lpc_board_lpcxpresso_54114/inc" -I"/home/harsh/LPC 54114/lpc_chip_5411x/inc" -O0 -fno-common -g3 -Wall -c -fmessage-length=0 -fno-builtin -ffunction-sections -fdata-sections -fsingle-precision-constant -mcpu=cortex-m4 -mfpu=fpv4-sp-d16 -mfloat-abi=softfp -mthumb -specs=redlib.specs -MMD -MP -MF"src/cr_startup_lpc5411x.d" -MT"src/cr_startup_lpc5411x.o" -MT"src/cr_startup_lpc5411x.d" -o "src/cr_startup_lpc5411x.o" "../src/cr_startup_lpc5411x.c"
Invoking: MCU C Compiler
arm-none-eabi-gcc -DDEBUG -D__CODE_RED -DCORE_M4 -D__USE_LPCOPEN -D__LPC5411X__ -D__REDLIB__ -D__MULTICORE_NONE -I"/home/harsh/LPC 54114/lpc_board_lpcxpresso_54114/inc" -I"/home/harsh/LPC 54114/lpc_chip_5411x/inc" -O0 -fno-common -g3 -Wall -c -fmessage-length=0 -fno-builtin -ffunction-sections -fdata-sections -fsingle-precision-constant -mcpu=cortex-m4 -mfpu=fpv4-sp-d16 -mfloat-abi=softfp -mthumb -specs=redlib.specs -MMD -MP -MF"src/crp.d" -MT"src/crp.o" -MT"src/crp.d" -o "src/crp.o" "../src/crp.c"
arm-none-eabi-gcc -DDEBUG -D__CODE_RED -DCORE_M4 -D__USE_LPCOPEN -D__LPC5411X__ -D__REDLIB__ -D__MULTICORE_NONE -I"/home/harsh/LPC 54114/lpc_board_lpcxpresso_54114/inc" -I"/home/harsh/LPC 54114/lpc_chip_5411x/inc" -O0 -fno-common -g3 -Wall -c -fmessage-length=0 -fno-builtin -ffunction-sections -fdata-sections -fsingle-precision-constant -mcpu=cortex-m4 -mfpu=fpv4-sp-d16 -mfloat-abi=softfp -mthumb -specs=redlib.specs -MMD -MP -MF"src/sysinit.d" -MT"src/sysinit.o" -MT"src/sysinit.d" -o "src/sysinit.o" "../src/sysinit.c"
Finished building: ../src/boot_multicore_slave.c
 
Finished building: ../src/crp.c
 
Finished building: ../src/cr_startup_lpc5411x.c
 
Finished building: ../src/sysinit.c
 
Finished building: ../src/Test_1.c
 
Building target: Test_1.axf
Invoking: MCU Linker
arm-none-eabi-gcc -nostdlib -L"/home/harsh/LPC 54114/lpc_board_lpcxpresso_54114/Debug" -L"/home/harsh/LPC 54114/lpc_chip_5411x/Debug" -L"/home/harsh/LPC 54114/lpc_chip_5411x/libs" -Xlinker -Map="Test_1.map" -Xlinker --gc-sections -Xlinker -print-memory-usage -mcpu=cortex-m4 -mfpu=fpv4-sp-d16 -mfloat-abi=softfp -mthumb -T "Test_1_Debug.ld" -o "Test_1.axf"  ./src/Test_1.o ./src/boot_multicore_slave.o ./src/cr_startup_lpc5411x.o ./src/crp.o ./src/sysinit.o   -llpc_board_lpcxpresso_54114 -llpc_chip_5411x -lpower
Memory region         Used Size  Region Size  %age Used
       MFlash256:        6780 B       256 KB      2.59%
         Ram0_64:          16 B        64 KB      0.02%
         Ram1_64:          0 GB        64 KB      0.00%
         Ram2_32:          0 GB        32 KB      0.00%
         RamX_32:          0 GB        32 KB      0.00%
Finished building target: Test_1.axf
 
make --no-print-directory post-build
Performing post-build steps
arm-none-eabi-size "Test_1.axf"; # arm-none-eabi-objcopy -v -O binary "Test_1.axf" "Test_1.bin" ; # checksum -p LPC54114J256 -d "Test_1.bin";
   text	   data	    bss	    dec	    hex	filename
   6780	      0	     16	   6796	   1a8c	Test_1.axf
 
11:37:40 **** Build of configuration Debug for project lpc_chip_5411x_m0 ****
make -r all 
Building file: ../src/adc_5411x.c
Invoking: MCU C Compiler
arm-none-eabi-gcc -D__REDLIB__ -D__CODE_RED -DCORE_M0PLUS -D__LPC5411X__ -DDEBUG -I"/home/harsh/LPC 54114/lpc_chip_5411x_m0/inc" -O0 -g3 -Wall -c -fmessage-length=0 -fno-builtin -ffunction-sections -fdata-sections -mcpu=cortex-m0 -mthumb -D__REDLIB__ -specs=redlib.specs -MMD -MP -MF"src/adc_5411x.d" -MT"src/adc_5411x.o" -MT"src/adc_5411x.d" -o "src/adc_5411x.o" "../src/adc_5411x.c"
Finished building: ../src/adc_5411x.c
 
Building file: ../src/chip_5411x.c
Invoking: MCU C Compiler
arm-none-eabi-gcc -D__REDLIB__ -D__CODE_RED -DCORE_M0PLUS -D__LPC5411X__ -DDEBUG -I"/home/harsh/LPC 54114/lpc_chip_5411x_m0/inc" -O0 -g3 -Wall -c -fmessage-length=0 -fno-builtin -ffunction-sections -fdata-sections -mcpu=cortex-m0 -mthumb -D__REDLIB__ -specs=redlib.specs -MMD -MP -MF"src/chip_5411x.d" -MT"src/chip_5411x.o" -MT"src/chip_5411x.d" -o "src/chip_5411x.o" "../src/chip_5411x.c"
Finished building: ../src/chip_5411x.c
 
Building file: ../src/clock_5411x.c
Invoking: MCU C Compiler
arm-none-eabi-gcc -D__REDLIB__ -D__CODE_RED -DCORE_M0PLUS -D__LPC5411X__ -DDEBUG -I"/home/harsh/LPC 54114/lpc_chip_5411x_m0/inc" -O0 -g3 -Wall -c -fmessage-length=0 -fno-builtin -ffunction-sections -fdata-sections -mcpu=cortex-m0 -mthumb -D__REDLIB__ -specs=redlib.specs -MMD -MP -MF"src/clock_5411x.d" -MT"src/clock_5411x.o" -MT"src/clock_5411x.d" -o "src/clock_5411x.o" "../src/clock_5411x.c"
Finished building: ../src/clock_5411x.c
 
Building file: ../src/dma_5411x.c
Invoking: MCU C Compiler
arm-none-eabi-gcc -D__REDLIB__ -D__CODE_RED -DCORE_M0PLUS -D__LPC5411X__ -DDEBUG -I"/home/harsh/LPC 54114/lpc_chip_5411x_m0/inc" -O0 -g3 -Wall -c -fmessage-length=0 -fno-builtin -ffunction-sections -fdata-sections -mcpu=cortex-m0 -mthumb -D__REDLIB__ -specs=redlib.specs -MMD -MP -MF"src/dma_5411x.d" -MT"src/dma_5411x.o" -MT"src/dma_5411x.d" -o "src/dma_5411x.o" "../src/dma_5411x.c"
Finished building: ../src/dma_5411x.c
 
Building file: ../src/dma_service_5411x.c
Invoking: MCU C Compiler
arm-none-eabi-gcc -D__REDLIB__ -D__CODE_RED -DCORE_M0PLUS -D__LPC5411X__ -DDEBUG -I"/home/harsh/LPC 54114/lpc_chip_5411x_m0/inc" -O0 -g3 -Wall -c -fmessage-length=0 -fno-builtin -ffunction-sections -fdata-sections -mcpu=cortex-m0 -mthumb -D__REDLIB__ -specs=redlib.specs -MMD -MP -MF"src/dma_service_5411x.d" -MT"src/dma_service_5411x.o" -MT"src/dma_service_5411x.d" -o "src/dma_service_5411x.o" "../src/dma_service_5411x.c"
Finished building: ../src/dma_service_5411x.c
 
Building file: ../src/dmic_5411x.c
Invoking: MCU C Compiler
arm-none-eabi-gcc -D__REDLIB__ -D__CODE_RED -DCORE_M0PLUS -D__LPC5411X__ -DDEBUG -I"/home/harsh/LPC 54114/lpc_chip_5411x_m0/inc" -O0 -g3 -Wall -c -fmessage-length=0 -fno-builtin -ffunction-sections -fdata-sections -mcpu=cortex-m0 -mthumb -D__REDLIB__ -specs=redlib.specs -MMD -MP -MF"src/dmic_5411x.d" -MT"src/dmic_5411x.o" -MT"src/dmic_5411x.d" -o "src/dmic_5411x.o" "../src/dmic_5411x.c"
Finished building: ../src/dmic_5411x.c
 
Building file: ../src/flexcomm_5411x.c
Invoking: MCU C Compiler
arm-none-eabi-gcc -D__REDLIB__ -D__CODE_RED -DCORE_M0PLUS -D__LPC5411X__ -DDEBUG -I"/home/harsh/LPC 54114/lpc_chip_5411x_m0/inc" -O0 -g3 -Wall -c -fmessage-length=0 -fno-builtin -ffunction-sections -fdata-sections -mcpu=cortex-m0 -mthumb -D__REDLIB__ -specs=redlib.specs -MMD -MP -MF"src/flexcomm_5411x.d" -MT"src/flexcomm_5411x.o" -MT"src/flexcomm_5411x.d" -o "src/flexcomm_5411x.o" "../src/flexcomm_5411x.c"
Finished building: ../src/flexcomm_5411x.c
 
Building file: ../src/fpu_init.c
Invoking: MCU C Compiler
arm-none-eabi-gcc -D__REDLIB__ -D__CODE_RED -DCORE_M0PLUS -D__LPC5411X__ -DDEBUG -I"/home/harsh/LPC 54114/lpc_chip_5411x_m0/inc" -O0 -g3 -Wall -c -fmessage-length=0 -fno-builtin -ffunction-sections -fdata-sections -mcpu=cortex-m0 -mthumb -D__REDLIB__ -specs=redlib.specs -MMD -MP -MF"src/fpu_init.d" -MT"src/fpu_init.o" -MT"src/fpu_init.d" -o "src/fpu_init.o" "../src/fpu_init.c"
Finished building: ../src/fpu_init.c
 
Building file: ../src/i2cm_5411x.c
Invoking: MCU C Compiler
arm-none-eabi-gcc -D__REDLIB__ -D__CODE_RED -DCORE_M0PLUS -D__LPC5411X__ -DDEBUG -I"/home/harsh/LPC 54114/lpc_chip_5411x_m0/inc" -O0 -g3 -Wall -c -fmessage-length=0 -fno-builtin -ffunction-sections -fdata-sections -mcpu=cortex-m0 -mthumb -D__REDLIB__ -specs=redlib.specs -MMD -MP -MF"src/i2cm_5411x.d" -MT"src/i2cm_5411x.o" -MT"src/i2cm_5411x.d" -o "src/i2cm_5411x.o" "../src/i2cm_5411x.c"
Finished building: ../src/i2cm_5411x.c
 
Building file: ../src/i2cs_5411x.c
Invoking: MCU C Compiler
arm-none-eabi-gcc -D__REDLIB__ -D__CODE_RED -DCORE_M0PLUS -D__LPC5411X__ -DDEBUG -I"/home/harsh/LPC 54114/lpc_chip_5411x_m0/inc" -O0 -g3 -Wall -c -fmessage-length=0 -fno-builtin -ffunction-sections -fdata-sections -mcpu=cortex-m0 -mthumb -D__REDLIB__ -specs=redlib.specs -MMD -MP -MF"src/i2cs_5411x.d" -MT"src/i2cs_5411x.o" -MT"src/i2cs_5411x.d" -o "src/i2cs_5411x.o" "../src/i2cs_5411x.c"
Finished building: ../src/i2cs_5411x.c
 
Building file: ../src/i2s_5411x.c
Invoking: MCU C Compiler
arm-none-eabi-gcc -D__REDLIB__ -D__CODE_RED -DCORE_M0PLUS -D__LPC5411X__ -DDEBUG -I"/home/harsh/LPC 54114/lpc_chip_5411x_m0/inc" -O0 -g3 -Wall -c -fmessage-length=0 -fno-builtin -ffunction-sections -fdata-sections -mcpu=cortex-m0 -mthumb -D__REDLIB__ -specs=redlib.specs -MMD -MP -MF"src/i2s_5411x.d" -MT"src/i2s_5411x.o" -MT"src/i2s_5411x.d" -o "src/i2s_5411x.o" "../src/i2s_5411x.c"
Finished building: ../src/i2s_5411x.c
 
Building file: ../src/iap.c
Invoking: MCU C Compiler
arm-none-eabi-gcc -D__REDLIB__ -D__CODE_RED -DCORE_M0PLUS -D__LPC5411X__ -DDEBUG -I"/home/harsh/LPC 54114/lpc_chip_5411x_m0/inc" -O0 -g3 -Wall -c -fmessage-length=0 -fno-builtin -ffunction-sections -fdata-sections -mcpu=cortex-m0 -mthumb -D__REDLIB__ -specs=redlib.specs -MMD -MP -MF"src/iap.d" -MT"src/iap.o" -MT"src/iap.d" -o "src/iap.o" "../src/iap.c"
Finished building: ../src/iap.c
 
Building file: ../src/pll_5411x.c
Invoking: MCU C Compiler
arm-none-eabi-gcc -D__REDLIB__ -D__CODE_RED -DCORE_M0PLUS -D__LPC5411X__ -DDEBUG -I"/home/harsh/LPC 54114/lpc_chip_5411x_m0/inc" -O0 -g3 -Wall -c -fmessage-length=0 -fno-builtin -ffunction-sections -fdata-sections -mcpu=cortex-m0 -mthumb -D__REDLIB__ -specs=redlib.specs -MMD -MP -MF"src/pll_5411x.d" -MT"src/pll_5411x.o" -MT"src/pll_5411x.d" -o "src/pll_5411x.o" "../src/pll_5411x.c"
Finished building: ../src/pll_5411x.c
 
Building file: ../src/ring_buffer.c
Invoking: MCU C Compiler
arm-none-eabi-gcc -D__REDLIB__ -D__CODE_RED -DCORE_M0PLUS -D__LPC5411X__ -DDEBUG -I"/home/harsh/LPC 54114/lpc_chip_5411x_m0/inc" -O0 -g3 -Wall -c -fmessage-length=0 -fno-builtin -ffunction-sections -fdata-sections -mcpu=cortex-m0 -mthumb -D__REDLIB__ -specs=redlib.specs -MMD -MP -MF"src/ring_buffer.d" -MT"src/ring_buffer.o" -MT"src/ring_buffer.d" -o "src/ring_buffer.o" "../src/ring_buffer.c"
Finished building: ../src/ring_buffer.c
 
Building file: ../src/rtc_ut.c
Invoking: MCU C Compiler
arm-none-eabi-gcc -D__REDLIB__ -D__CODE_RED -DCORE_M0PLUS -D__LPC5411X__ -DDEBUG -I"/home/harsh/LPC 54114/lpc_chip_5411x_m0/inc" -O0 -g3 -Wall -c -fmessage-length=0 -fno-builtin -ffunction-sections -fdata-sections -mcpu=cortex-m0 -mthumb -D__REDLIB__ -specs=redlib.specs -MMD -MP -MF"src/rtc_ut.d" -MT"src/rtc_ut.o" -MT"src/rtc_ut.d" -o "src/rtc_ut.o" "../src/rtc_ut.c"
Finished building: ../src/rtc_ut.c
 
Building file: ../src/sct_5411x.c
Invoking: MCU C Compiler
arm-none-eabi-gcc -D__REDLIB__ -D__CODE_RED -DCORE_M0PLUS -D__LPC5411X__ -DDEBUG -I"/home/harsh/LPC 54114/lpc_chip_5411x_m0/inc" -O0 -g3 -Wall -c -fmessage-length=0 -fno-builtin -ffunction-sections -fdata-sections -mcpu=cortex-m0 -mthumb -D__REDLIB__ -specs=redlib.specs -MMD -MP -MF"src/sct_5411x.d" -MT"src/sct_5411x.o" -MT"src/sct_5411x.d" -o "src/sct_5411x.o" "../src/sct_5411x.c"
Finished building: ../src/sct_5411x.c
 
Building file: ../src/sct_pwm_5411x.c
Invoking: MCU C Compiler
arm-none-eabi-gcc -D__REDLIB__ -D__CODE_RED -DCORE_M0PLUS -D__LPC5411X__ -DDEBUG -I"/home/harsh/LPC 54114/lpc_chip_5411x_m0/inc" -O0 -g3 -Wall -c -fmessage-length=0 -fno-builtin -ffunction-sections -fdata-sections -mcpu=cortex-m0 -mthumb -D__REDLIB__ -specs=redlib.specs -MMD -MP -MF"src/sct_pwm_5411x.d" -MT"src/sct_pwm_5411x.o" -MT"src/sct_pwm_5411x.d" -o "src/sct_pwm_5411x.o" "../src/sct_pwm_5411x.c"
Finished building: ../src/sct_pwm_5411x.c
 
Building file: ../src/spi_common_5411x.c
Invoking: MCU C Compiler
arm-none-eabi-gcc -D__REDLIB__ -D__CODE_RED -DCORE_M0PLUS -D__LPC5411X__ -DDEBUG -I"/home/harsh/LPC 54114/lpc_chip_5411x_m0/inc" -O0 -g3 -Wall -c -fmessage-length=0 -fno-builtin -ffunction-sections -fdata-sections -mcpu=cortex-m0 -mthumb -D__REDLIB__ -specs=redlib.specs -MMD -MP -MF"src/spi_common_5411x.d" -MT"src/spi_common_5411x.o" -MT"src/spi_common_5411x.d" -o "src/spi_common_5411x.o" "../src/spi_common_5411x.c"
Finished building: ../src/spi_common_5411x.c
 
Building file: ../src/spim_5411x.c
Invoking: MCU C Compiler
arm-none-eabi-gcc -D__REDLIB__ -D__CODE_RED -DCORE_M0PLUS -D__LPC5411X__ -DDEBUG -I"/home/harsh/LPC 54114/lpc_chip_5411x_m0/inc" -O0 -g3 -Wall -c -fmessage-length=0 -fno-builtin -ffunction-sections -fdata-sections -mcpu=cortex-m0 -mthumb -D__REDLIB__ -specs=redlib.specs -MMD -MP -MF"src/spim_5411x.d" -MT"src/spim_5411x.o" -MT"src/spim_5411x.d" -o "src/spim_5411x.o" "../src/spim_5411x.c"
Finished building: ../src/spim_5411x.c
 
Building file: ../src/spis_5411x.c
Invoking: MCU C Compiler
arm-none-eabi-gcc -D__REDLIB__ -D__CODE_RED -DCORE_M0PLUS -D__LPC5411X__ -DDEBUG -I"/home/harsh/LPC 54114/lpc_chip_5411x_m0/inc" -O0 -g3 -Wall -c -fmessage-length=0 -fno-builtin -ffunction-sections -fdata-sections -mcpu=cortex-m0 -mthumb -D__REDLIB__ -specs=redlib.specs -MMD -MP -MF"src/spis_5411x.d" -MT"src/spis_5411x.o" -MT"src/spis_5411x.d" -o "src/spis_5411x.o" "../src/spis_5411x.c"
Finished building: ../src/spis_5411x.c
 
Building file: ../src/stopwatch_5411x.c
Invoking: MCU C Compiler
arm-none-eabi-gcc -D__REDLIB__ -D__CODE_RED -DCORE_M0PLUS -D__LPC5411X__ -DDEBUG -I"/home/harsh/LPC 54114/lpc_chip_5411x_m0/inc" -O0 -g3 -Wall -c -fmessage-length=0 -fno-builtin -ffunction-sections -fdata-sections -mcpu=cortex-m0 -mthumb -D__REDLIB__ -specs=redlib.specs -MMD -MP -MF"src/stopwatch_5411x.d" -MT"src/stopwatch_5411x.o" -MT"src/stopwatch_5411x.d" -o "src/stopwatch_5411x.o" "../src/stopwatch_5411x.c"
Finished building: ../src/stopwatch_5411x.c
 
Building file: ../src/syscon_5411x.c
Invoking: MCU C Compiler
arm-none-eabi-gcc -D__REDLIB__ -D__CODE_RED -DCORE_M0PLUS -D__LPC5411X__ -DDEBUG -I"/home/harsh/LPC 54114/lpc_chip_5411x_m0/inc" -O0 -g3 -Wall -c -fmessage-length=0 -fno-builtin -ffunction-sections -fdata-sections -mcpu=cortex-m0 -mthumb -D__REDLIB__ -specs=redlib.specs -MMD -MP -MF"src/syscon_5411x.d" -MT"src/syscon_5411x.o" -MT"src/syscon_5411x.d" -o "src/syscon_5411x.o" "../src/syscon_5411x.c"
Finished building: ../src/syscon_5411x.c
 
Building file: ../src/sysinit_5411x.c
Invoking: MCU C Compiler
arm-none-eabi-gcc -D__REDLIB__ -D__CODE_RED -DCORE_M0PLUS -D__LPC5411X__ -DDEBUG -I"/home/harsh/LPC 54114/lpc_chip_5411x_m0/inc" -O0 -g3 -Wall -c -fmessage-length=0 -fno-builtin -ffunction-sections -fdata-sections -mcpu=cortex-m0 -mthumb -D__REDLIB__ -specs=redlib.specs -MMD -MP -MF"src/sysinit_5411x.d" -MT"src/sysinit_5411x.o" -MT"src/sysinit_5411x.d" -o "src/sysinit_5411x.o" "../src/sysinit_5411x.c"
Finished building: ../src/sysinit_5411x.c
 
Building file: ../src/timer_5411x.c
Invoking: MCU C Compiler
arm-none-eabi-gcc -D__REDLIB__ -D__CODE_RED -DCORE_M0PLUS -D__LPC5411X__ -DDEBUG -I"/home/harsh/LPC 54114/lpc_chip_5411x_m0/inc" -O0 -g3 -Wall -c -fmessage-length=0 -fno-builtin -ffunction-sections -fdata-sections -mcpu=cortex-m0 -mthumb -D__REDLIB__ -specs=redlib.specs -MMD -MP -MF"src/timer_5411x.d" -MT"src/timer_5411x.o" -MT"src/timer_5411x.d" -o "src/timer_5411x.o" "../src/timer_5411x.c"
Finished building: ../src/timer_5411x.c
 
Building file: ../src/uart_5411x.c
Invoking: MCU C Compiler
arm-none-eabi-gcc -D__REDLIB__ -D__CODE_RED -DCORE_M0PLUS -D__LPC5411X__ -DDEBUG -I"/home/harsh/LPC 54114/lpc_chip_5411x_m0/inc" -O0 -g3 -Wall -c -fmessage-length=0 -fno-builtin -ffunction-sections -fdata-sections -mcpu=cortex-m0 -mthumb -D__REDLIB__ -specs=redlib.specs -MMD -MP -MF"src/uart_5411x.d" -MT"src/uart_5411x.o" -MT"src/uart_5411x.d" -o "src/uart_5411x.o" "../src/uart_5411x.c"
Finished building: ../src/uart_5411x.c
 
Building target: liblpc_chip_5411x_m0.a
Invoking: MCU Archiver
arm-none-eabi-ar -r  "liblpc_chip_5411x_m0.a"  ./src/adc_5411x.o ./src/chip_5411x.o ./src/clock_5411x.o ./src/dma_5411x.o ./src/dma_service_5411x.o ./src/dmic_5411x.o ./src/flexcomm_5411x.o ./src/fpu_init.o ./src/i2cm_5411x.o ./src/i2cs_5411x.o ./src/i2s_5411x.o ./src/iap.o ./src/pll_5411x.o ./src/ring_buffer.o ./src/rtc_ut.o ./src/sct_5411x.o ./src/sct_pwm_5411x.o ./src/spi_common_5411x.o ./src/spim_5411x.o ./src/spis_5411x.o ./src/stopwatch_5411x.o ./src/syscon_5411x.o ./src/sysinit_5411x.o ./src/timer_5411x.o ./src/uart_5411x.o   
arm-none-eabi-ar: creating liblpc_chip_5411x_m0.a
Finished building target: liblpc_chip_5411x_m0.a
 
make --no-print-directory post-build
Performing post-build steps
arm-none-eabi-size "liblpc_chip_5411x_m0.a" ; # arm-none-eabi-objdump -h -S "liblpc_chip_5411x_m0.a" >"liblpc_chip_5411x_m0.lss"
   text	   data	    bss	    dec	    hex	filename
    500	      0	      0	    500	    1f4	adc_5411x.o (ex liblpc_chip_5411x_m0.a)
    424	      0	      0	    424	    1a8	chip_5411x.o (ex liblpc_chip_5411x_m0.a)
   1835	      0	      4	   1839	    72f	clock_5411x.o (ex liblpc_chip_5411x_m0.a)
      0	      0	      0	      0	      0	dma_5411x.o (ex liblpc_chip_5411x_m0.a)
   1132	      0	      0	   1132	    46c	dma_service_5411x.o (ex liblpc_chip_5411x_m0.a)
    730	     96	      0	    826	    33a	dmic_5411x.o (ex liblpc_chip_5411x_m0.a)
    864	      0	      0	    864	    360	flexcomm_5411x.o (ex liblpc_chip_5411x_m0.a)
      0	      0	      0	      0	      0	fpu_init.o (ex liblpc_chip_5411x_m0.a)
   1054	      0	      0	   1054	    41e	i2cm_5411x.o (ex liblpc_chip_5411x_m0.a)
    592	      0	      0	    592	    250	i2cs_5411x.o (ex liblpc_chip_5411x_m0.a)
   1538	      0	      0	   1538	    602	i2s_5411x.o (ex liblpc_chip_5411x_m0.a)
    630	      0	      0	    630	    276	iap.o (ex liblpc_chip_5411x_m0.a)
   3806	      0	      4	   3810	    ee2	pll_5411x.o (ex liblpc_chip_5411x_m0.a)
    988	      0	      0	    988	    3dc	ring_buffer.o (ex liblpc_chip_5411x_m0.a)
    760	     24	      0	    784	    310	rtc_ut.o (ex liblpc_chip_5411x_m0.a)
    378	      0	      0	    378	    17a	sct_5411x.o (ex liblpc_chip_5411x_m0.a)
    482	      0	      0	    482	    1e2	sct_pwm_5411x.o (ex liblpc_chip_5411x_m0.a)
    358	      0	      0	    358	    166	spi_common_5411x.o (ex liblpc_chip_5411x_m0.a)
   2048	      0	      0	   2048	    800	spim_5411x.o (ex liblpc_chip_5411x_m0.a)
   1708	      0	      0	   1708	    6ac	spis_5411x.o (ex liblpc_chip_5411x_m0.a)
    652	      0	     12	    664	    298	stopwatch_5411x.o (ex liblpc_chip_5411x_m0.a)
    448	      0	      0	    448	    1c0	syscon_5411x.o (ex liblpc_chip_5411x_m0.a)
    932	      0	      0	    932	    3a4	sysinit_5411x.o (ex liblpc_chip_5411x_m0.a)
    184	      0	      0	    184	     b8	timer_5411x.o (ex liblpc_chip_5411x_m0.a)
   3156	      0	      0	   3156	    c54	uart_5411x.o (ex liblpc_chip_5411x_m0.a)
 
11:37:45 **** Build of configuration Debug for project multicore_m0slave_blinky ****
make -r -j8 all 
Building file: ../src/cr_startup_lpc5411x-m0.c
Building file: ../src/crp.c
Building file: ../src/m0slave_blinky.c
Building file: ../src/sysinit.c
Invoking: MCU C Compiler
arm-none-eabi-gcc -DDEBUG -D__CODE_RED -DCORE_M0PLUS -D__USE_LPCOPEN -D__LPC5411X__ -D__REDLIB__ -D__MULTICORE_M0SLAVE -I"/home/harsh/LPC 54114/lpc_chip_5411x_m0/inc" -I"/home/harsh/LPC 54114/lpc_board_lpcxpresso_54114_m0/inc" -O0 -g3 -Wall -c -fmessage-length=0 -fno-builtin -ffunction-sections -fdata-sections -mcpu=cortex-m0 -mthumb -specs=redlib.specs -MMD -MP -MF"src/cr_startup_lpc5411x-m0.d" -MT"src/cr_startup_lpc5411x-m0.o" -MT"src/cr_startup_lpc5411x-m0.d" -o "src/cr_startup_lpc5411x-m0.o" "../src/cr_startup_lpc5411x-m0.c"
Invoking: MCU C Compiler
arm-none-eabi-gcc -DDEBUG -D__CODE_RED -DCORE_M0PLUS -D__USE_LPCOPEN -D__LPC5411X__ -D__REDLIB__ -D__MULTICORE_M0SLAVE -I"/home/harsh/LPC 54114/lpc_chip_5411x_m0/inc" -I"/home/harsh/LPC 54114/lpc_board_lpcxpresso_54114_m0/inc" -O0 -g3 -Wall -c -fmessage-length=0 -fno-builtin -ffunction-sections -fdata-sections -mcpu=cortex-m0 -mthumb -specs=redlib.specs -MMD -MP -MF"src/crp.d" -MT"src/crp.o" -MT"src/crp.d" -o "src/crp.o" "../src/crp.c"
Invoking: MCU C Compiler
Invoking: MCU C Compiler
arm-none-eabi-gcc -DDEBUG -D__CODE_RED -DCORE_M0PLUS -D__USE_LPCOPEN -D__LPC5411X__ -D__REDLIB__ -D__MULTICORE_M0SLAVE -I"/home/harsh/LPC 54114/lpc_chip_5411x_m0/inc" -I"/home/harsh/LPC 54114/lpc_board_lpcxpresso_54114_m0/inc" -O0 -g3 -Wall -c -fmessage-length=0 -fno-builtin -ffunction-sections -fdata-sections -mcpu=cortex-m0 -mthumb -specs=redlib.specs -MMD -MP -MF"src/m0slave_blinky.d" -MT"src/m0slave_blinky.o" -MT"src/m0slave_blinky.d" -o "src/m0slave_blinky.o" "../src/m0slave_blinky.c"
arm-none-eabi-gcc -DDEBUG -D__CODE_RED -DCORE_M0PLUS -D__USE_LPCOPEN -D__LPC5411X__ -D__REDLIB__ -D__MULTICORE_M0SLAVE -I"/home/harsh/LPC 54114/lpc_chip_5411x_m0/inc" -I"/home/harsh/LPC 54114/lpc_board_lpcxpresso_54114_m0/inc" -O0 -g3 -Wall -c -fmessage-length=0 -fno-builtin -ffunction-sections -fdata-sections -mcpu=cortex-m0 -mthumb -specs=redlib.specs -MMD -MP -MF"src/sysinit.d" -MT"src/sysinit.o" -MT"src/sysinit.d" -o "src/sysinit.o" "../src/sysinit.c"
Finished building: ../src/crp.c
 
Finished building: ../src/cr_startup_lpc5411x-m0.c
 
Finished building: ../src/sysinit.c
 
Finished building: ../src/m0slave_blinky.c
 
Building target: multicore_m0slave_blinky.axf
Invoking: MCU Linker
arm-none-eabi-gcc -nostdlib -L"/home/harsh/LPC 54114/lpc_board_lpcxpresso_54114_m0/Debug" -L"/home/harsh/LPC 54114/lpc_chip_5411x_m0/Debug" -L"/home/harsh/LPC 54114/lpc_chip_5411x_m0/libs" -Xlinker -Map="multicore_m0slave_blinky.map" -Xlinker --gc-sections -mcpu=cortex-m0 -mthumb -T "multicore_m0slave_blinky_Multiple_configurations.ld" -o "multicore_m0slave_blinky.axf"  ./src/cr_startup_lpc5411x-m0.o ./src/crp.o ./src/m0slave_blinky.o ./src/sysinit.o   -llpc_board_lpcxpresso_54114_m0 -llpc_chip_5411x_m0 -lpower_m0 && arm-none-eabi-objcopy --target elf32-littlearm --verbose --strip-all --remove-section=.ARM.attributes --redefine-sym __vectors_start__=__vectors_start___core_m0slave --keep-symbol __vectors_start___core_m0slave --redefine-sym _data=__start_data_core_m0slave --keep-symbol __start_data_core_m0slave --redefine-sym _edata=__end_data_core_m0slave --keep-symbol __end_data_core_m0slave --remove-section=".bss*" --remove-section=".noinit*" --rename-section .ARM.exidx=".core_m0slave.ARM.exidx" --rename-section .ARM.extab=".core_m0slave.ARM.extab" --rename-section .text=".core_m0slave" --rename-section .data=".core_m0slave.data" --rename-section .data_RAM2=".core_m0slave.data_RAM2" --rename-section .data_RAM3=".core_m0slave.data_RAM3" "multicore_m0slave_blinky.axf" "multicore_m0slave_blinky.axf.o"
copy from `multicore_m0slave_blinky.axf' [elf32-littlearm] to `multicore_m0slave_blinky.axf.o' [elf32-littlearm]
Finished building target: multicore_m0slave_blinky.axf
 
make --no-print-directory post-build
Performing post-build steps
arm-none-eabi-size "multicore_m0slave_blinky.axf"; # arm-none-eabi-objcopy -v -O binary "multicore_m0slave_blinky.axf" "multicore_m0slave_blinky.bin" ; # checksum -p LPC54114J256_M0 -d "multicore_m0slave_blinky.bin";
   text	   data	    bss	    dec	    hex	filename
   3104	      0	     16	   3120	    c30	multicore_m0slave_blinky.axf
 
11:37:47 **** Build of configuration Debug for project multicore_m4master_blinky ****
make -r -j8 all 
Building file: ../src/cr_startup_lpc5411x.c
Building file: ../src/crp.c
Building file: ../src/m4master_blinky.c
Building file: ../src/sysinit.c
Invoking: MCU C Compiler
arm-none-eabi-gcc -DDEBUG -D__CODE_RED -DCORE_M4 -D__USE_LPCOPEN -D__LPC5411X__ -D__REDLIB__ -D__MULTICORE_MASTER -D__MULTICORE_MASTER_SLAVE_M0SLAVE -I"/home/harsh/LPC 54114/lpc_chip_5411x/inc" -I"/home/harsh/LPC 54114/lpc_board_lpcxpresso_54114/inc" -O0 -g3 -Wall -c -fmessage-length=0 -fno-builtin -ffunction-sections -fdata-sections -fsingle-precision-constant -mcpu=cortex-m4 -mfpu=fpv4-sp-d16 -mfloat-abi=softfp -mthumb -specs=redlib.specs -MMD -MP -MF"src/cr_startup_lpc5411x.d" -MT"src/cr_startup_lpc5411x.o" -MT"src/cr_startup_lpc5411x.d" -o "src/cr_startup_lpc5411x.o" "../src/cr_startup_lpc5411x.c"
Invoking: MCU C Compiler
Invoking: MCU C Compiler
arm-none-eabi-gcc -DDEBUG -D__CODE_RED -DCORE_M4 -D__USE_LPCOPEN -D__LPC5411X__ -D__REDLIB__ -D__MULTICORE_MASTER -D__MULTICORE_MASTER_SLAVE_M0SLAVE -I"/home/harsh/LPC 54114/lpc_chip_5411x/inc" -I"/home/harsh/LPC 54114/lpc_board_lpcxpresso_54114/inc" -O0 -g3 -Wall -c -fmessage-length=0 -fno-builtin -ffunction-sections -fdata-sections -fsingle-precision-constant -mcpu=cortex-m4 -mfpu=fpv4-sp-d16 -mfloat-abi=softfp -mthumb -specs=redlib.specs -MMD -MP -MF"src/crp.d" -MT"src/crp.o" -MT"src/crp.d" -o "src/crp.o" "../src/crp.c"
arm-none-eabi-gcc -DDEBUG -D__CODE_RED -DCORE_M4 -D__USE_LPCOPEN -D__LPC5411X__ -D__REDLIB__ -D__MULTICORE_MASTER -D__MULTICORE_MASTER_SLAVE_M0SLAVE -I"/home/harsh/LPC 54114/lpc_chip_5411x/inc" -I"/home/harsh/LPC 54114/lpc_board_lpcxpresso_54114/inc" -O0 -g3 -Wall -c -fmessage-length=0 -fno-builtin -ffunction-sections -fdata-sections -fsingle-precision-constant -mcpu=cortex-m4 -mfpu=fpv4-sp-d16 -mfloat-abi=softfp -mthumb -specs=redlib.specs -MMD -MP -MF"src/m4master_blinky.d" -MT"src/m4master_blinky.o" -MT"src/m4master_blinky.d" -o "src/m4master_blinky.o" "../src/m4master_blinky.c"
Invoking: MCU C Compiler
arm-none-eabi-gcc -DDEBUG -D__CODE_RED -DCORE_M4 -D__USE_LPCOPEN -D__LPC5411X__ -D__REDLIB__ -D__MULTICORE_MASTER -D__MULTICORE_MASTER_SLAVE_M0SLAVE -I"/home/harsh/LPC 54114/lpc_chip_5411x/inc" -I"/home/harsh/LPC 54114/lpc_board_lpcxpresso_54114/inc" -O0 -g3 -Wall -c -fmessage-length=0 -fno-builtin -ffunction-sections -fdata-sections -fsingle-precision-constant -mcpu=cortex-m4 -mfpu=fpv4-sp-d16 -mfloat-abi=softfp -mthumb -specs=redlib.specs -MMD -MP -MF"src/sysinit.d" -MT"src/sysinit.o" -MT"src/sysinit.d" -o "src/sysinit.o" "../src/sysinit.c"
Finished building: ../src/crp.c
 
Finished building: ../src/cr_startup_lpc5411x.c
 
Finished building: ../src/sysinit.c
 
Finished building: ../src/m4master_blinky.c
 
Building target: multicore_m4master_blinky.axf
Invoking: MCU Linker
arm-none-eabi-gcc -nostdlib -L"/home/harsh/LPC 54114/lpc_board_lpcxpresso_54114/Debug" -L"/home/harsh/LPC 54114/lpc_chip_5411x/Debug" -L"/home/harsh/LPC 54114/lpc_chip_5411x/libs" -Xlinker -Map="multicore_m4master_blinky.map" -Xlinker --gc-sections -mcpu=cortex-m4 -mfpu=fpv4-sp-d16 -mfloat-abi=softfp -mthumb -T "multicore_m4master_blinky_Debug.ld" -o "multicore_m4master_blinky.axf"  ./src/cr_startup_lpc5411x.o ./src/crp.o ./src/m4master_blinky.o ./src/sysinit.o  /home/harsh/LPC\ 54114/multicore_m0slave_blinky/Debug/multicore_m0slave_blinky.axf.o -llpc_board_lpcxpresso_54114 -llpc_chip_5411x -lpower
Finished building target: multicore_m4master_blinky.axf
 
make --no-print-directory post-build
Performing post-build steps
arm-none-eabi-size "multicore_m4master_blinky.axf"; # arm-none-eabi-objcopy -v -O binary "multicore_m4master_blinky.axf" "multicore_m4master_blinky.bin" ; # checksum -p LPC54114J256 -d "multicore_m4master_blinky.bin";
   text	   data	    bss	    dec	    hex	filename
  10804	      0	     24	  10828	   2a4c	multicore_m4master_blinky.axf
[...]
Invoking: MCU C Compiler
arm-none-eabi-gcc -D__MULTICORE_NONE -DDEBUG -D__CODE_RED -DDONT_ENABLE_DISABLED_RAMBANKS -DCORE_M4 -D__USE_LPCOPEN -DCR_INTEGER_PRINTF -D__LPC5411X__ -D__REDLIB__ -I"/home/harsh/LPC 54114/usbdrom_audio/inc" -I"/home/harsh/LPC 54114/lpc_chip_5411x/inc" -I"/home/harsh/LPC 54114/lpc_board_lpcxpresso_54114/inc" -O0 -g3 -Wall -c -fmessage-length=0 -fno-builtin -ffunction-sections -fdata-sections -fsingle-precision-constant -mcpu=cortex-m4 -mfpu=fpv4-sp-d16 -mfloat-abi=softfp -mthumb -specs=redlib.specs -MMD -MP -MF"src/audio_usbd.d" -MT"src/audio_usbd.o" -MT"src/audio_usbd.d" -o "src/audio_usbd.o" "../src/audio_usbd.c"
Invoking: MCU C Compiler
arm-none-eabi-gcc -D__MULTICORE_NONE -DDEBUG -D__CODE_RED -DDONT_ENABLE_DISABLED_RAMBANKS -DCORE_M4 -D__USE_LPCOPEN -DCR_INTEGER_PRINTF -D__LPC5411X__ -D__REDLIB__ -I"/home/harsh/LPC 54114/usbdrom_audio/inc" -I"/home/harsh/LPC 54114/lpc_chip_5411x/inc" -I"/home/harsh/LPC 54114/lpc_board_lpcxpresso_54114/inc" -O0 -g3 -Wall -c -fmessage-length=0 -fno-builtin -ffunction-sections -fdata-sections -fsingle-precision-constant -mcpu=cortex-m4 -mfpu=fpv4-sp-d16 -mfloat-abi=softfp -mthumb -specs=redlib.specs -MMD -MP -MF"src/delay.d" -MT"src/delay.o" -MT"src/delay.d" -o "src/delay.o" "../src/delay.c"
Finished building: ../src/crp.c
 
Finished building: ../src/cr_startup_lpc5411x.c
 
Building file: ../src/i2s_if.c
Building file: ../src/i2c_if.c
Invoking: MCU C Compiler
arm-none-eabi-gcc -D__MULTICORE_NONE -DDEBUG -D__CODE_RED -DDONT_ENABLE_DISABLED_RAMBANKS -DCORE_M4 -D__USE_LPCOPEN -DCR_INTEGER_PRINTF -D__LPC5411X__ -D__REDLIB__ -I"/home/harsh/LPC 54114/usbdrom_audio/inc" -I"/home/harsh/LPC 54114/lpc_chip_5411x/inc" -I"/home/harsh/LPC 54114/lpc_board_lpcxpresso_54114/inc" -O0 -g3 -Wall -c -fmessage-length=0 -fno-builtin -ffunction-sections -fdata-sections -fsingle-precision-constant -mcpu=cortex-m4 -mfpu=fpv4-sp-d16 -mfloat-abi=softfp -mthumb -specs=redlib.specs -MMD -MP -MF"src/i2s_if.d" -MT"src/i2s_if.o" -MT"src/i2s_if.d" -o "src/i2s_if.o" "../src/i2s_if.c"
Invoking: MCU C Compiler
arm-none-eabi-gcc -D__MULTICORE_NONE -DDEBUG -D__CODE_RED -DDONT_ENABLE_DISABLED_RAMBANKS -DCORE_M4 -D__USE_LPCOPEN -DCR_INTEGER_PRINTF -D__LPC5411X__ -D__REDLIB__ -I"/home/harsh/LPC 54114/usbdrom_audio/inc" -I"/home/harsh/LPC 54114/lpc_chip_5411x/inc" -I"/home/harsh/LPC 54114/lpc_board_lpcxpresso_54114/inc" -O0 -g3 -Wall -c -fmessage-length=0 -fno-builtin -ffunction-sections -fdata-sections -fsingle-precision-constant -mcpu=cortex-m4 -mfpu=fpv4-sp-d16 -mfloat-abi=softfp -mthumb -specs=redlib.specs -MMD -MP -MF"src/i2c_if.d" -MT"src/i2c_if.o" -MT"src/i2c_if.d" -o "src/i2c_if.o" "../src/i2c_if.c"
Finished building: ../src/audio_main.c
 
Finished building: ../src/delay.c
Building file: ../src/main.c
 
Building file: ../src/pll_setup.c
Invoking: MCU C Compiler
arm-none-eabi-gcc -D__MULTICORE_NONE -DDEBUG -D__CODE_RED -DDONT_ENABLE_DISABLED_RAMBANKS -DCORE_M4 -D__USE_LPCOPEN -DCR_INTEGER_PRINTF -D__LPC5411X__ -D__REDLIB__ -I"/home/harsh/LPC 54114/usbdrom_audio/inc" -I"/home/harsh/LPC 54114/lpc_chip_5411x/inc" -I"/home/harsh/LPC 54114/lpc_board_lpcxpresso_54114/inc" -O0 -g3 -Wall -c -fmessage-length=0 -fno-builtin -ffunction-sections -fdata-sections -fsingle-precision-constant -mcpu=cortex-m4 -mfpu=fpv4-sp-d16 -mfloat-abi=softfp -mthumb -specs=redlib.specs -MMD -MP -MF"src/main.d" -MT"src/main.o" -MT"src/main.d" -o "src/main.o" "../src/main.c"
Invoking: MCU C Compiler
Finished building: ../src/audio_desc.c
arm-none-eabi-gcc -D__MULTICORE_NONE -DDEBUG -D__CODE_RED -DDONT_ENABLE_DISABLED_RAMBANKS -DCORE_M4 -D__USE_LPCOPEN -DCR_INTEGER_PRINTF -D__LPC5411X__ -D__REDLIB__ -I"/home/harsh/LPC 54114/usbdrom_audio/inc" -I"/home/harsh/LPC 54114/lpc_chip_5411x/inc" -I"/home/harsh/LPC 54114/lpc_board_lpcxpresso_54114/inc" -O0 -g3 -Wall -c -fmessage-length=0 -fno-builtin -ffunction-sections -fdata-sections -fsingle-precision-constant -mcpu=cortex-m4 -mfpu=fpv4-sp-d16 -mfloat-abi=softfp -mthumb -specs=redlib.specs -MMD -MP -MF"src/pll_setup.d" -MT"src/pll_setup.o" -MT"src/pll_setup.d" -o "src/pll_setup.o" "../src/pll_setup.c"
 
Building file: ../src/sine_file.c
Invoking: MCU C Compiler
arm-none-eabi-gcc -D__MULTICORE_NONE -DDEBUG -D__CODE_RED -DDONT_ENABLE_DISABLED_RAMBANKS -DCORE_M4 -D__USE_LPCOPEN -DCR_INTEGER_PRINTF -D__LPC5411X__ -D__REDLIB__ -I"/home/harsh/LPC 54114/usbdrom_audio/inc" -I"/home/harsh/LPC 54114/lpc_chip_5411x/inc" -I"/home/harsh/LPC 54114/lpc_board_lpcxpresso_54114/inc" -O0 -g3 -Wall -c -fmessage-length=0 -fno-builtin -ffunction-sections -fdata-sections -fsingle-precision-constant -mcpu=cortex-m4 -mfpu=fpv4-sp-d16 -mfloat-abi=softfp -mthumb -specs=redlib.specs -MMD -MP -MF"src/sine_file.d" -MT"src/sine_file.o" -MT"src/sine_file.d" -o "src/sine_file.o" "../src/sine_file.c"
Finished building: ../src/audio_codec.c
 
Finished building: ../src/Power_Tasks.c
Building file: ../src/sysinit.c
 
Building file: ../src/wm8904.c
Invoking: MCU C Compiler
Invoking: MCU C Compiler
arm-none-eabi-gcc -D__MULTICORE_NONE -DDEBUG -D__CODE_RED -DDONT_ENABLE_DISABLED_RAMBANKS -DCORE_M4 -D__USE_LPCOPEN -DCR_INTEGER_PRINTF -D__LPC5411X__ -D__REDLIB__ -I"/home/harsh/LPC 54114/usbdrom_audio/inc" -I"/home/harsh/LPC 54114/lpc_chip_5411x/inc" -I"/home/harsh/LPC 54114/lpc_board_lpcxpresso_54114/inc" -O0 -g3 -Wall -c -fmessage-length=0 -fno-builtin -ffunction-sections -fdata-sections -fsingle-precision-constant -mcpu=cortex-m4 -mfpu=fpv4-sp-d16 -mfloat-abi=softfp -mthumb -specs=redlib.specs -MMD -MP -MF"src/wm8904.d" -MT"src/wm8904.o" -MT"src/wm8904.d" -o "src/wm8904.o" "../src/wm8904.c"
arm-none-eabi-gcc -D__MULTICORE_NONE -DDEBUG -D__CODE_RED -DDONT_ENABLE_DISABLED_RAMBANKS -DCORE_M4 -D__USE_LPCOPEN -DCR_INTEGER_PRINTF -D__LPC5411X__ -D__REDLIB__ -I"/home/harsh/LPC 54114/usbdrom_audio/inc" -I"/home/harsh/LPC 54114/lpc_chip_5411x/inc" -I"/home/harsh/LPC 54114/lpc_board_lpcxpresso_54114/inc" -O0 -g3 -Wall -c -fmessage-length=0 -fno-builtin -ffunction-sections -fdata-sections -fsingle-precision-constant -mcpu=cortex-m4 -mfpu=fpv4-sp-d16 -mfloat-abi=softfp -mthumb -specs=redlib.specs -MMD -MP -MF"src/sysinit.d" -MT"src/sysinit.o" -MT"src/sysinit.d" -o "src/sysinit.o" "../src/sysinit.c"
Finished building: ../src/audio_usbd.c
 
Building file: ../src/wm8904_config.c
Invoking: MCU C Compiler
arm-none-eabi-gcc -D__MULTICORE_NONE -DDEBUG -D__CODE_RED -DDONT_ENABLE_DISABLED_RAMBANKS -DCORE_M4 -D__USE_LPCOPEN -DCR_INTEGER_PRINTF -D__LPC5411X__ -D__REDLIB__ -I"/home/harsh/LPC 54114/usbdrom_audio/inc" -I"/home/harsh/LPC 54114/lpc_chip_5411x/inc" -I"/home/harsh/LPC 54114/lpc_board_lpcxpresso_54114/inc" -O0 -g3 -Wall -c -fmessage-length=0 -fno-builtin -ffunction-sections -fdata-sections -fsingle-precision-constant -mcpu=cortex-m4 -mfpu=fpv4-sp-d16 -mfloat-abi=softfp -mthumb -specs=redlib.specs -MMD -MP -MF"src/wm8904_config.d" -MT"src/wm8904_config.o" -MT"src/wm8904_config.d" -o "src/wm8904_config.o" "../src/wm8904_config.c"
Finished building: ../src/i2c_if.c
 
Finished building: ../src/sine_file.c
 
Finished building: ../src/main.c
 
Finished building: ../src/i2s_if.c
 
Finished building: ../src/pll_setup.c
 
Finished building: ../src/sysinit.c
 
Finished building: ../src/wm8904.c
 
Finished building: ../src/wm8904_config.c
 
Building target: usbdrom_audio.axf
Invoking: MCU Linker
arm-none-eabi-gcc -nostdlib -L"/home/harsh/LPC 54114/lpc_board_lpcxpresso_54114/Debug" -L"/home/harsh/LPC 54114/lpc_chip_5411x/Debug" -L"/home/harsh/LPC 54114/lpc_chip_5411x/libs" -Xlinker -Map="usbdrom_audio.map" -Xlinker --gc-sections -mcpu=cortex-m4 -mfpu=fpv4-sp-d16 -mfloat-abi=softfp -mthumb -T "usbdrom_audio_Debug.ld" -o "usbdrom_audio.axf"  ./src/Power_Tasks.o ./src/audio_codec.o ./src/audio_desc.o ./src/audio_main.o ./src/audio_usbd.o ./src/cr_startup_lpc5411x.o ./src/crp.o ./src/delay.o ./src/i2c_if.o ./src/i2s_if.o ./src/main.o ./src/pll_setup.o ./src/sine_file.o ./src/sysinit.o ./src/wm8904.o ./src/wm8904_config.o   -llpc_board_lpcxpresso_54114 -llpc_chip_5411x -lpower
Finished building target: usbdrom_audio.axf
 
make --no-print-directory post-build
Performing post-build steps
arm-none-eabi-size "usbdrom_audio.axf"; # arm-none-eabi-objcopy -v -O binary "usbdrom_audio.axf" "usbdrom_audio.bin" ; # checksum -p LPC54114J256 -d "usbdrom_audio.bin";
   text	   data	    bss	    dec	    hex	filename
  27124	    248	  17692	  45064	   b008	usbdrom_audio.axf
 
11:39:01 **** Build of configuration Debug for project usbdrom_cdc ****
make -r -j8 all 
Building file: ../src/cdc_desc.c
Building file: ../src/cdc_main.c
Building file: ../src/cdc_vcom.c
Building file: ../src/cr_startup_lpc5411x.c
Building file: ../src/crp.c
Invoking: MCU C Compiler
arm-none-eabi-gcc -D__MULTICORE_NONE -DDEBUG -D__CODE_RED -DDONT_ENABLE_DISABLED_RAMBANKS -DCORE_M4 -D__USE_LPCOPEN -DCR_INTEGER_PRINTF -D__LPC5411X__ -D__REDLIB__ -I"/home/harsh/LPC 54114/usbdrom_cdc/inc" -I"/home/harsh/LPC 54114/lpc_chip_5411x/inc" -I"/home/harsh/LPC 54114/lpc_board_lpcxpresso_54114/inc" -O0 -g3 -Wall -c -fmessage-length=0 -fno-builtin -ffunction-sections -fdata-sections -fsingle-precision-constant -mcpu=cortex-m4 -mfpu=fpv4-sp-d16 -mfloat-abi=softfp -mthumb -specs=redlib.specs -MMD -MP -MF"src/cdc_desc.d" -MT"src/cdc_desc.o" -MT"src/cdc_desc.d" -o "src/cdc_desc.o" "../src/cdc_desc.c"
Building file: ../src/sysinit.c
Invoking: MCU C Compiler
Invoking: MCU C Compiler
Invoking: MCU C Compiler
arm-none-eabi-gcc -D__MULTICORE_NONE -DDEBUG -D__CODE_RED -DDONT_ENABLE_DISABLED_RAMBANKS -DCORE_M4 -D__USE_LPCOPEN -DCR_INTEGER_PRINTF -D__LPC5411X__ -D__REDLIB__ -I"/home/harsh/LPC 54114/usbdrom_cdc/inc" -I"/home/harsh/LPC 54114/lpc_chip_5411x/inc" -I"/home/harsh/LPC 54114/lpc_board_lpcxpresso_54114/inc" -O0 -g3 -Wall -c -fmessage-length=0 -fno-builtin -ffunction-sections -fdata-sections -fsingle-precision-constant -mcpu=cortex-m4 -mfpu=fpv4-sp-d16 -mfloat-abi=softfp -mthumb -specs=redlib.specs -MMD -MP -MF"src/cdc_main.d" -MT"src/cdc_main.o" -MT"src/cdc_main.d" -o "src/cdc_main.o" "../src/cdc_main.c"
Invoking: MCU C Compiler
arm-none-eabi-gcc -D__MULTICORE_NONE -DDEBUG -D__CODE_RED -DDONT_ENABLE_DISABLED_RAMBANKS -DCORE_M4 -D__USE_LPCOPEN -DCR_INTEGER_PRINTF -D__LPC5411X__ -D__REDLIB__ -I"/home/harsh/LPC 54114/usbdrom_cdc/inc" -I"/home/harsh/LPC 54114/lpc_chip_5411x/inc" -I"/home/harsh/LPC 54114/lpc_board_lpcxpresso_54114/inc" -O0 -g3 -Wall -c -fmessage-length=0 -fno-builtin -ffunction-sections -fdata-sections -fsingle-precision-constant -mcpu=cortex-m4 -mfpu=fpv4-sp-d16 -mfloat-abi=softfp -mthumb -specs=redlib.specs -MMD -MP -MF"src/cdc_vcom.d" -MT"src/cdc_vcom.o" -MT"src/cdc_vcom.d" -o "src/cdc_vcom.o" "../src/cdc_vcom.c"
arm-none-eabi-gcc -D__MULTICORE_NONE -DDEBUG -D__CODE_RED -DDONT_ENABLE_DISABLED_RAMBANKS -DCORE_M4 -D__USE_LPCOPEN -DCR_INTEGER_PRINTF -D__LPC5411X__ -D__REDLIB__ -I"/home/harsh/LPC 54114/usbdrom_cdc/inc" -I"/home/harsh/LPC 54114/lpc_chip_5411x/inc" -I"/home/harsh/LPC 54114/lpc_board_lpcxpresso_54114/inc" -O0 -g3 -Wall -c -fmessage-length=0 -fno-builtin -ffunction-sections -fdata-sections -fsingle-precision-constant -mcpu=cortex-m4 -mfpu=fpv4-sp-d16 -mfloat-abi=softfp -mthumb -specs=redlib.specs -MMD -MP -MF"src/cr_startup_lpc5411x.d" -MT"src/cr_startup_lpc5411x.o" -MT"src/cr_startup_lpc5411x.d" -o "src/cr_startup_lpc5411x.o" "../src/cr_startup_lpc5411x.c"
Invoking: MCU C Compiler
arm-none-eabi-gcc -D__MULTICORE_NONE -DDEBUG -D__CODE_RED -DDONT_ENABLE_DISABLED_RAMBANKS -DCORE_M4 -D__USE_LPCOPEN -DCR_INTEGER_PRINTF -D__LPC5411X__ -D__REDLIB__ -I"/home/harsh/LPC 54114/usbdrom_cdc/inc" -I"/home/harsh/LPC 54114/lpc_chip_5411x/inc" -I"/home/harsh/LPC 54114/lpc_board_lpcxpresso_54114/inc" -O0 -g3 -Wall -c -fmessage-length=0 -fno-builtin -ffunction-sections -fdata-sections -fsingle-precision-constant -mcpu=cortex-m4 -mfpu=fpv4-sp-d16 -mfloat-abi=softfp -mthumb -specs=redlib.specs -MMD -MP -MF"src/crp.d" -MT"src/crp.o" -MT"src/crp.d" -o "src/crp.o" "../src/crp.c"
arm-none-eabi-gcc -D__MULTICORE_NONE -DDEBUG -D__CODE_RED -DDONT_ENABLE_DISABLED_RAMBANKS -DCORE_M4 -D__USE_LPCOPEN -DCR_INTEGER_PRINTF -D__LPC5411X__ -D__REDLIB__ -I"/home/harsh/LPC 54114/usbdrom_cdc/inc" -I"/home/harsh/LPC 54114/lpc_chip_5411x/inc" -I"/home/harsh/LPC 54114/lpc_board_lpcxpresso_54114/inc" -O0 -g3 -Wall -c -fmessage-length=0 -fno-builtin -ffunction-sections -fdata-sections -fsingle-precision-constant -mcpu=cortex-m4 -mfpu=fpv4-sp-d16 -mfloat-abi=softfp -mthumb -specs=redlib.specs -MMD -MP -MF"src/sysinit.d" -MT"src/sysinit.o" -MT"src/sysinit.d" -o "src/sysinit.o" "../src/sysinit.c"
Finished building: ../src/crp.c
 
Finished building: ../src/cr_startup_lpc5411x.c
 
Finished building: ../src/cdc_desc.c
 
Finished building: ../src/sysinit.c
 
Finished building: ../src/cdc_main.c
 
Finished building: ../src/cdc_vcom.c
 
Building target: usbdrom_cdc.axf
Invoking: MCU Linker
arm-none-eabi-gcc -nostdlib -L"/home/harsh/LPC 54114/lpc_board_lpcxpresso_54114/Debug" -L"/home/harsh/LPC 54114/lpc_chip_5411x/Debug" -L"/home/harsh/LPC 54114/lpc_chip_5411x/libs" -Xlinker -Map="usbdrom_cdc.map" -Xlinker --gc-sections -mcpu=cortex-m4 -mfpu=fpv4-sp-d16 -mfloat-abi=softfp -mthumb -T "usbdrom_cdc_Debug.ld" -o "usbdrom_cdc.axf"  ./src/cdc_desc.o ./src/cdc_main.o ./src/cdc_vcom.o ./src/cr_startup_lpc5411x.o ./src/crp.o ./src/sysinit.o   -llpc_board_lpcxpresso_54114 -llpc_chip_5411x -lpower
Finished building target: usbdrom_cdc.axf
 
make --no-print-directory post-build
Performing post-build steps
arm-none-eabi-size "usbdrom_cdc.axf"; # arm-none-eabi-objcopy -v -O binary "usbdrom_cdc.axf" "usbdrom_cdc.bin" ; # checksum -p LPC54114J256 -d "usbdrom_cdc.bin";
   text	   data	    bss	    dec	    hex	filename
  10332	     76	    780	  11188	   2bb4	usbdrom_cdc.axf
 
11:39:03 **** Build of configuration Debug for project usbdrom_msc_ram ****
make -r -j8 all 
Building file: ../src/cr_startup_lpc5411x.c
Building file: ../src/crp.c
Building file: ../src/msc_desc.c
Building file: ../src/msc_main.c
Building file: ../src/msc_ram.c
Invoking: MCU C Compiler
Invoking: MCU C Compiler
Building file: ../src/ramdisk.c
arm-none-eabi-gcc -D__MULTICORE_NONE -DDEBUG -D__CODE_RED -DDONT_ENABLE_DISABLED_RAMBANKS -DCORE_M4 -D__USE_LPCOPEN -DCR_INTEGER_PRINTF -D__LPC5411X__ -D__REDLIB__ -I"/home/harsh/LPC 54114/usbdrom_msc_ram/inc" -I"/home/harsh/LPC 54114/lpc_chip_5411x/inc" -I"/home/harsh/LPC 54114/lpc_board_lpcxpresso_54114/inc" -O0 -g3 -Wall -c -fmessage-length=0 -fno-builtin -ffunction-sections -fdata-sections -fsingle-precision-constant -mcpu=cortex-m4 -mfpu=fpv4-sp-d16 -mfloat-abi=softfp -mthumb -specs=redlib.specs -MMD -MP -MF"src/cr_startup_lpc5411x.d" -MT"src/cr_startup_lpc5411x.o" -MT"src/cr_startup_lpc5411x.d" -o "src/cr_startup_lpc5411x.o" "../src/cr_startup_lpc5411x.c"
Invoking: MCU C Compiler
arm-none-eabi-gcc -D__MULTICORE_NONE -DDEBUG -D__CODE_RED -DDONT_ENABLE_DISABLED_RAMBANKS -DCORE_M4 -D__USE_LPCOPEN -DCR_INTEGER_PRINTF -D__LPC5411X__ -D__REDLIB__ -I"/home/harsh/LPC 54114/usbdrom_msc_ram/inc" -I"/home/harsh/LPC 54114/lpc_chip_5411x/inc" -I"/home/harsh/LPC 54114/lpc_board_lpcxpresso_54114/inc" -O0 -g3 -Wall -c -fmessage-length=0 -fno-builtin -ffunction-sections -fdata-sections -fsingle-precision-constant -mcpu=cortex-m4 -mfpu=fpv4-sp-d16 -mfloat-abi=softfp -mthumb -specs=redlib.specs -MMD -MP -MF"src/crp.d" -MT"src/crp.o" -MT"src/crp.d" -o "src/crp.o" "../src/crp.c"
Invoking: MCU C Compiler
Invoking: MCU C Compiler
Building file: ../src/sysinit.c
arm-none-eabi-gcc -D__MULTICORE_NONE -DDEBUG -D__CODE_RED -DDONT_ENABLE_DISABLED_RAMBANKS -DCORE_M4 -D__USE_LPCOPEN -DCR_INTEGER_PRINTF -D__LPC5411X__ -D__REDLIB__ -I"/home/harsh/LPC 54114/usbdrom_msc_ram/inc" -I"/home/harsh/LPC 54114/lpc_chip_5411x/inc" -I"/home/harsh/LPC 54114/lpc_board_lpcxpresso_54114/inc" -O0 -g3 -Wall -c -fmessage-length=0 -fno-builtin -ffunction-sections -fdata-sections -fsingle-precision-constant -mcpu=cortex-m4 -mfpu=fpv4-sp-d16 -mfloat-abi=softfp -mthumb -specs=redlib.specs -MMD -MP -MF"src/msc_desc.d" -MT"src/msc_desc.o" -MT"src/msc_desc.d" -o "src/msc_desc.o" "../src/msc_desc.c"
arm-none-eabi-gcc -D__MULTICORE_NONE -DDEBUG -D__CODE_RED -DDONT_ENABLE_DISABLED_RAMBANKS -DCORE_M4 -D__USE_LPCOPEN -DCR_INTEGER_PRINTF -D__LPC5411X__ -D__REDLIB__ -I"/home/harsh/LPC 54114/usbdrom_msc_ram/inc" -I"/home/harsh/LPC 54114/lpc_chip_5411x/inc" -I"/home/harsh/LPC 54114/lpc_board_lpcxpresso_54114/inc" -O0 -g3 -Wall -c -fmessage-length=0 -fno-builtin -ffunction-sections -fdata-sections -fsingle-precision-constant -mcpu=cortex-m4 -mfpu=fpv4-sp-d16 -mfloat-abi=softfp -mthumb -specs=redlib.specs -MMD -MP -MF"src/msc_main.d" -MT"src/msc_main.o" -MT"src/msc_main.d" -o "src/msc_main.o" "../src/msc_main.c"
arm-none-eabi-gcc -D__MULTICORE_NONE -DDEBUG -D__CODE_RED -DDONT_ENABLE_DISABLED_RAMBANKS -DCORE_M4 -D__USE_LPCOPEN -DCR_INTEGER_PRINTF -D__LPC5411X__ -D__REDLIB__ -I"/home/harsh/LPC 54114/usbdrom_msc_ram/inc" -I"/home/harsh/LPC 54114/lpc_chip_5411x/inc" -I"/home/harsh/LPC 54114/lpc_board_lpcxpresso_54114/inc" -O0 -g3 -Wall -c -fmessage-length=0 -fno-builtin -ffunction-sections -fdata-sections -fsingle-precision-constant -mcpu=cortex-m4 -mfpu=fpv4-sp-d16 -mfloat-abi=softfp -mthumb -specs=redlib.specs -MMD -MP -MF"src/msc_ram.d" -MT"src/msc_ram.o" -MT"src/msc_ram.d" -o "src/msc_ram.o" "../src/msc_ram.c"
Invoking: MCU C Compiler
arm-none-eabi-gcc -D__MULTICORE_NONE -DDEBUG -D__CODE_RED -DDONT_ENABLE_DISABLED_RAMBANKS -DCORE_M4 -D__USE_LPCOPEN -DCR_INTEGER_PRINTF -D__LPC5411X__ -D__REDLIB__ -I"/home/harsh/LPC 54114/usbdrom_msc_ram/inc" -I"/home/harsh/LPC 54114/lpc_chip_5411x/inc" -I"/home/harsh/LPC 54114/lpc_board_lpcxpresso_54114/inc" -O0 -g3 -Wall -c -fmessage-length=0 -fno-builtin -ffunction-sections -fdata-sections -fsingle-precision-constant -mcpu=cortex-m4 -mfpu=fpv4-sp-d16 -mfloat-abi=softfp -mthumb -specs=redlib.specs -MMD -MP -MF"src/ramdisk.d" -MT"src/ramdisk.o" -MT"src/ramdisk.d" -o "src/ramdisk.o" "../src/ramdisk.c"
Invoking: MCU C Compiler
arm-none-eabi-gcc -D__MULTICORE_NONE -DDEBUG -D__CODE_RED -DDONT_ENABLE_DISABLED_RAMBANKS -DCORE_M4 -D__USE_LPCOPEN -DCR_INTEGER_PRINTF -D__LPC5411X__ -D__REDLIB__ -I"/home/harsh/LPC 54114/usbdrom_msc_ram/inc" -I"/home/harsh/LPC 54114/lpc_chip_5411x/inc" -I"/home/harsh/LPC 54114/lpc_board_lpcxpresso_54114/inc" -O0 -g3 -Wall -c -fmessage-length=0 -fno-builtin -ffunction-sections -fdata-sections -fsingle-precision-constant -mcpu=cortex-m4 -mfpu=fpv4-sp-d16 -mfloat-abi=softfp -mthumb -specs=redlib.specs -MMD -MP -MF"src/sysinit.d" -MT"src/sysinit.o" -MT"src/sysinit.d" -o "src/sysinit.o" "../src/sysinit.c"
Finished building: ../src/crp.c
 
Finished building: ../src/cr_startup_lpc5411x.c
 
Finished building: ../src/msc_desc.c
 
Finished building: ../src/ramdisk.c
 
Finished building: ../src/sysinit.c
 
Finished building: ../src/msc_main.c
Finished building: ../src/msc_ram.c
 
 
Building target: usbdrom_msc_ram.axf
Invoking: MCU Linker
arm-none-eabi-gcc -nostdlib -L"/home/harsh/LPC 54114/lpc_board_lpcxpresso_54114/Debug" -L"/home/harsh/LPC 54114/lpc_chip_5411x/Debug" -L"/home/harsh/LPC 54114/lpc_chip_5411x/libs" -Xlinker -Map="usbdrom_msc_ram.map" -Xlinker --gc-sections -mcpu=cortex-m4 -mfpu=fpv4-sp-d16 -mfloat-abi=softfp -mthumb -T "usbdrom_msc_ram_Debug.ld" -o "usbdrom_msc_ram.axf"  ./src/cr_startup_lpc5411x.o ./src/crp.o ./src/msc_desc.o ./src/msc_main.o ./src/msc_ram.o ./src/ramdisk.o ./src/sysinit.o   -llpc_board_lpcxpresso_54114 -llpc_chip_5411x -lpower
Finished building target: usbdrom_msc_ram.axf
 
make --no-print-directory post-build
Performing post-build steps
arm-none-eabi-size "usbdrom_msc_ram.axf"; # arm-none-eabi-objcopy -v -O binary "usbdrom_msc_ram.axf" "usbdrom_msc_ram.bin" ; # checksum -p LPC54114J256 -d "usbdrom_msc_ram.bin";
   text	   data	    bss	    dec	    hex	filename
  11080	     36	  16900	  28016	   6d70	usbdrom_msc_ram.axf
 
