11:37:25 **** Build of configuration Debug for project LPC54114J256_Project ****
make -r -j8 all 
Building file: ../utilities/fsl_debug_console.c
Building file: ../utilities/fsl_str.c
Building file: ../startup/boot_multicore_slave.c
Building file: ../startup/startup_lpc5411x.c
Building file: ../source/LPC54114J256_Project.c
Invoking: MCU C Compiler
Invoking: MCU C Compiler
Building file: ../source/semihost_hardfault.c
arm-none-eabi-gcc -D__LPC5411X__ -DCORE_M4 -DFSL_RTOS_BM -DSDK_OS_BAREMETAL -DSDK_DEBUGCONSOLE=0 -DCR_INTEGER_PRINTF -DPRINTF_FLOAT_ENABLE=0 -DCPU_LPC54114J256BD64 -DCPU_LPC54114J256BD64_cm4 -D__MCUXPRESSO -D__USE_CMSIS -DDEBUG -D__REDLIB__ -D__MULTICORE_MASTER -I../board -I../source -I../ -I../drivers -I../CMSIS -I../device -I../component/serial_manager -I../component/uart -I../utilities -I../startup -O0 -fno-common -g3 -Wall -c -ffunction-sections -fdata-sections -ffreestanding -fno-builtin -mcpu=cortex-m4 -mfpu=fpv4-sp-d16 -mfloat-abi=hard -mthumb -D__REDLIB__ -specs=redlib.specs -MMD -MP -MF"utilities/fsl_debug_console.d" -MT"utilities/fsl_debug_console.o" -MT"utilities/fsl_debug_console.d" -o "utilities/fsl_debug_console.o" "../utilities/fsl_debug_console.c"
arm-none-eabi-gcc -D__LPC5411X__ -DCORE_M4 -DFSL_RTOS_BM -DSDK_OS_BAREMETAL -DSDK_DEBUGCONSOLE=0 -DCR_INTEGER_PRINTF -DPRINTF_FLOAT_ENABLE=0 -DCPU_LPC54114J256BD64 -DCPU_LPC54114J256BD64_cm4 -D__MCUXPRESSO -D__USE_CMSIS -DDEBUG -D__REDLIB__ -D__MULTICORE_MASTER -I../board -I../source -I../ -I../drivers -I../CMSIS -I../device -I../component/serial_manager -I../component/uart -I../utilities -I../startup -O0 -fno-common -g3 -Wall -c -ffunction-sections -fdata-sections -ffreestanding -fno-builtin -mcpu=cortex-m4 -mfpu=fpv4-sp-d16 -mfloat-abi=hard -mthumb -D__REDLIB__ -specs=redlib.specs -MMD -MP -MF"utilities/fsl_str.d" -MT"utilities/fsl_str.o" -MT"utilities/fsl_str.d" -o "utilities/fsl_str.o" "../utilities/fsl_str.c"
Invoking: MCU C Compiler
Invoking: MCU C Compiler
arm-none-eabi-gcc -D__LPC5411X__ -DCORE_M4 -DFSL_RTOS_BM -DSDK_OS_BAREMETAL -DSDK_DEBUGCONSOLE=0 -DCR_INTEGER_PRINTF -DPRINTF_FLOAT_ENABLE=0 -DCPU_LPC54114J256BD64 -DCPU_LPC54114J256BD64_cm4 -D__MCUXPRESSO -D__USE_CMSIS -DDEBUG -D__REDLIB__ -D__MULTICORE_MASTER -I../board -I../source -I../ -I../drivers -I../CMSIS -I../device -I../component/serial_manager -I../component/uart -I../utilities -I../startup -O0 -fno-common -g3 -Wall -c -ffunction-sections -fdata-sections -ffreestanding -fno-builtin -mcpu=cortex-m4 -mfpu=fpv4-sp-d16 -mfloat-abi=hard -mthumb -D__REDLIB__ -specs=redlib.specs -MMD -MP -MF"startup/boot_multicore_slave.d" -MT"startup/boot_multicore_slave.o" -MT"startup/boot_multicore_slave.d" -o "startup/boot_multicore_slave.o" "../startup/boot_multicore_slave.c"
arm-none-eabi-gcc -D__LPC5411X__ -DCORE_M4 -DFSL_RTOS_BM -DSDK_OS_BAREMETAL -DSDK_DEBUGCONSOLE=0 -DCR_INTEGER_PRINTF -DPRINTF_FLOAT_ENABLE=0 -DCPU_LPC54114J256BD64 -DCPU_LPC54114J256BD64_cm4 -D__MCUXPRESSO -D__USE_CMSIS -DDEBUG -D__REDLIB__ -D__MULTICORE_MASTER -I../board -I../source -I../ -I../drivers -I../CMSIS -I../device -I../component/serial_manager -I../component/uart -I../utilities -I../startup -O0 -fno-common -g3 -Wall -c -ffunction-sections -fdata-sections -ffreestanding -fno-builtin -mcpu=cortex-m4 -mfpu=fpv4-sp-d16 -mfloat-abi=hard -mthumb -D__REDLIB__ -specs=redlib.specs -MMD -MP -MF"startup/startup_lpc5411x.d" -MT"startup/startup_lpc5411x.o" -MT"startup/startup_lpc5411x.d" -o "startup/startup_lpc5411x.o" "../startup/startup_lpc5411x.c"
Invoking: MCU C Compiler
Invoking: MCU C Compiler
arm-none-eabi-gcc -D__LPC5411X__ -DCORE_M4 -DFSL_RTOS_BM -DSDK_OS_BAREMETAL -DSDK_DEBUGCONSOLE=0 -DCR_INTEGER_PRINTF -DPRINTF_FLOAT_ENABLE=0 -DCPU_LPC54114J256BD64 -DCPU_LPC54114J256BD64_cm4 -D__MCUXPRESSO -D__USE_CMSIS -DDEBUG -D__REDLIB__ -D__MULTICORE_MASTER -I../board -I../source -I../ -I../drivers -I../CMSIS -I../device -I../component/serial_manager -I../component/uart -I../utilities -I../startup -O0 -fno-common -g3 -Wall -c -ffunction-sections -fdata-sections -ffreestanding -fno-builtin -mcpu=cortex-m4 -mfpu=fpv4-sp-d16 -mfloat-abi=hard -mthumb -D__REDLIB__ -specs=redlib.specs -MMD -MP -MF"source/LPC54114J256_Project.d" -MT"source/LPC54114J256_Project.o" -MT"source/LPC54114J256_Project.d" -o "source/LPC54114J256_Project.o" "../source/LPC54114J256_Project.c"
arm-none-eabi-gcc -D__LPC5411X__ -DCORE_M4 -DFSL_RTOS_BM -DSDK_OS_BAREMETAL -DSDK_DEBUGCONSOLE=0 -DCR_INTEGER_PRINTF -DPRINTF_FLOAT_ENABLE=0 -DCPU_LPC54114J256BD64 -DCPU_LPC54114J256BD64_cm4 -D__MCUXPRESSO -D__USE_CMSIS -DDEBUG -D__REDLIB__ -D__MULTICORE_MASTER -I../board -I../source -I../ -I../drivers -I../CMSIS -I../device -I../component/serial_manager -I../component/uart -I../utilities -I../startup -O0 -fno-common -g3 -Wall -c -ffunction-sections -fdata-sections -ffreestanding -fno-builtin -mcpu=cortex-m4 -mfpu=fpv4-sp-d16 -mfloat-abi=hard -mthumb -D__REDLIB__ -specs=redlib.specs -MMD -MP -MF"source/semihost_hardfault.d" -MT"source/semihost_hardfault.o" -MT"source/semihost_hardfault.d" -o "source/semihost_hardfault.o" "../source/semihost_hardfault.c"
Building file: ../drivers/fsl_clock.c
Building file: ../drivers/fsl_common.c
Invoking: MCU C Compiler
arm-none-eabi-gcc -D__LPC5411X__ -DCORE_M4 -DFSL_RTOS_BM -DSDK_OS_BAREMETAL -DSDK_DEBUGCONSOLE=0 -DCR_INTEGER_PRINTF -DPRINTF_FLOAT_ENABLE=0 -DCPU_LPC54114J256BD64 -DCPU_LPC54114J256BD64_cm4 -D__MCUXPRESSO -D__USE_CMSIS -DDEBUG -D__REDLIB__ -D__MULTICORE_MASTER -I../board -I../source -I../ -I../drivers -I../CMSIS -I../device -I../component/serial_manager -I../component/uart -I../utilities -I../startup -O0 -fno-common -g3 -Wall -c -ffunction-sections -fdata-sections -ffreestanding -fno-builtin -mcpu=cortex-m4 -mfpu=fpv4-sp-d16 -mfloat-abi=hard -mthumb -D__REDLIB__ -specs=redlib.specs -MMD -MP -MF"drivers/fsl_clock.d" -MT"drivers/fsl_clock.o" -MT"drivers/fsl_clock.d" -o "drivers/fsl_clock.o" "../drivers/fsl_clock.c"
Invoking: MCU C Compiler
arm-none-eabi-gcc -D__LPC5411X__ -DCORE_M4 -DFSL_RTOS_BM -DSDK_OS_BAREMETAL -DSDK_DEBUGCONSOLE=0 -DCR_INTEGER_PRINTF -DPRINTF_FLOAT_ENABLE=0 -DCPU_LPC54114J256BD64 -DCPU_LPC54114J256BD64_cm4 -D__MCUXPRESSO -D__USE_CMSIS -DDEBUG -D__REDLIB__ -D__MULTICORE_MASTER -I../board -I../source -I../ -I../drivers -I../CMSIS -I../device -I../component/serial_manager -I../component/uart -I../utilities -I../startup -O0 -fno-common -g3 -Wall -c -ffunction-sections -fdata-sections -ffreestanding -fno-builtin -mcpu=cortex-m4 -mfpu=fpv4-sp-d16 -mfloat-abi=hard -mthumb -D__REDLIB__ -specs=redlib.specs -MMD -MP -MF"drivers/fsl_common.d" -MT"drivers/fsl_common.o" -MT"drivers/fsl_common.d" -o "drivers/fsl_common.o" "../drivers/fsl_common.c"
Finished building: ../source/semihost_hardfault.c
Finished building: ../startup/boot_multicore_slave.c
 
 
Building file: ../drivers/fsl_flexcomm.c
Building file: ../drivers/fsl_gpio.c
Invoking: MCU C Compiler
arm-none-eabi-gcc -D__LPC5411X__ -DCORE_M4 -DFSL_RTOS_BM -DSDK_OS_BAREMETAL -DSDK_DEBUGCONSOLE=0 -DCR_INTEGER_PRINTF -DPRINTF_FLOAT_ENABLE=0 -DCPU_LPC54114J256BD64 -DCPU_LPC54114J256BD64_cm4 -D__MCUXPRESSO -D__USE_CMSIS -DDEBUG -D__REDLIB__ -D__MULTICORE_MASTER -I../board -I../source -I../ -I../drivers -I../CMSIS -I../device -I../component/serial_manager -I../component/uart -I../utilities -I../startup -O0 -fno-common -g3 -Wall -c -ffunction-sections -fdata-sections -ffreestanding -fno-builtin -mcpu=cortex-m4 -mfpu=fpv4-sp-d16 -mfloat-abi=hard -mthumb -D__REDLIB__ -specs=redlib.specs -MMD -MP -MF"drivers/fsl_flexcomm.d" -MT"drivers/fsl_flexcomm.o" -MT"drivers/fsl_flexcomm.d" -o "drivers/fsl_flexcomm.o" "../drivers/fsl_flexcomm.c"
Finished building: ../startup/startup_lpc5411x.c
Invoking: MCU C Compiler
arm-none-eabi-gcc -D__LPC5411X__ -DCORE_M4 -DFSL_RTOS_BM -DSDK_OS_BAREMETAL -DSDK_DEBUGCONSOLE=0 -DCR_INTEGER_PRINTF -DPRINTF_FLOAT_ENABLE=0 -DCPU_LPC54114J256BD64 -DCPU_LPC54114J256BD64_cm4 -D__MCUXPRESSO -D__USE_CMSIS -DDEBUG -D__REDLIB__ -D__MULTICORE_MASTER -I../board -I../source -I../ -I../drivers -I../CMSIS -I../device -I../component/serial_manager -I../component/uart -I../utilities -I../startup -O0 -fno-common -g3 -Wall -c -ffunction-sections -fdata-sections -ffreestanding -fno-builtin -mcpu=cortex-m4 -mfpu=fpv4-sp-d16 -mfloat-abi=hard -mthumb -D__REDLIB__ -specs=redlib.specs -MMD -MP -MF"drivers/fsl_gpio.d" -MT"drivers/fsl_gpio.o" -MT"drivers/fsl_gpio.d" -o "drivers/fsl_gpio.o" "../drivers/fsl_gpio.c"
 
Finished building: ../drivers/fsl_common.c
Building file: ../drivers/fsl_power.c
Finished building: ../source/LPC54114J256_Project.c
 
 
Invoking: MCU C Compiler
arm-none-eabi-gcc -D__LPC5411X__ -DCORE_M4 -DFSL_RTOS_BM -DSDK_OS_BAREMETAL -DSDK_DEBUGCONSOLE=0 -DCR_INTEGER_PRINTF -DPRINTF_FLOAT_ENABLE=0 -DCPU_LPC54114J256BD64 -DCPU_LPC54114J256BD64_cm4 -D__MCUXPRESSO -D__USE_CMSIS -DDEBUG -D__REDLIB__ -D__MULTICORE_MASTER -I../board -I../source -I../ -I../drivers -I../CMSIS -I../device -I../component/serial_manager -I../component/uart -I../utilities -I../startup -O0 -fno-common -g3 -Wall -c -ffunction-sections -fdata-sections -ffreestanding -fno-builtin -mcpu=cortex-m4 -mfpu=fpv4-sp-d16 -mfloat-abi=hard -mthumb -D__REDLIB__ -specs=redlib.specs -MMD -MP -MF"drivers/fsl_power.d" -MT"drivers/fsl_power.o" -MT"drivers/fsl_power.d" -o "drivers/fsl_power.o" "../drivers/fsl_power.c"
Finished building: ../utilities/fsl_debug_console.c
Building file: ../drivers/fsl_reset.c
Building file: ../drivers/fsl_usart.c
Invoking: MCU C Compiler
arm-none-eabi-gcc -D__LPC5411X__ -DCORE_M4 -DFSL_RTOS_BM -DSDK_OS_BAREMETAL -DSDK_DEBUGCONSOLE=0 -DCR_INTEGER_PRINTF -DPRINTF_FLOAT_ENABLE=0 -DCPU_LPC54114J256BD64 -DCPU_LPC54114J256BD64_cm4 -D__MCUXPRESSO -D__USE_CMSIS -DDEBUG -D__REDLIB__ -D__MULTICORE_MASTER -I../board -I../source -I../ -I../drivers -I../CMSIS -I../device -I../component/serial_manager -I../component/uart -I../utilities -I../startup -O0 -fno-common -g3 -Wall -c -ffunction-sections -fdata-sections -ffreestanding -fno-builtin -mcpu=cortex-m4 -mfpu=fpv4-sp-d16 -mfloat-abi=hard -mthumb -D__REDLIB__ -specs=redlib.specs -MMD -MP -MF"drivers/fsl_reset.d" -MT"drivers/fsl_reset.o" -MT"drivers/fsl_reset.d" -o "drivers/fsl_reset.o" "../drivers/fsl_reset.c"
Invoking: MCU C Compiler
arm-none-eabi-gcc -D__LPC5411X__ -DCORE_M4 -DFSL_RTOS_BM -DSDK_OS_BAREMETAL -DSDK_DEBUGCONSOLE=0 -DCR_INTEGER_PRINTF -DPRINTF_FLOAT_ENABLE=0 -DCPU_LPC54114J256BD64 -DCPU_LPC54114J256BD64_cm4 -D__MCUXPRESSO -D__USE_CMSIS -DDEBUG -D__REDLIB__ -D__MULTICORE_MASTER -I../board -I../source -I../ -I../drivers -I../CMSIS -I../device -I../component/serial_manager -I../component/uart -I../utilities -I../startup -O0 -fno-common -g3 -Wall -c -ffunction-sections -fdata-sections -ffreestanding -fno-builtin -mcpu=cortex-m4 -mfpu=fpv4-sp-d16 -mfloat-abi=hard -mthumb -D__REDLIB__ -specs=redlib.specs -MMD -MP -MF"drivers/fsl_usart.d" -MT"drivers/fsl_usart.o" -MT"drivers/fsl_usart.d" -o "drivers/fsl_usart.o" "../drivers/fsl_usart.c"
Finished building: ../utilities/fsl_str.c
 
 
Building file: ../device/system_LPC54114_cm4.c
Invoking: MCU C Compiler
arm-none-eabi-gcc -D__LPC5411X__ -DCORE_M4 -DFSL_RTOS_BM -DSDK_OS_BAREMETAL -DSDK_DEBUGCONSOLE=0 -DCR_INTEGER_PRINTF -DPRINTF_FLOAT_ENABLE=0 -DCPU_LPC54114J256BD64 -DCPU_LPC54114J256BD64_cm4 -D__MCUXPRESSO -D__USE_CMSIS -DDEBUG -D__REDLIB__ -D__MULTICORE_MASTER -I../board -I../source -I../ -I../drivers -I../CMSIS -I../device -I../component/serial_manager -I../component/uart -I../utilities -I../startup -O0 -fno-common -g3 -Wall -c -ffunction-sections -fdata-sections -ffreestanding -fno-builtin -mcpu=cortex-m4 -mfpu=fpv4-sp-d16 -mfloat-abi=hard -mthumb -D__REDLIB__ -specs=redlib.specs -MMD -MP -MF"device/system_LPC54114_cm4.d" -MT"device/system_LPC54114_cm4.o" -MT"device/system_LPC54114_cm4.d" -o "device/system_LPC54114_cm4.o" "../device/system_LPC54114_cm4.c"
Building file: ../component/uart/usart_adapter.c
Invoking: MCU C Compiler
arm-none-eabi-gcc -D__LPC5411X__ -DCORE_M4 -DFSL_RTOS_BM -DSDK_OS_BAREMETAL -DSDK_DEBUGCONSOLE=0 -DCR_INTEGER_PRINTF -DPRINTF_FLOAT_ENABLE=0 -DCPU_LPC54114J256BD64 -DCPU_LPC54114J256BD64_cm4 -D__MCUXPRESSO -D__USE_CMSIS -DDEBUG -D__REDLIB__ -D__MULTICORE_MASTER -I../board -I../source -I../ -I../drivers -I../CMSIS -I../device -I../component/serial_manager -I../component/uart -I../utilities -I../startup -O0 -fno-common -g3 -Wall -c -ffunction-sections -fdata-sections -ffreestanding -fno-builtin -mcpu=cortex-m4 -mfpu=fpv4-sp-d16 -mfloat-abi=hard -mthumb -D__REDLIB__ -specs=redlib.specs -MMD -MP -MF"component/uart/usart_adapter.d" -MT"component/uart/usart_adapter.o" -MT"component/uart/usart_adapter.d" -o "component/uart/usart_adapter.o" "../component/uart/usart_adapter.c"
Finished building: ../drivers/fsl_clock.c
 
Building file: ../component/serial_manager/serial_manager.c
Invoking: MCU C Compiler
arm-none-eabi-gcc -D__LPC5411X__ -DCORE_M4 -DFSL_RTOS_BM -DSDK_OS_BAREMETAL -DSDK_DEBUGCONSOLE=0 -DCR_INTEGER_PRINTF -DPRINTF_FLOAT_ENABLE=0 -DCPU_LPC54114J256BD64 -DCPU_LPC54114J256BD64_cm4 -D__MCUXPRESSO -D__USE_CMSIS -DDEBUG -D__REDLIB__ -D__MULTICORE_MASTER -I../board -I../source -I../ -I../drivers -I../CMSIS -I../device -I../component/serial_manager -I../component/uart -I../utilities -I../startup -O0 -fno-common -g3 -Wall -c -ffunction-sections -fdata-sections -ffreestanding -fno-builtin -mcpu=cortex-m4 -mfpu=fpv4-sp-d16 -mfloat-abi=hard -mthumb -D__REDLIB__ -specs=redlib.specs -MMD -MP -MF"component/serial_manager/serial_manager.d" -MT"component/serial_manager/serial_manager.o" -MT"component/serial_manager/serial_manager.d" -o "component/serial_manager/serial_manager.o" "../component/serial_manager/serial_manager.c"
Finished building: ../drivers/fsl_gpio.c
 
Building file: ../component/serial_manager/serial_port_uart.c
Finished building: ../drivers/fsl_flexcomm.c
Invoking: MCU C Compiler
 
arm-none-eabi-gcc -D__LPC5411X__ -DCORE_M4 -DFSL_RTOS_BM -DSDK_OS_BAREMETAL -DSDK_DEBUGCONSOLE=0 -DCR_INTEGER_PRINTF -DPRINTF_FLOAT_ENABLE=0 -DCPU_LPC54114J256BD64 -DCPU_LPC54114J256BD64_cm4 -D__MCUXPRESSO -D__USE_CMSIS -DDEBUG -D__REDLIB__ -D__MULTICORE_MASTER -I../board -I../source -I../ -I../drivers -I../CMSIS -I../device -I../component/serial_manager -I../component/uart -I../utilities -I../startup -O0 -fno-common -g3 -Wall -c -ffunction-sections -fdata-sections -ffreestanding -fno-builtin -mcpu=cortex-m4 -mfpu=fpv4-sp-d16 -mfloat-abi=hard -mthumb -D__REDLIB__ -specs=redlib.specs -MMD -MP -MF"component/serial_manager/serial_port_uart.d" -MT"component/serial_manager/serial_port_uart.o" -MT"component/serial_manager/serial_port_uart.d" -o "component/serial_manager/serial_port_uart.o" "../component/serial_manager/serial_port_uart.c"
Building file: ../board/board.c
Invoking: MCU C Compiler
arm-none-eabi-gcc -D__LPC5411X__ -DCORE_M4 -DFSL_RTOS_BM -DSDK_OS_BAREMETAL -DSDK_DEBUGCONSOLE=0 -DCR_INTEGER_PRINTF -DPRINTF_FLOAT_ENABLE=0 -DCPU_LPC54114J256BD64 -DCPU_LPC54114J256BD64_cm4 -D__MCUXPRESSO -D__USE_CMSIS -DDEBUG -D__REDLIB__ -D__MULTICORE_MASTER -I../board -I../source -I../ -I../drivers -I../CMSIS -I../device -I../component/serial_manager -I../component/uart -I../utilities -I../startup -O0 -fno-common -g3 -Wall -c -ffunction-sections -fdata-sections -ffreestanding -fno-builtin -mcpu=cortex-m4 -mfpu=fpv4-sp-d16 -mfloat-abi=hard -mthumb -D__REDLIB__ -specs=redlib.specs -MMD -MP -MF"board/board.d" -MT"board/board.o" -MT"board/board.d" -o "board/board.o" "../board/board.c"
Finished building: ../drivers/fsl_power.c
 
Building file: ../board/clock_config.c
Invoking: MCU C Compiler
arm-none-eabi-gcc -D__LPC5411X__ -DCORE_M4 -DFSL_RTOS_BM -DSDK_OS_BAREMETAL -DSDK_DEBUGCONSOLE=0 -DCR_INTEGER_PRINTF -DPRINTF_FLOAT_ENABLE=0 -DCPU_LPC54114J256BD64 -DCPU_LPC54114J256BD64_cm4 -D__MCUXPRESSO -D__USE_CMSIS -DDEBUG -D__REDLIB__ -D__MULTICORE_MASTER -I../board -I../source -I../ -I../drivers -I../CMSIS -I../device -I../component/serial_manager -I../component/uart -I../utilities -I../startup -O0 -fno-common -g3 -Wall -c -ffunction-sections -fdata-sections -ffreestanding -fno-builtin -mcpu=cortex-m4 -mfpu=fpv4-sp-d16 -mfloat-abi=hard -mthumb -D__REDLIB__ -specs=redlib.specs -MMD -MP -MF"board/clock_config.d" -MT"board/clock_config.o" -MT"board/clock_config.d" -o "board/clock_config.o" "../board/clock_config.c"
Finished building: ../drivers/fsl_reset.c
 
Finished building: ../device/system_LPC54114_cm4.c
Building file: ../board/peripherals.c
 
Invoking: MCU C Compiler
arm-none-eabi-gcc -D__LPC5411X__ -DCORE_M4 -DFSL_RTOS_BM -DSDK_OS_BAREMETAL -DSDK_DEBUGCONSOLE=0 -DCR_INTEGER_PRINTF -DPRINTF_FLOAT_ENABLE=0 -DCPU_LPC54114J256BD64 -DCPU_LPC54114J256BD64_cm4 -D__MCUXPRESSO -D__USE_CMSIS -DDEBUG -D__REDLIB__ -D__MULTICORE_MASTER -I../board -I../source -I../ -I../drivers -I../CMSIS -I../device -I../component/serial_manager -I../component/uart -I../utilities -I../startup -O0 -fno-common -g3 -Wall -c -ffunction-sections -fdata-sections -ffreestanding -fno-builtin -mcpu=cortex-m4 -mfpu=fpv4-sp-d16 -mfloat-abi=hard -mthumb -D__REDLIB__ -specs=redlib.specs -MMD -MP -MF"board/peripherals.d" -MT"board/peripherals.o" -MT"board/peripherals.d" -o "board/peripherals.o" "../board/peripherals.c"
Building file: ../board/pin_mux.c
Invoking: MCU C Compiler
arm-none-eabi-gcc -D__LPC5411X__ -DCORE_M4 -DFSL_RTOS_BM -DSDK_OS_BAREMETAL -DSDK_DEBUGCONSOLE=0 -DCR_INTEGER_PRINTF -DPRINTF_FLOAT_ENABLE=0 -DCPU_LPC54114J256BD64 -DCPU_LPC54114J256BD64_cm4 -D__MCUXPRESSO -D__USE_CMSIS -DDEBUG -D__REDLIB__ -D__MULTICORE_MASTER -I../board -I../source -I../ -I../drivers -I../CMSIS -I../device -I../component/serial_manager -I../component/uart -I../utilities -I../startup -O0 -fno-common -g3 -Wall -c -ffunction-sections -fdata-sections -ffreestanding -fno-builtin -mcpu=cortex-m4 -mfpu=fpv4-sp-d16 -mfloat-abi=hard -mthumb -D__REDLIB__ -specs=redlib.specs -MMD -MP -MF"board/pin_mux.d" -MT"board/pin_mux.o" -MT"board/pin_mux.d" -o "board/pin_mux.o" "../board/pin_mux.c"
Finished building: ../drivers/fsl_usart.c
 
Finished building: ../component/uart/usart_adapter.c
 
Finished building: ../board/peripherals.c
 
Finished building: ../board/board.c
 
Finished building: ../component/serial_manager/serial_manager.c
 
Finished building: ../board/clock_config.c
 
Finished building: ../component/serial_manager/serial_port_uart.c
 
Finished building: ../board/pin_mux.c
 
Building target: LPC54114J256_Project.axf
Invoking: MCU Linker
arm-none-eabi-gcc -nostdlib -L"/home/harsh/LPC 54114/LPC54114J256_Project/libs" -Xlinker -Map="LPC54114J256_Project.map" -Xlinker --gc-sections -Xlinker -print-memory-usage -Xlinker --sort-section=alignment -mcpu=cortex-m4 -mfpu=fpv4-sp-d16 -mfloat-abi=hard -mthumb -T LPC54114J256_Project_Debug.ld -o "LPC54114J256_Project.axf"  ./utilities/fsl_debug_console.o ./utilities/fsl_str.o  ./startup/boot_multicore_slave.o ./startup/startup_lpc5411x.o  ./source/LPC54114J256_Project.o ./source/semihost_hardfault.o  ./drivers/fsl_clock.o ./drivers/fsl_common.o ./drivers/fsl_flexcomm.o ./drivers/fsl_gpio.o ./drivers/fsl_power.o ./drivers/fsl_reset.o ./drivers/fsl_usart.o  ./device/system_LPC54114_cm4.o  ./component/uart/usart_adapter.o  ./component/serial_manager/serial_manager.o ./component/serial_manager/serial_port_uart.o  ./board/board.o ./board/clock_config.o ./board/peripherals.o ./board/pin_mux.o   -lpower_cm4_hardabi
Memory region         Used Size  Region Size  %age Used
   PROGRAM_FLASH:       17484 B       256 KB      6.67%
           SRAM1:         308 B        64 KB      0.47%
           SRAM0:          0 GB        64 KB      0.00%
           SRAMX:          0 GB        32 KB      0.00%
           SRAM2:          0 GB        32 KB      0.00%
Finished building target: LPC54114J256_Project.axf
 
make --no-print-directory post-build
Performing post-build steps
arm-none-eabi-size "LPC54114J256_Project.axf"; # arm-none-eabi-objcopy -v -O binary "LPC54114J256_Project.axf" "LPC54114J256_Project.bin" ; # checksum -p LPC54114J256 -d "LPC54114J256_Project.bin";
   text	   data	    bss	    dec	    hex	filename
  17480	      4	    304	  17788	   457c	LPC54114J256_Project.axf
 

11:37:27 Build Finished (took 1s.804ms)

