11:37:47 **** Build of configuration Debug for project multicore_m4master_blinky ****
make -r -j8 all 
Building file: ../src/cr_startup_lpc5411x.c
Building file: ../src/crp.c
Building file: ../src/m4master_blinky.c
Building file: ../src/sysinit.c
Invoking: MCU C Compiler
arm-none-eabi-gcc -DDEBUG -D__CODE_RED -DCORE_M4 -D__USE_LPCOPEN -D__LPC5411X__ -D__REDLIB__ -D__MULTICORE_MASTER -D__MULTICORE_MASTER_SLAVE_M0SLAVE -I"/home/harsh/LPC 54114/lpc_chip_5411x/inc" -I"/home/harsh/LPC 54114/lpc_board_lpcxpresso_54114/inc" -O0 -g3 -Wall -c -fmessage-length=0 -fno-builtin -ffunction-sections -fdata-sections -fsingle-precision-constant -mcpu=cortex-m4 -mfpu=fpv4-sp-d16 -mfloat-abi=softfp -mthumb -specs=redlib.specs -MMD -MP -MF"src/cr_startup_lpc5411x.d" -MT"src/cr_startup_lpc5411x.o" -MT"src/cr_startup_lpc5411x.d" -o "src/cr_startup_lpc5411x.o" "../src/cr_startup_lpc5411x.c"
Invoking: MCU C Compiler
Invoking: MCU C Compiler
arm-none-eabi-gcc -DDEBUG -D__CODE_RED -DCORE_M4 -D__USE_LPCOPEN -D__LPC5411X__ -D__REDLIB__ -D__MULTICORE_MASTER -D__MULTICORE_MASTER_SLAVE_M0SLAVE -I"/home/harsh/LPC 54114/lpc_chip_5411x/inc" -I"/home/harsh/LPC 54114/lpc_board_lpcxpresso_54114/inc" -O0 -g3 -Wall -c -fmessage-length=0 -fno-builtin -ffunction-sections -fdata-sections -fsingle-precision-constant -mcpu=cortex-m4 -mfpu=fpv4-sp-d16 -mfloat-abi=softfp -mthumb -specs=redlib.specs -MMD -MP -MF"src/crp.d" -MT"src/crp.o" -MT"src/crp.d" -o "src/crp.o" "../src/crp.c"
arm-none-eabi-gcc -DDEBUG -D__CODE_RED -DCORE_M4 -D__USE_LPCOPEN -D__LPC5411X__ -D__REDLIB__ -D__MULTICORE_MASTER -D__MULTICORE_MASTER_SLAVE_M0SLAVE -I"/home/harsh/LPC 54114/lpc_chip_5411x/inc" -I"/home/harsh/LPC 54114/lpc_board_lpcxpresso_54114/inc" -O0 -g3 -Wall -c -fmessage-length=0 -fno-builtin -ffunction-sections -fdata-sections -fsingle-precision-constant -mcpu=cortex-m4 -mfpu=fpv4-sp-d16 -mfloat-abi=softfp -mthumb -specs=redlib.specs -MMD -MP -MF"src/m4master_blinky.d" -MT"src/m4master_blinky.o" -MT"src/m4master_blinky.d" -o "src/m4master_blinky.o" "../src/m4master_blinky.c"
Invoking: MCU C Compiler
arm-none-eabi-gcc -DDEBUG -D__CODE_RED -DCORE_M4 -D__USE_LPCOPEN -D__LPC5411X__ -D__REDLIB__ -D__MULTICORE_MASTER -D__MULTICORE_MASTER_SLAVE_M0SLAVE -I"/home/harsh/LPC 54114/lpc_chip_5411x/inc" -I"/home/harsh/LPC 54114/lpc_board_lpcxpresso_54114/inc" -O0 -g3 -Wall -c -fmessage-length=0 -fno-builtin -ffunction-sections -fdata-sections -fsingle-precision-constant -mcpu=cortex-m4 -mfpu=fpv4-sp-d16 -mfloat-abi=softfp -mthumb -specs=redlib.specs -MMD -MP -MF"src/sysinit.d" -MT"src/sysinit.o" -MT"src/sysinit.d" -o "src/sysinit.o" "../src/sysinit.c"
Finished building: ../src/crp.c
 
Finished building: ../src/cr_startup_lpc5411x.c
 
Finished building: ../src/sysinit.c
 
Finished building: ../src/m4master_blinky.c
 
Building target: multicore_m4master_blinky.axf
Invoking: MCU Linker
arm-none-eabi-gcc -nostdlib -L"/home/harsh/LPC 54114/lpc_board_lpcxpresso_54114/Debug" -L"/home/harsh/LPC 54114/lpc_chip_5411x/Debug" -L"/home/harsh/LPC 54114/lpc_chip_5411x/libs" -Xlinker -Map="multicore_m4master_blinky.map" -Xlinker --gc-sections -mcpu=cortex-m4 -mfpu=fpv4-sp-d16 -mfloat-abi=softfp -mthumb -T "multicore_m4master_blinky_Debug.ld" -o "multicore_m4master_blinky.axf"  ./src/cr_startup_lpc5411x.o ./src/crp.o ./src/m4master_blinky.o ./src/sysinit.o  /home/harsh/LPC\ 54114/multicore_m0slave_blinky/Debug/multicore_m0slave_blinky.axf.o -llpc_board_lpcxpresso_54114 -llpc_chip_5411x -lpower
Finished building target: multicore_m4master_blinky.axf
 
make --no-print-directory post-build
Performing post-build steps
arm-none-eabi-size "multicore_m4master_blinky.axf"; # arm-none-eabi-objcopy -v -O binary "multicore_m4master_blinky.axf" "multicore_m4master_blinky.bin" ; # checksum -p LPC54114J256 -d "multicore_m4master_blinky.bin";
   text	   data	    bss	    dec	    hex	filename
  10804	      0	     24	  10828	   2a4c	multicore_m4master_blinky.axf
 

11:37:48 Build Finished (took 778ms)

