11:38:23 **** Build of configuration Debug for project periph_mrt ****
make -r -j8 all 
Building file: ../src/cr_startup_lpc5411x.c
Building file: ../src/crp.c
Building file: ../src/mrt.c
Building file: ../src/sysinit.c
Invoking: MCU C Compiler
Invoking: MCU C Compiler
arm-none-eabi-gcc -D__MULTICORE_NONE -D__USE_LPCOPEN -DCORE_M4 -D__CODE_RED -D__LPC5411X__ -D__REDLIB__ -DDEBUG -I"/home/harsh/LPC 54114/lpc_chip_5411x/inc" -I"/home/harsh/LPC 54114/lpc_board_lpcxpresso_54114/inc" -O0 -g3 -Wall -c -fmessage-length=0 -fno-builtin -ffunction-sections -fdata-sections -fsingle-precision-constant -mcpu=cortex-m4 -mfpu=fpv4-sp-d16 -mfloat-abi=softfp -mthumb -D__REDLIB__ -specs=redlib.specs -MMD -MP -MF"src/cr_startup_lpc5411x.d" -MT"src/cr_startup_lpc5411x.o" -MT"src/cr_startup_lpc5411x.d" -o "src/cr_startup_lpc5411x.o" "../src/cr_startup_lpc5411x.c"
Invoking: MCU C Compiler
arm-none-eabi-gcc -D__MULTICORE_NONE -D__USE_LPCOPEN -DCORE_M4 -D__CODE_RED -D__LPC5411X__ -D__REDLIB__ -DDEBUG -I"/home/harsh/LPC 54114/lpc_chip_5411x/inc" -I"/home/harsh/LPC 54114/lpc_board_lpcxpresso_54114/inc" -O0 -g3 -Wall -c -fmessage-length=0 -fno-builtin -ffunction-sections -fdata-sections -fsingle-precision-constant -mcpu=cortex-m4 -mfpu=fpv4-sp-d16 -mfloat-abi=softfp -mthumb -D__REDLIB__ -specs=redlib.specs -MMD -MP -MF"src/crp.d" -MT"src/crp.o" -MT"src/crp.d" -o "src/crp.o" "../src/crp.c"
Invoking: MCU C Compiler
arm-none-eabi-gcc -D__MULTICORE_NONE -D__USE_LPCOPEN -DCORE_M4 -D__CODE_RED -D__LPC5411X__ -D__REDLIB__ -DDEBUG -I"/home/harsh/LPC 54114/lpc_chip_5411x/inc" -I"/home/harsh/LPC 54114/lpc_board_lpcxpresso_54114/inc" -O0 -g3 -Wall -c -fmessage-length=0 -fno-builtin -ffunction-sections -fdata-sections -fsingle-precision-constant -mcpu=cortex-m4 -mfpu=fpv4-sp-d16 -mfloat-abi=softfp -mthumb -D__REDLIB__ -specs=redlib.specs -MMD -MP -MF"src/mrt.d" -MT"src/mrt.o" -MT"src/mrt.d" -o "src/mrt.o" "../src/mrt.c"
arm-none-eabi-gcc -D__MULTICORE_NONE -D__USE_LPCOPEN -DCORE_M4 -D__CODE_RED -D__LPC5411X__ -D__REDLIB__ -DDEBUG -I"/home/harsh/LPC 54114/lpc_chip_5411x/inc" -I"/home/harsh/LPC 54114/lpc_board_lpcxpresso_54114/inc" -O0 -g3 -Wall -c -fmessage-length=0 -fno-builtin -ffunction-sections -fdata-sections -fsingle-precision-constant -mcpu=cortex-m4 -mfpu=fpv4-sp-d16 -mfloat-abi=softfp -mthumb -D__REDLIB__ -specs=redlib.specs -MMD -MP -MF"src/sysinit.d" -MT"src/sysinit.o" -MT"src/sysinit.d" -o "src/sysinit.o" "../src/sysinit.c"
Finished building: ../src/crp.c
 
Finished building: ../src/cr_startup_lpc5411x.c
 
Finished building: ../src/sysinit.c
 
Finished building: ../src/mrt.c
 
Building target: periph_mrt.axf
Invoking: MCU Linker
arm-none-eabi-gcc -nostdlib -L"/home/harsh/LPC 54114/lpc_chip_5411x/libs" -L"/home/harsh/LPC 54114/lpc_chip_5411x/Debug" -L"/home/harsh/LPC 54114/lpc_board_lpcxpresso_54114/Debug" -Xlinker -Map="periph_mrt.map" -Xlinker --gc-sections -mcpu=cortex-m4 -mfpu=fpv4-sp-d16 -mfloat-abi=softfp -mthumb -T "periph_mrt_Debug.ld" -o "periph_mrt.axf"  ./src/cr_startup_lpc5411x.o ./src/crp.o ./src/mrt.o ./src/sysinit.o   -llpc_board_lpcxpresso_54114 -llpc_chip_5411x -lpower
Finished building target: periph_mrt.axf
 
make --no-print-directory post-build
Performing post-build steps
arm-none-eabi-size "periph_mrt.axf"; # arm-none-eabi-objcopy -v -O binary "periph_mrt.axf" "periph_mrt.bin" ; # checksum -p LPC54114J256 -d "periph_mrt.bin";
   text	   data	    bss	    dec	    hex	filename
   9440	      0	    516	   9956	   26e4	periph_mrt.axf
 

11:38:24 Build Finished (took 778ms)

