11:38:48 **** Build of configuration Debug for project periph_uart_dma ****
make -r -j8 all 
Building file: ../src/cr_startup_lpc5411x.c
Building file: ../src/crp.c
Building file: ../src/sysinit.c
Building file: ../src/uart_dma.c
Invoking: MCU C Compiler
arm-none-eabi-gcc -D__MULTICORE_NONE -D__USE_LPCOPEN -DCORE_M4 -D__CODE_RED -D__LPC5411X__ -D__REDLIB__ -DDEBUG -I"/home/harsh/LPC 54114/lpc_chip_5411x/inc" -I"/home/harsh/LPC 54114/lpc_board_lpcxpresso_54114/inc" -O0 -g3 -Wall -c -fmessage-length=0 -fno-builtin -ffunction-sections -fdata-sections -fsingle-precision-constant -mcpu=cortex-m4 -mfpu=fpv4-sp-d16 -mfloat-abi=softfp -mthumb -D__REDLIB__ -specs=redlib.specs -MMD -MP -MF"src/cr_startup_lpc5411x.d" -MT"src/cr_startup_lpc5411x.o" -MT"src/cr_startup_lpc5411x.d" -o "src/cr_startup_lpc5411x.o" "../src/cr_startup_lpc5411x.c"
Invoking: MCU C Compiler
arm-none-eabi-gcc -D__MULTICORE_NONE -D__USE_LPCOPEN -DCORE_M4 -D__CODE_RED -D__LPC5411X__ -D__REDLIB__ -DDEBUG -I"/home/harsh/LPC 54114/lpc_chip_5411x/inc" -I"/home/harsh/LPC 54114/lpc_board_lpcxpresso_54114/inc" -O0 -g3 -Wall -c -fmessage-length=0 -fno-builtin -ffunction-sections -fdata-sections -fsingle-precision-constant -mcpu=cortex-m4 -mfpu=fpv4-sp-d16 -mfloat-abi=softfp -mthumb -D__REDLIB__ -specs=redlib.specs -MMD -MP -MF"src/crp.d" -MT"src/crp.o" -MT"src/crp.d" -o "src/crp.o" "../src/crp.c"
Invoking: MCU C Compiler
Invoking: MCU C Compiler
arm-none-eabi-gcc -D__MULTICORE_NONE -D__USE_LPCOPEN -DCORE_M4 -D__CODE_RED -D__LPC5411X__ -D__REDLIB__ -DDEBUG -I"/home/harsh/LPC 54114/lpc_chip_5411x/inc" -I"/home/harsh/LPC 54114/lpc_board_lpcxpresso_54114/inc" -O0 -g3 -Wall -c -fmessage-length=0 -fno-builtin -ffunction-sections -fdata-sections -fsingle-precision-constant -mcpu=cortex-m4 -mfpu=fpv4-sp-d16 -mfloat-abi=softfp -mthumb -D__REDLIB__ -specs=redlib.specs -MMD -MP -MF"src/sysinit.d" -MT"src/sysinit.o" -MT"src/sysinit.d" -o "src/sysinit.o" "../src/sysinit.c"
arm-none-eabi-gcc -D__MULTICORE_NONE -D__USE_LPCOPEN -DCORE_M4 -D__CODE_RED -D__LPC5411X__ -D__REDLIB__ -DDEBUG -I"/home/harsh/LPC 54114/lpc_chip_5411x/inc" -I"/home/harsh/LPC 54114/lpc_board_lpcxpresso_54114/inc" -O0 -g3 -Wall -c -fmessage-length=0 -fno-builtin -ffunction-sections -fdata-sections -fsingle-precision-constant -mcpu=cortex-m4 -mfpu=fpv4-sp-d16 -mfloat-abi=softfp -mthumb -D__REDLIB__ -specs=redlib.specs -MMD -MP -MF"src/uart_dma.d" -MT"src/uart_dma.o" -MT"src/uart_dma.d" -o "src/uart_dma.o" "../src/uart_dma.c"
Finished building: ../src/crp.c
 
Finished building: ../src/cr_startup_lpc5411x.c
 
Finished building: ../src/sysinit.c
 
Finished building: ../src/uart_dma.c
 
Building target: periph_uart_dma.axf
Invoking: MCU Linker
arm-none-eabi-gcc -nostdlib -L"/home/harsh/LPC 54114/lpc_chip_5411x/libs" -L"/home/harsh/LPC 54114/lpc_chip_5411x/Debug" -L"/home/harsh/LPC 54114/lpc_board_lpcxpresso_54114/Debug" -Xlinker -Map="periph_uart_dma.map" -Xlinker --gc-sections -mcpu=cortex-m4 -mfpu=fpv4-sp-d16 -mfloat-abi=softfp -mthumb -T "periph_uart_rb_Debug.ld" -o "periph_uart_dma.axf"  ./src/cr_startup_lpc5411x.o ./src/crp.o ./src/sysinit.o ./src/uart_dma.o   -llpc_board_lpcxpresso_54114 -llpc_chip_5411x -lpower
Finished building target: periph_uart_dma.axf
 
make --no-print-directory post-build
Performing post-build steps
arm-none-eabi-size "periph_uart_dma.axf"; # arm-none-eabi-objcopy -v -O binary "periph_uart_dma.axf" "periph_uart_dma.bin" ; # checksum -p LPC54114J256 -d "periph_uart_dma.bin";
   text	   data	    bss	    dec	    hex	filename
  10640	      4	   1344	  11988	   2ed4	periph_uart_dma.axf
 

11:38:48 Build Finished (took 779ms)

