11:37:53 **** Build of configuration Debug for project periph_blinky_color ****
make -r -j8 all 
Building file: ../src/blinky_color.c
Building file: ../src/cr_startup_lpc5411x.c
Building file: ../src/crp.c
Building file: ../src/sysinit.c
Invoking: MCU C Compiler
arm-none-eabi-gcc -D__MULTICORE_NONE -D__USE_LPCOPEN -DCORE_M4 -D__CODE_RED -D__LPC5411X__ -D__REDLIB__ -DDEBUG -I"/home/harsh/LPC 54114/lpc_chip_5411x/inc" -I"/home/harsh/LPC 54114/lpc_board_lpcxpresso_54114/inc" -O0 -g3 -Wall -c -fmessage-length=0 -fno-builtin -ffunction-sections -fdata-sections -fsingle-precision-constant -mcpu=cortex-m4 -mfpu=fpv4-sp-d16 -mfloat-abi=softfp -mthumb -D__REDLIB__ -specs=redlib.specs -MMD -MP -MF"src/blinky_color.d" -MT"src/blinky_color.o" -MT"src/blinky_color.d" -o "src/blinky_color.o" "../src/blinky_color.c"
Invoking: MCU C Compiler
Invoking: MCU C Compiler
arm-none-eabi-gcc -D__MULTICORE_NONE -D__USE_LPCOPEN -DCORE_M4 -D__CODE_RED -D__LPC5411X__ -D__REDLIB__ -DDEBUG -I"/home/harsh/LPC 54114/lpc_chip_5411x/inc" -I"/home/harsh/LPC 54114/lpc_board_lpcxpresso_54114/inc" -O0 -g3 -Wall -c -fmessage-length=0 -fno-builtin -ffunction-sections -fdata-sections -fsingle-precision-constant -mcpu=cortex-m4 -mfpu=fpv4-sp-d16 -mfloat-abi=softfp -mthumb -D__REDLIB__ -specs=redlib.specs -MMD -MP -MF"src/cr_startup_lpc5411x.d" -MT"src/cr_startup_lpc5411x.o" -MT"src/cr_startup_lpc5411x.d" -o "src/cr_startup_lpc5411x.o" "../src/cr_startup_lpc5411x.c"
Invoking: MCU C Compiler
arm-none-eabi-gcc -D__MULTICORE_NONE -D__USE_LPCOPEN -DCORE_M4 -D__CODE_RED -D__LPC5411X__ -D__REDLIB__ -DDEBUG -I"/home/harsh/LPC 54114/lpc_chip_5411x/inc" -I"/home/harsh/LPC 54114/lpc_board_lpcxpresso_54114/inc" -O0 -g3 -Wall -c -fmessage-length=0 -fno-builtin -ffunction-sections -fdata-sections -fsingle-precision-constant -mcpu=cortex-m4 -mfpu=fpv4-sp-d16 -mfloat-abi=softfp -mthumb -D__REDLIB__ -specs=redlib.specs -MMD -MP -MF"src/crp.d" -MT"src/crp.o" -MT"src/crp.d" -o "src/crp.o" "../src/crp.c"
arm-none-eabi-gcc -D__MULTICORE_NONE -D__USE_LPCOPEN -DCORE_M4 -D__CODE_RED -D__LPC5411X__ -D__REDLIB__ -DDEBUG -I"/home/harsh/LPC 54114/lpc_chip_5411x/inc" -I"/home/harsh/LPC 54114/lpc_board_lpcxpresso_54114/inc" -O0 -g3 -Wall -c -fmessage-length=0 -fno-builtin -ffunction-sections -fdata-sections -fsingle-precision-constant -mcpu=cortex-m4 -mfpu=fpv4-sp-d16 -mfloat-abi=softfp -mthumb -D__REDLIB__ -specs=redlib.specs -MMD -MP -MF"src/sysinit.d" -MT"src/sysinit.o" -MT"src/sysinit.d" -o "src/sysinit.o" "../src/sysinit.c"
Finished building: ../src/crp.c
 
Finished building: ../src/cr_startup_lpc5411x.c
 
Finished building: ../src/sysinit.c
Finished building: ../src/blinky_color.c
 
 
Building target: periph_blinky_color.axf
Invoking: MCU Linker
arm-none-eabi-gcc -nostdlib -L"/home/harsh/LPC 54114/lpc_chip_5411x/libs" -L"/home/harsh/LPC 54114/lpc_chip_5411x/Debug" -L"/home/harsh/LPC 54114/lpc_board_lpcxpresso_54114/Debug" -Xlinker -Map="periph_blinky_color.map" -Xlinker --gc-sections -mcpu=cortex-m4 -mfpu=fpv4-sp-d16 -mfloat-abi=softfp -mthumb -T "periph_blinky_Debug.ld" -o "periph_blinky_color.axf"  ./src/blinky_color.o ./src/cr_startup_lpc5411x.o ./src/crp.o ./src/sysinit.o   -llpc_board_lpcxpresso_54114 -llpc_chip_5411x -lpower
Finished building target: periph_blinky_color.axf
 
make --no-print-directory post-build
Performing post-build steps
arm-none-eabi-size "periph_blinky_color.axf"; # arm-none-eabi-objcopy -v -O binary "periph_blinky_color.axf" "periph_blinky_color.bin" ; # checksum -p LPC54114J256 -d "periph_blinky_color.bin";
   text	   data	    bss	    dec	    hex	filename
   8724	      0	    504	   9228	   240c	periph_blinky_color.axf
 

11:37:54 Build Finished (took 728ms)

